12:02:32.452 [main                     ] DEBUG Logger               - Configured Logger
12:02:32.461 [main                     ] DEBUG GameApplication      - Logging settings
Title: Overtale
Version: 0.1
Width: 800
Height: 600
Fullscreen: true
Intro: false
Profiling: false
Single step:false
App Mode: DEVELOPER
Menu Key: ESCAPE
Stage Style: DECORATED
Scene Factory: class com.almasb.fxgl.app.scene.SceneFactory

12:02:32.700 [JavaFX Application Thread] DEBUG FXGLApplication      - Initializing FXGL
12:02:32.703 [JavaFX Application Thread] INFO  Engine               - FXGL-17.3 (30.03.2023 11.49) on LINUX (J:25.0.2 FX:21.0.6)
12:02:32.703 [JavaFX Application Thread] DEBUG Engine               - JRE Vendor Name: Microsoft
12:02:32.703 [JavaFX Application Thread] DEBUG Engine               - Running on OS: Linux version 7.0.1-1-cachyos
12:02:32.703 [JavaFX Application Thread] DEBUG Engine               - Architecture: amd64
12:02:32.703 [JavaFX Application Thread] INFO  Engine               - Source code and latest versions at: https://github.com/AlmasB/FXGL
12:02:32.703 [JavaFX Application Thread] INFO  Engine               -       Ask questions and discuss at: https://github.com/AlmasB/FXGL/discussions
12:02:32.704 [JavaFX Application Thread] INFO  Engine               -              Join the FXGL chat at: https://gitter.im/AlmasB/FXGL
12:02:32.790 [JavaFX Application Thread] DEBUG PrimaryStageWindow   - Creating a JavaFX scene
12:02:32.893 [JavaFX Application Thread] DEBUG PrimaryStageWindow   - Target settings size: 800.0 x 600.0
12:02:32.894 [JavaFX Application Thread] DEBUG PrimaryStageWindow   - Scaled scene size:    800.0 x 600.0
12:02:32.894 [JavaFX Application Thread] DEBUG PrimaryStageWindow   - Scaled ratio: (1.0, 1.0)
12:02:32.895 [JavaFX Application Thread] DEBUG PrimaryStageWindow   - Set initial scene to FXGLStartupScene
12:02:32.900 [JavaFX Application Thread] DEBUG PrimaryStageWindow   - Opening main window
12:02:32.958 [JavaFX Application Thread] DEBUG PrimaryStageWindow   - Window border size: (0.0, 35.0)
12:02:32.958 [JavaFX Application Thread] DEBUG PrimaryStageWindow   - Scaled size: 800.0 x 565.0
12:02:32.958 [JavaFX Application Thread] DEBUG PrimaryStageWindow   - Scaled ratio: (1.0, 0.9416666666666667)
12:02:32.958 [JavaFX Application Thread] DEBUG PrimaryStageWindow   - Scene size: 800.0 x 600.0
12:02:32.958 [JavaFX Application Thread] DEBUG PrimaryStageWindow   - Stage size: 800.0 x 600.0
12:02:32.959 [JavaFX Application Thread] DEBUG PrimaryStageWindow   - Going fullscreen
12:02:32.965 [FXGL Background Thread 1 ] DEBUG Engine               - Initializing environment variables
12:02:33.000 [FXGL Background Thread 1 ] DEBUG FXGLAssetLoaderServi - User app class for loading assets: class at.htl.overtale.GameApp
12:02:33.000 [FXGL Background Thread 1 ] DEBUG GameApplicationServi - Applying CSS: fxgl_dark.css
12:02:33.001 [FXGL Background Thread 1 ] DEBUG FXGLAssetLoaderServi - Loading from file system: jar:file:///home/raphi/.m2/repository/com/github/almasb/fxgl/17.3/fxgl-17.3.jar!/fxglassets/ui/css/fxgl_dark.css
12:02:33.044 [FXGL Background Thread 1 ] DEBUG GameApplicationServi - Initializing application scenes
12:02:33.083 [FXGL Background Thread 1 ] DEBUG GameWorld            - Game world initialized
12:02:33.121 [FXGL Background Thread 1 ] DEBUG PhysicsWorld         - Physics world initialized: appHeight=600, physics.ppm=50.0
12:02:33.122 [FXGL Background Thread 1 ] DEBUG PhysicsWorld         - Using strategy: BRUTE_FORCE
12:02:33.125 [FXGL Background Thread 1 ] DEBUG GameScene            - Game scene initialized: 800x600
12:02:33.132 [FXGL Background Thread 1 ] DEBUG FXGL.DefaultMenu     - createMenuBodyGameMenu()
12:02:33.142 [FXGL Background Thread 1 ] DEBUG FXGL.DefaultMenu     - createOptionsMenu()
12:02:33.148 [FXGL Background Thread 1 ] DEBUG FXGLAssetLoaderServi - Loading from file system: jar:file:///home/raphi/.m2/repository/com/github/almasb/fxgl/17.3/fxgl-17.3.jar!/fxglassets/textures/particles/smoke.png
12:02:33.221 [FXGL Background Thread 1 ] DEBUG FXGLAssetLoaderServi - Loading from file system: jar:file:///home/raphi/.m2/repository/com/github/almasb/fxgl/17.3/fxgl-17.3.jar!/fxglassets/textures/particles/trace_horizontal.png
12:02:33.250 [FXGL Background Thread 1 ] DEBUG GameApplicationServi - Application scenes initialized
12:02:33.259 [FXGL Background Thread 1 ] DEBUG SystemBundleService  - Loading FXGL system data
12:02:33.260 [FXGL Background Thread 1 ] DEBUG FileSystemAccess     - Reading from: /home/raphi/Documents/POS/Overtale/system/fxgl.bundle
12:02:33.261 [FXGL Background Thread 1 ] DEBUG SystemBundleService  - Bundle FXGL: {}
12:02:33.262 [FXGL Background Thread 1 ] DEBUG UpdaterService       - Checking for updates
12:02:33.265 [FXGL Background Thread 4 ] DEBUG FXGLApplication      - Loading fonts
12:02:33.265 [FXGL Background Thread 4 ] DEBUG FXGLAssetLoaderServi - Loading from file system: jar:file:///home/raphi/.m2/repository/com/github/almasb/fxgl/17.3/fxgl-17.3.jar!/fxglassets/ui/fonts/VarelaRound-Regular.ttf
12:02:33.265 [FXGL Background Thread 1 ] DEBUG FXGLApplication      - Loading default localization
12:02:33.266 [FXGL Background Thread 1 ] DEBUG FXGLAssetLoaderServi - Loading from file system: jar:file:///home/raphi/.m2/repository/com/github/almasb/fxgl/17.3/fxgl-17.3.jar!/fxglassets/languages/english.lang
12:02:33.269 [FXGL Background Thread 4 ] DEBUG FXGLAssetLoaderServi - Loading from file system: jar:file:///home/raphi/.m2/repository/com/github/almasb/fxgl/17.3/fxgl-17.3.jar!/fxglassets/ui/fonts/Abel-Regular.ttf
12:02:33.270 [FXGL Background Thread 4 ] DEBUG FXGLAssetLoaderServi - Loading from file system: jar:file:///home/raphi/.m2/repository/com/github/almasb/fxgl/17.3/fxgl-17.3.jar!/fxglassets/ui/fonts/TerminalLandMono-Regular.otf
12:02:33.271 [FXGL Background Thread 4 ] DEBUG FXGLAssetLoaderServi - Loading from file system: jar:file:///home/raphi/.m2/repository/com/github/almasb/fxgl/17.3/fxgl-17.3.jar!/fxglassets/ui/fonts/Courier-Prime.ttf
12:02:33.274 [JavaFX Application Thread] DEBUG FXGLApplication      - Registering font factories with UI factory
12:02:33.277 [FXGL Background Thread 1 ] INFO  FXGLApplication      - FXGL initialization took: 0.312 sec
12:02:33.286 [JavaFX Application Thread] DEBUG Input                - Registered new binding: action0 - W
12:02:33.287 [JavaFX Application Thread] DEBUG Input                - Registered new binding: action1 - S
12:02:33.287 [JavaFX Application Thread] DEBUG Input                - Registered new binding: action2 - D
12:02:33.287 [JavaFX Application Thread] DEBUG Input                - Registered new binding: action3 - A
12:02:33.288 [JavaFX Application Thread] DEBUG Input                - Registered new binding: action4 - Up
12:02:33.288 [JavaFX Application Thread] DEBUG Input                - Registered new binding: action5 - Down
12:02:33.289 [JavaFX Application Thread] DEBUG Input                - Registered new binding: action6 - Left
12:02:33.289 [JavaFX Application Thread] DEBUG Input                - Registered new binding: action7 - Right
12:02:33.289 [JavaFX Application Thread] DEBUG Input                - Registered new binding: action8 - X
12:02:33.290 [JavaFX Application Thread] DEBUG Input                - Registered new binding: action9 - Q
12:02:33.290 [JavaFX Application Thread] DEBUG Input                - Registered new binding: action10 - Z
12:02:33.290 [JavaFX Application Thread] DEBUG Input                - Registered new binding: action11 - E
12:02:33.290 [JavaFX Application Thread] DEBUG FXGLAssetLoaderServi - Loading from file system: jar:file:///home/raphi/.m2/repository/com/github/almasb/fxgl/17.3/fxgl-17.3.jar!/fxglassets/textures/fxgl_icon.png
12:02:33.327 [JavaFX Application Thread] DEBUG FXGLAssetLoaderServi - Loading from file system: jar:file:///home/raphi/.m2/repository/com/github/almasb/fxgl/17.3/fxgl-17.3.jar!/fxglassets/textures/fxgl_default_cursor.png
12:02:33.329 [JavaFX Application Thread] DEBUG Input                - Registered new binding: Screenshot - CTRL+8
12:02:33.329 [JavaFX Application Thread] DEBUG Input                - Registered new binding: System info dump - CTRL+9
12:02:33.329 [JavaFX Application Thread] DEBUG Input                - Registered new binding: Restart - CTRL+R
12:02:33.329 [JavaFX Application Thread] DEBUG Input                - Registered new binding: Toggle Debug Camera - CTRL+7
12:02:33.331 [JavaFX Application Thread] DEBUG LoopRunner           - Starting loop
12:02:33.331 [JavaFX Application Thread] DEBUG LoopRunner           - Initializing JavaFX AnimationTimerLoop
12:02:33.332 [JavaFX Application Thread] DEBUG GameApplicationServi - Starting new game
12:02:33.332 [JavaFX Application Thread] DEBUG Input                - Clearing active input actions
12:02:33.340 [JavaFX Application Thread] DEBUG GameApplicationServi - Removing overlay from FXGLStartupScene and adding to FXGLLoadingScene
12:02:33.340 [JavaFX Application Thread] DEBUG PrimaryStageWindow   - FXGLStartupScene -> FXGLLoadingScene
12:02:33.340 [JavaFX Application Thread] DEBUG GameApplicationServi - Clearing previous game
12:02:33.340 [JavaFX Application Thread] DEBUG GameScene            - Clearing game scene
12:02:33.340 [JavaFX Application Thread] DEBUG GameWorld            - Clearing game world
12:02:33.340 [JavaFX Application Thread] DEBUG PhysicsWorld         - Clearing physics world
12:02:33.342 [FXGL Background Thread 1 ] DEBUG FXGLApplication      - Initializing game
12:02:33.385 [FXGL Background Thread 1 ] WARN  TMXLevelLoader       - TiledMap generated from 1.12.1. Supported version: 1.9.0. Some features may not be parsed fully.
12:02:33.392 [FXGL Background Thread 1 ] DEBUG TMXLevelLoader       - Parsed TiledMap: file:/home/raphi/Documents/POS/Overtale/target/classes/assets/levels/TestMap1.tmx
12:02:33.393 [FXGL Background Thread 1 ] DEBUG TMXLevelLoader       - Creating tile layer entities
12:02:33.394 [FXGL Background Thread 1 ] DEBUG TilesetLoader        - Loading view for layer Tile Layer 1
12:02:33.395 [FXGL Background Thread 1 ] DEBUG TilesetLoader        - Created buffer with size 960.0x960.0
12:02:33.397 [FXGL Background Thread 1 ] DEBUG TilesetLoader        - Loading view for layer path_layer
12:02:33.397 [FXGL Background Thread 1 ] DEBUG TilesetLoader        - Created buffer with size 960.0x960.0
12:02:33.400 [FXGL Background Thread 1 ] DEBUG TMXLevelLoader       - Creating object layer entities
12:02:33.401 [FXGL Background Thread 1 ] DEBUG GameWorld            - Clearing removable entities
12:02:33.401 [FXGL Background Thread 1 ] DEBUG GameWorld            - Setting level: com.almasb.fxgl.entity.level.Level@12c209d8
12:02:33.432 [FXGL Background Thread 1 ] INFO  FXGLApplication      - Game initialization took: 0.090 sec
12:02:33.437 [JavaFX Application Thread] DEBUG Input                - Clearing active input actions
12:02:33.448 [JavaFX Application Thread] DEBUG GameApplicationServi - Removing overlay from FXGLLoadingScene and adding to GameScene
12:02:33.448 [JavaFX Application Thread] DEBUG PrimaryStageWindow   - FXGLLoadingScene -> GameScene
12:02:33.812 [FXGL Background Thread 2 ] INFO  UpdaterService       - Your current version:  17.3
12:02:33.812 [FXGL Background Thread 2 ] INFO  UpdaterService       - Latest stable version: 25
12:02:36.264 [FXGL Background Thread 3 ] DEBUG Engine               - Logging environment variables
12:02:36.264 [FXGL Background Thread 3 ] DEBUG Engine               - achievements: []
12:02:36.264 [FXGL Background Thread 3 ] DEBUG Engine               - actualHeight: 600.0
12:02:36.265 [FXGL Background Thread 3 ] DEBUG Engine               - actualHeightProperty: ReadOnlyDoubleProperty [value: 1080.0]
12:02:36.265 [FXGL Background Thread 3 ] DEBUG Engine               - actualWidth: 800.0
12:02:36.265 [FXGL Background Thread 3 ] DEBUG Engine               - actualWidthProperty: ReadOnlyDoubleProperty [value: 1920.0]
12:02:36.265 [FXGL Background Thread 3 ] DEBUG Engine               - appIcon: fxgl_icon.png
12:02:36.265 [FXGL Background Thread 3 ] DEBUG Engine               - applicationMode: DEVELOPER
12:02:36.265 [FXGL Background Thread 3 ] DEBUG Engine               - cSSList: [fxgl_dark.css]
12:02:36.265 [FXGL Background Thread 3 ] DEBUG Engine               - collisionDetectionStrategy: BRUTE_FORCE
12:02:36.265 [FXGL Background Thread 3 ] DEBUG Engine               - configClass: Optional.empty
12:02:36.265 [FXGL Background Thread 3 ] DEBUG Engine               - credits: []
12:02:36.265 [FXGL Background Thread 3 ] DEBUG Engine               - defaultCursor: CursorInfo(imageName=fxgl_default_cursor.png, hotspotX=7.0, hotspotY=6.0)
12:02:36.265 [FXGL Background Thread 3 ] DEBUG Engine               - devBBoxColorProperty: ObjectProperty [value: 0xff0000ff]
12:02:36.265 [FXGL Background Thread 3 ] DEBUG Engine               - devEnableDebugCameraProperty: BooleanProperty [value: false]
12:02:36.265 [FXGL Background Thread 3 ] DEBUG Engine               - devSensorColorProperty: ObjectProperty [value: 0xffff00ff]
12:02:36.265 [FXGL Background Thread 3 ] DEBUG Engine               - devShowBBoxProperty: BooleanProperty [value: false]
12:02:36.266 [FXGL Background Thread 3 ] DEBUG Engine               - devShowPositionProperty: BooleanProperty [value: false]
12:02:36.266 [FXGL Background Thread 3 ] DEBUG Engine               - enabledMenuItems: []
12:02:36.266 [FXGL Background Thread 3 ] DEBUG Engine               - engineServices: [class com.almasb.fxgl.app.services.FXGLAssetLoaderService, class com.almasb.fxgl.app.FXGLApplication$GameApplicationService, class com.almasb.fxgl.app.services.FXGLDialogService, class com.almasb.fxgl.app.services.IOTaskExecutorService, class com.almasb.fxgl.io.FileSystemService, class com.almasb.fxgl.localization.LocalizationService, class com.almasb.fxgl.app.services.SystemBundleService, class com.almasb.fxgl.profile.SaveLoadService, class com.almasb.fxgl.ui.FXGLUIFactoryServiceProvider, class com.almasb.fxgl.ui.FXGLDialogFactoryServiceProvider, class com.almasb.fxgl.audio.AudioPlayer, class com.almasb.fxgl.notification.impl.NotificationServiceProvider, class com.almasb.fxgl.achievement.AchievementService, class com.almasb.fxgl.cutscene.CutsceneService, class com.almasb.fxgl.minigames.MiniGameService, class com.almasb.fxgl.net.NetService, class com.almasb.fxgl.app.services.UpdaterService, class com.almasb.fxgl.dev.DevService]
12:02:36.266 [FXGL Background Thread 3 ] DEBUG Engine               - fontGame: Abel-Regular.ttf
12:02:36.266 [FXGL Background Thread 3 ] DEBUG Engine               - fontMono: TerminalLandMono-Regular.otf
12:02:36.266 [FXGL Background Thread 3 ] DEBUG Engine               - fontSizeScaleUI: 1.0
12:02:36.266 [FXGL Background Thread 3 ] DEBUG Engine               - fontText: Courier-Prime.ttf
12:02:36.266 [FXGL Background Thread 3 ] DEBUG Engine               - fontUI: VarelaRound-Regular.ttf
12:02:36.266 [FXGL Background Thread 3 ] DEBUG Engine               - fullScreen: BooleanProperty [value: true]
12:02:36.266 [FXGL Background Thread 3 ] DEBUG Engine               - gameDifficulty: MEDIUM
12:02:36.266 [FXGL Background Thread 3 ] DEBUG Engine               - gameDifficultyProperty: ObjectProperty [value: MEDIUM]
12:02:36.266 [FXGL Background Thread 3 ] DEBUG Engine               - globalMusicVolume: 0.5
12:02:36.266 [FXGL Background Thread 3 ] DEBUG Engine               - globalMusicVolumeProperty: DoubleProperty [value: 0.5]
12:02:36.266 [FXGL Background Thread 3 ] DEBUG Engine               - globalSoundVolume: 0.5
12:02:36.266 [FXGL Background Thread 3 ] DEBUG Engine               - globalSoundVolumeProperty: DoubleProperty [value: 0.5]
12:02:36.266 [FXGL Background Thread 3 ] DEBUG Engine               - height: 600
12:02:36.266 [FXGL Background Thread 3 ] DEBUG Engine               - is3D: false
12:02:36.266 [FXGL Background Thread 3 ] DEBUG Engine               - isAndroid: false
12:02:36.267 [FXGL Background Thread 3 ] DEBUG Engine               - isBrowser: false
12:02:36.267 [FXGL Background Thread 3 ] DEBUG Engine               - isClickFeedbackEnabled: false
12:02:36.267 [FXGL Background Thread 3 ] DEBUG Engine               - isCloseConfirmation: false
12:02:36.267 [FXGL Background Thread 3 ] DEBUG Engine               - isDesktop: true
12:02:36.267 [FXGL Background Thread 3 ] DEBUG Engine               - isDeveloperMenuEnabled: false
12:02:36.267 [FXGL Background Thread 3 ] DEBUG Engine               - isEmbedded: false
12:02:36.267 [FXGL Background Thread 3 ] DEBUG Engine               - isEntityPreloadEnabled: true
12:02:36.267 [FXGL Background Thread 3 ] DEBUG Engine               - isExperimentalTiledLargeMap: false
12:02:36.267 [FXGL Background Thread 3 ] DEBUG Engine               - isFileSystemWriteAllowed: true
12:02:36.267 [FXGL Background Thread 3 ] DEBUG Engine               - isFullScreenAllowed: true
12:02:36.267 [FXGL Background Thread 3 ] DEBUG Engine               - isFullScreenFromStart: true
12:02:36.267 [FXGL Background Thread 3 ] DEBUG Engine               - isGameMenuEnabled: true
12:02:36.267 [FXGL Background Thread 3 ] DEBUG Engine               - isIOS: false
12:02:36.267 [FXGL Background Thread 3 ] DEBUG Engine               - isIntroEnabled: false
12:02:36.267 [FXGL Background Thread 3 ] DEBUG Engine               - isLinux: true
12:02:36.267 [FXGL Background Thread 3 ] DEBUG Engine               - isMac: false
12:02:36.267 [FXGL Background Thread 3 ] DEBUG Engine               - isMainMenuEnabled: false
12:02:36.267 [FXGL Background Thread 3 ] DEBUG Engine               - isManualResizeEnabled: false
12:02:36.267 [FXGL Background Thread 3 ] DEBUG Engine               - isMobile: false
12:02:36.267 [FXGL Background Thread 3 ] DEBUG Engine               - isNative: false
12:02:36.267 [FXGL Background Thread 3 ] DEBUG Engine               - isPauseMusicWhenMinimized: true
12:02:36.267 [FXGL Background Thread 3 ] DEBUG Engine               - isPreserveResizeRatio: false
12:02:36.267 [FXGL Background Thread 3 ] DEBUG Engine               - isProfilingEnabled: false
12:02:36.267 [FXGL Background Thread 3 ] DEBUG Engine               - isScaleAffectedOnResize: true
12:02:36.267 [FXGL Background Thread 3 ] DEBUG Engine               - isSingleStep: false
12:02:36.267 [FXGL Background Thread 3 ] DEBUG Engine               - isUserProfileEnabled: false
12:02:36.268 [FXGL Background Thread 3 ] DEBUG Engine               - isWindows: false
12:02:36.268 [FXGL Background Thread 3 ] DEBUG Engine               - language: ObjectProperty [value: ENGLISH]
12:02:36.268 [FXGL Background Thread 3 ] DEBUG Engine               - menuKey: ESCAPE
12:02:36.268 [FXGL Background Thread 3 ] DEBUG Engine               - mouseSensitivity: 0.2
12:02:36.268 [FXGL Background Thread 3 ] DEBUG Engine               - notificationViewClass: class com.almasb.fxgl.notification.view.XboxNotificationView
12:02:36.268 [FXGL Background Thread 3 ] DEBUG Engine               - pixelsPerMeter: 50.0
12:02:36.268 [FXGL Background Thread 3 ] DEBUG Engine               - platform: LINUX
12:02:36.268 [FXGL Background Thread 3 ] DEBUG Engine               - prefHeightProperty: ReadOnlyDoubleProperty [value: 600.0]
12:02:36.268 [FXGL Background Thread 3 ] DEBUG Engine               - prefWidthProperty: ReadOnlyDoubleProperty [value: 800.0]
12:02:36.268 [FXGL Background Thread 3 ] DEBUG Engine               - profileDir: profiles/
12:02:36.268 [FXGL Background Thread 3 ] DEBUG Engine               - profileName: StringProperty [value: DEFAULT]
12:02:36.268 [FXGL Background Thread 3 ] DEBUG Engine               - randomSeed: -1
12:02:36.268 [FXGL Background Thread 3 ] DEBUG Engine               - runtimeInfo: RuntimeInfo(platform=LINUX, version=17.3, build=30.03.2023 11.49)
12:02:36.269 [FXGL Background Thread 3 ] DEBUG Engine               - saveFileExt: sav
12:02:36.269 [FXGL Background Thread 3 ] DEBUG Engine               - scaledHeightProp$fxgl: DoubleProperty [bound, value: 1080.0]
12:02:36.269 [FXGL Background Thread 3 ] DEBUG Engine               - scaledWidthProp$fxgl: DoubleProperty [bound, value: 1920.0]
12:02:36.269 [FXGL Background Thread 3 ] DEBUG Engine               - sceneFactory: com.almasb.fxgl.app.scene.SceneFactory@79996a6
12:02:36.269 [FXGL Background Thread 3 ] DEBUG Engine               - secondsIn24h: 60
12:02:36.269 [FXGL Background Thread 3 ] DEBUG Engine               - soundMenuBack: menu/back.wav
12:02:36.269 [FXGL Background Thread 3 ] DEBUG Engine               - soundMenuPress: menu/press.wav
12:02:36.269 [FXGL Background Thread 3 ] DEBUG Engine               - soundMenuSelect: menu/select.wav
12:02:36.269 [FXGL Background Thread 3 ] DEBUG Engine               - soundNotification: core/notification.wav
12:02:36.269 [FXGL Background Thread 3 ] DEBUG Engine               - stageStyle: DECORATED
12:02:36.269 [FXGL Background Thread 3 ] DEBUG Engine               - supportedLanguages: [ENGLISH, FRENCH, GERMAN, HUNGARIAN, RUSSIAN]
12:02:36.269 [FXGL Background Thread 3 ] DEBUG Engine               - ticksPerSecond: -1
12:02:36.269 [FXGL Background Thread 3 ] DEBUG Engine               - title: Overtale
12:02:36.269 [FXGL Background Thread 3 ] DEBUG Engine               - urlGithub: https://github.com/AlmasB/FXGL
12:02:36.269 [FXGL Background Thread 3 ] DEBUG Engine               - urlLeaderboard: http://fxgl-top.herokuapp.com/
12:02:36.269 [FXGL Background Thread 3 ] DEBUG Engine               - urlPOM: https://raw.githubusercontent.com/AlmasB/FXGL/release/README.md
12:02:36.269 [FXGL Background Thread 3 ] DEBUG Engine               - userAppClass: class at.htl.overtale.GameApp
12:02:36.269 [FXGL Background Thread 3 ] DEBUG Engine               - version: 0.1
12:02:36.269 [FXGL Background Thread 3 ] DEBUG Engine               - versionCheckDays: 7
12:02:36.270 [FXGL Background Thread 3 ] DEBUG Engine               - width: 800
12:02:36.270 [FXGL Background Thread 3 ] DEBUG Engine               - Logging services
12:02:36.270 [FXGL Background Thread 3 ] DEBUG Engine               - class com.almasb.fxgl.app.services.FXGLAssetLoaderService
12:02:36.270 [FXGL Background Thread 3 ] DEBUG Engine               - class com.almasb.fxgl.app.FXGLApplication$GameApplicationService
12:02:36.270 [FXGL Background Thread 3 ] DEBUG Engine               - class com.almasb.fxgl.app.services.FXGLDialogService
12:02:36.270 [FXGL Background Thread 3 ] DEBUG Engine               - class com.almasb.fxgl.app.services.IOTaskExecutorService
12:02:36.270 [FXGL Background Thread 3 ] DEBUG Engine               - class com.almasb.fxgl.io.FileSystemService
12:02:36.270 [FXGL Background Thread 3 ] DEBUG Engine               - class com.almasb.fxgl.localization.LocalizationService
12:02:36.270 [FXGL Background Thread 3 ] DEBUG Engine               - class com.almasb.fxgl.app.services.SystemBundleService
12:02:36.270 [FXGL Background Thread 3 ] DEBUG Engine               - class com.almasb.fxgl.profile.SaveLoadService
12:02:36.270 [FXGL Background Thread 3 ] DEBUG Engine               - class com.almasb.fxgl.ui.FXGLUIFactoryServiceProvider
12:02:36.270 [FXGL Background Thread 3 ] DEBUG Engine               - class com.almasb.fxgl.ui.FXGLDialogFactoryServiceProvider
12:02:36.270 [FXGL Background Thread 3 ] DEBUG Engine               - class com.almasb.fxgl.audio.AudioPlayer
12:02:36.270 [FXGL Background Thread 3 ] DEBUG Engine               - class com.almasb.fxgl.notification.impl.NotificationServiceProvider
12:02:36.270 [FXGL Background Thread 3 ] DEBUG Engine               - class com.almasb.fxgl.achievement.AchievementService
12:02:36.270 [FXGL Background Thread 3 ] DEBUG Engine               - class com.almasb.fxgl.cutscene.CutsceneService
12:02:36.270 [FXGL Background Thread 3 ] DEBUG Engine               - class com.almasb.fxgl.minigames.MiniGameService
12:02:36.270 [FXGL Background Thread 3 ] DEBUG Engine               - class com.almasb.fxgl.net.NetService
12:02:36.270 [FXGL Background Thread 3 ] DEBUG Engine               - class com.almasb.fxgl.app.services.UpdaterService
12:02:36.271 [FXGL Background Thread 3 ] DEBUG Engine               - class com.almasb.fxgl.dev.DevService
12:04:03.534 [JavaFX Application Thread] DEBUG LoopRunner           - Stopping loop
12:04:03.535 [JavaFX Application Thread] FATAL FXGLApplication      - Uncaught Exception:
java.lang.IllegalArgumentException: Component BossComponent not found!
	at com.almasb.fxgl.entity@17.3/com.almasb.fxgl.entity.Entity.getComponent(Entity.java:366)
	at at.htl.overtale@1.0-SNAPSHOT/at.htl.overtale.GameApp.getNearbyBoss(GameApp.java:596)
	at at.htl.overtale@1.0-SNAPSHOT/at.htl.overtale.GameApp.lambda$initInput$12(GameApp.java:224)
	at com.almasb.fxgl.all@17.3/com.almasb.fxgl.dsl.FXGL$Companion$onKeyDown$1.onActionBegin(FXGL.kt:488)
	at com.almasb.fxgl.core@17.3/com.almasb.fxgl.input.UserAction.begin$fxgl_core(UserAction.kt:37)
	at com.almasb.fxgl.core@17.3/com.almasb.fxgl.input.Input.handlePressed(Input.kt:375)
	at com.almasb.fxgl.core@17.3/com.almasb.fxgl.input.Input.onKeyEvent(Input.kt:318)
	at com.almasb.fxgl.all@17.3/com.almasb.fxgl.app.PrimaryStageWindow$1$1.invoke(MainWindow.kt:308)
	at com.almasb.fxgl.all@17.3/com.almasb.fxgl.app.PrimaryStageWindow$1$1.invoke(MainWindow.kt:308)
	at com.almasb.fxgl.core@17.3/com.almasb.fxgl.core.fsm.StateMachine.runOnActiveStates(StateMachine.kt:69)
	at com.almasb.fxgl.all@17.3/com.almasb.fxgl.app.PrimaryStageWindow$1.invoke(MainWindow.kt:308)
	at com.almasb.fxgl.all@17.3/com.almasb.fxgl.app.PrimaryStageWindow$1.invoke(MainWindow.kt:306)
	at com.almasb.fxgl.all@17.3/com.almasb.fxgl.app.MainWindow.addKeyHandler$lambda$1(MainWindow.kt:221)
	at javafx.base@21.0.6/com.sun.javafx.event.CompositeEventHandler$NormalEventHandlerRecord.handleBubblingEvent(CompositeEventHandler.java:247)
	at javafx.base@21.0.6/com.sun.javafx.event.CompositeEventHandler.dispatchBubblingEvent(CompositeEventHandler.java:80)
	at javafx.base@21.0.6/com.sun.javafx.event.EventHandlerManager.dispatchBubblingEvent(EventHandlerManager.java:232)
	at javafx.base@21.0.6/com.sun.javafx.event.EventHandlerManager.dispatchBubblingEvent(EventHandlerManager.java:189)
	at javafx.base@21.0.6/com.sun.javafx.event.CompositeEventDispatcher.dispatchBubblingEvent(CompositeEventDispatcher.java:59)
	at javafx.base@21.0.6/com.sun.javafx.event.BasicEventDispatcher.dispatchEvent(BasicEventDispatcher.java:58)
	at javafx.base@21.0.6/com.sun.javafx.event.EventDispatchChainImpl.dispatchEvent(EventDispatchChainImpl.java:114)
	at javafx.base@21.0.6/com.sun.javafx.event.BasicEventDispatcher.dispatchEvent(BasicEventDispatcher.java:56)
	at javafx.base@21.0.6/com.sun.javafx.event.EventDispatchChainImpl.dispatchEvent(EventDispatchChainImpl.java:114)
	at javafx.base@21.0.6/com.sun.javafx.event.EventUtil.fireEventImpl(EventUtil.java:74)
	at javafx.base@21.0.6/com.sun.javafx.event.EventUtil.fireEvent(EventUtil.java:54)
	at javafx.base@21.0.6/javafx.event.Event.fireEvent(Event.java:198)
	at javafx.graphics@21.0.6/javafx.scene.Scene.processKeyEvent(Scene.java:2194)
	at javafx.graphics@21.0.6/javafx.scene.Scene$ScenePeerListener.keyEvent(Scene.java:2715)
	at javafx.graphics@21.0.6/com.sun.javafx.tk.quantum.GlassViewEventHandler$KeyEventNotification.run(GlassViewEventHandler.java:218)
	at javafx.graphics@21.0.6/com.sun.javafx.tk.quantum.GlassViewEventHandler$KeyEventNotification.run(GlassViewEventHandler.java:150)
	at java.base/java.security.AccessController.doPrivileged(AccessController.java:138)
	at javafx.graphics@21.0.6/com.sun.javafx.tk.quantum.GlassViewEventHandler.lambda$handleKeyEvent$1(GlassViewEventHandler.java:250)
	at javafx.graphics@21.0.6/com.sun.javafx.tk.quantum.QuantumToolkit.runWithoutRenderLock(QuantumToolkit.java:424)
	at javafx.graphics@21.0.6/com.sun.javafx.tk.quantum.GlassViewEventHandler.handleKeyEvent(GlassViewEventHandler.java:249)
	at javafx.graphics@21.0.6/com.sun.glass.ui.View.handleKeyEvent(View.java:542)
	at javafx.graphics@21.0.6/com.sun.glass.ui.View.notifyKey(View.java:966)
	at javafx.graphics@21.0.6/com.sun.glass.ui.gtk.GtkApplication._runLoop(Native Method)
	at javafx.graphics@21.0.6/com.sun.glass.ui.gtk.GtkApplication.lambda$runLoop$10(GtkApplication.java:263)
	at java.base/java.lang.Thread.run(Thread.java:1474)

12:04:03.535 [JavaFX Application Thread] FATAL FXGLApplication      - Application will now exit
12:04:03.557 [JavaFX Application Thread] DEBUG PrimaryStageWindow   - Push state: ErrorSubScene
12:04:03.557 [JavaFX Application Thread] DEBUG Input                - Clearing active input actions
12:04:03.561 [JavaFX Application Thread] DEBUG GameApplicationServi - Removing overlay from GameScene and adding to ErrorSubScene
12:04:03.562 [JavaFX Application Thread] DEBUG PrimaryStageWindow   - GameScene -> ErrorSubScene
12:04:13.170 [JavaFX Application Thread] DEBUG FXGLApplication      - Exiting FXGL
12:04:13.170 [JavaFX Application Thread] DEBUG Async                - Shutting down background threads
12:04:13.171 [JavaFX Application Thread] DEBUG PrimaryStageWindow   - Closing main window
12:04:13.173 [JavaFX Application Thread] DEBUG Logger               - Closing Logger
