09:09:26.658 [main                     ] DEBUG Logger               - Configured Logger
09:09:26.681 [main                     ] DEBUG GameApplication      - Logging settings
Title: Overtale
Version: 0.1
Width: 800
Height: 600
Fullscreen: true
Intro: false
Profiling: false
Single step:false
App Mode: DEVELOPER
Menu Key: ESCAPE
Stage Style: DECORATED
Scene Factory: class com.almasb.fxgl.app.scene.SceneFactory

09:09:27.431 [JavaFX Application Thread] DEBUG FXGLApplication      - Initializing FXGL
09:09:27.437 [JavaFX Application Thread] INFO  Engine               - FXGL-17.3 (30.03.2023 11.49) on LINUX (J:25.0.1 FX:21.0.6)
09:09:27.437 [JavaFX Application Thread] DEBUG Engine               - JRE Vendor Name: Oracle Corporation
09:09:27.438 [JavaFX Application Thread] DEBUG Engine               - Running on OS: Linux version 6.19.10-1-cachyos
09:09:27.438 [JavaFX Application Thread] DEBUG Engine               - Architecture: amd64
09:09:27.438 [JavaFX Application Thread] INFO  Engine               - Source code and latest versions at: https://github.com/AlmasB/FXGL
09:09:27.438 [JavaFX Application Thread] INFO  Engine               -       Ask questions and discuss at: https://github.com/AlmasB/FXGL/discussions
09:09:27.439 [JavaFX Application Thread] INFO  Engine               -              Join the FXGL chat at: https://gitter.im/AlmasB/FXGL
09:09:27.674 [JavaFX Application Thread] DEBUG PrimaryStageWindow   - Creating a JavaFX scene
09:09:27.999 [JavaFX Application Thread] DEBUG PrimaryStageWindow   - Target settings size: 800.0 x 600.0
09:09:27.999 [JavaFX Application Thread] DEBUG PrimaryStageWindow   - Scaled scene size:    800.0 x 600.0
09:09:28.000 [JavaFX Application Thread] DEBUG PrimaryStageWindow   - Scaled ratio: (1.0, 1.0)
09:09:28.002 [JavaFX Application Thread] DEBUG PrimaryStageWindow   - Set initial scene to FXGLStartupScene
09:09:28.011 [JavaFX Application Thread] DEBUG PrimaryStageWindow   - Opening main window
09:09:28.158 [JavaFX Application Thread] DEBUG PrimaryStageWindow   - Window border size: (0.0, 35.0)
09:09:28.159 [JavaFX Application Thread] DEBUG PrimaryStageWindow   - Scaled size: 800.0 x 565.0
09:09:28.159 [JavaFX Application Thread] DEBUG PrimaryStageWindow   - Scaled ratio: (1.0, 0.9416666666666667)
09:09:28.159 [JavaFX Application Thread] DEBUG PrimaryStageWindow   - Scene size: 800.0 x 600.0
09:09:28.159 [JavaFX Application Thread] DEBUG PrimaryStageWindow   - Stage size: 800.0 x 600.0
09:09:28.163 [JavaFX Application Thread] DEBUG PrimaryStageWindow   - Going fullscreen
09:09:28.176 [FXGL Background Thread 1 ] DEBUG Engine               - Initializing environment variables
09:09:28.393 [FXGL Background Thread 1 ] DEBUG FXGLAssetLoaderServi - User app class for loading assets: class at.htl.overtale.GameApp
09:09:28.394 [FXGL Background Thread 1 ] DEBUG GameApplicationServi - Applying CSS: fxgl_dark.css
09:09:28.404 [FXGL Background Thread 1 ] DEBUG FXGLAssetLoaderServi - Loading from file system: jar:file:///home/daniel/.m2/repository/com/github/almasb/fxgl/17.3/fxgl-17.3.jar!/fxglassets/ui/css/fxgl_dark.css
09:09:28.732 [FXGL Background Thread 1 ] DEBUG GameApplicationServi - Initializing application scenes
09:09:28.976 [FXGL Background Thread 1 ] DEBUG GameWorld            - Game world initialized
09:09:29.058 [FXGL Background Thread 1 ] DEBUG PhysicsWorld         - Physics world initialized: appHeight=600, physics.ppm=50.0
09:09:29.058 [FXGL Background Thread 1 ] DEBUG PhysicsWorld         - Using strategy: BRUTE_FORCE
09:09:29.063 [FXGL Background Thread 1 ] DEBUG GameScene            - Game scene initialized: 800x600
09:09:29.080 [FXGL Background Thread 1 ] DEBUG FXGL.DefaultMenu     - createMenuBodyGameMenu()
09:09:29.104 [FXGL Background Thread 1 ] DEBUG FXGL.DefaultMenu     - createOptionsMenu()
09:09:29.120 [FXGL Background Thread 1 ] DEBUG FXGLAssetLoaderServi - Loading from file system: jar:file:///home/daniel/.m2/repository/com/github/almasb/fxgl/17.3/fxgl-17.3.jar!/fxglassets/textures/particles/smoke.png
09:09:29.285 [FXGL Background Thread 1 ] DEBUG FXGLAssetLoaderServi - Loading from file system: jar:file:///home/daniel/.m2/repository/com/github/almasb/fxgl/17.3/fxgl-17.3.jar!/fxglassets/textures/particles/trace_horizontal.png
09:09:29.335 [FXGL Background Thread 1 ] DEBUG GameApplicationServi - Application scenes initialized
09:09:29.351 [FXGL Background Thread 1 ] DEBUG SystemBundleService  - Loading FXGL system data
09:09:29.353 [FXGL Background Thread 1 ] DEBUG FileSystemAccess     - Reading from: /home/daniel/IdeaProjects/Overtale/system/fxgl.bundle
09:09:29.356 [FXGL Background Thread 1 ] DEBUG SystemBundleService  - Bundle FXGL: {}
09:09:29.357 [FXGL Background Thread 1 ] DEBUG UpdaterService       - Checking for updates
09:09:29.362 [FXGL Background Thread 4 ] DEBUG FXGLApplication      - Loading fonts
09:09:29.363 [FXGL Background Thread 4 ] DEBUG FXGLAssetLoaderServi - Loading from file system: jar:file:///home/daniel/.m2/repository/com/github/almasb/fxgl/17.3/fxgl-17.3.jar!/fxglassets/ui/fonts/VarelaRound-Regular.ttf
09:09:29.366 [FXGL Background Thread 1 ] DEBUG FXGLApplication      - Loading default localization
09:09:29.367 [FXGL Background Thread 1 ] DEBUG FXGLAssetLoaderServi - Loading from file system: jar:file:///home/daniel/.m2/repository/com/github/almasb/fxgl/17.3/fxgl-17.3.jar!/fxglassets/languages/english.lang
09:09:29.375 [FXGL Background Thread 4 ] DEBUG FXGLAssetLoaderServi - Loading from file system: jar:file:///home/daniel/.m2/repository/com/github/almasb/fxgl/17.3/fxgl-17.3.jar!/fxglassets/ui/fonts/Abel-Regular.ttf
09:09:29.378 [FXGL Background Thread 4 ] DEBUG FXGLAssetLoaderServi - Loading from file system: jar:file:///home/daniel/.m2/repository/com/github/almasb/fxgl/17.3/fxgl-17.3.jar!/fxglassets/ui/fonts/TerminalLandMono-Regular.otf
09:09:29.380 [FXGL Background Thread 4 ] DEBUG FXGLAssetLoaderServi - Loading from file system: jar:file:///home/daniel/.m2/repository/com/github/almasb/fxgl/17.3/fxgl-17.3.jar!/fxglassets/ui/fonts/Courier-Prime.ttf
09:09:29.386 [JavaFX Application Thread] DEBUG FXGLApplication      - Registering font factories with UI factory
09:09:29.412 [FXGL Background Thread 1 ] INFO  FXGLApplication      - FXGL initialization took: 1.236 sec
09:09:29.433 [JavaFX Application Thread] DEBUG Input                - Registered new binding: action0 - W
09:09:29.434 [JavaFX Application Thread] DEBUG Input                - Registered new binding: action1 - S
09:09:29.435 [JavaFX Application Thread] DEBUG Input                - Registered new binding: action2 - D
09:09:29.435 [JavaFX Application Thread] DEBUG Input                - Registered new binding: action3 - A
09:09:29.436 [JavaFX Application Thread] DEBUG Input                - Registered new binding: action4 - Up
09:09:29.437 [JavaFX Application Thread] DEBUG Input                - Registered new binding: action5 - Down
09:09:29.437 [JavaFX Application Thread] DEBUG Input                - Registered new binding: action6 - Left
09:09:29.438 [JavaFX Application Thread] DEBUG Input                - Registered new binding: action7 - Right
09:09:29.439 [JavaFX Application Thread] DEBUG Input                - Registered new binding: action8 - X
09:09:29.439 [JavaFX Application Thread] DEBUG Input                - Registered new binding: action9 - Q
09:09:29.440 [JavaFX Application Thread] DEBUG Input                - Registered new binding: action10 - Z
09:09:29.440 [JavaFX Application Thread] DEBUG Input                - Registered new binding: action11 - E
09:09:29.441 [JavaFX Application Thread] DEBUG FXGLAssetLoaderServi - Loading from file system: jar:file:///home/daniel/.m2/repository/com/github/almasb/fxgl/17.3/fxgl-17.3.jar!/fxglassets/textures/fxgl_icon.png
09:09:29.510 [JavaFX Application Thread] DEBUG FXGLAssetLoaderServi - Loading from file system: jar:file:///home/daniel/.m2/repository/com/github/almasb/fxgl/17.3/fxgl-17.3.jar!/fxglassets/textures/fxgl_default_cursor.png
09:09:29.514 [JavaFX Application Thread] DEBUG Input                - Registered new binding: Screenshot - CTRL+8
09:09:29.514 [JavaFX Application Thread] DEBUG Input                - Registered new binding: System info dump - CTRL+9
09:09:29.515 [JavaFX Application Thread] DEBUG Input                - Registered new binding: Restart - CTRL+R
09:09:29.516 [JavaFX Application Thread] DEBUG Input                - Registered new binding: Toggle Debug Camera - CTRL+7
09:09:29.520 [JavaFX Application Thread] DEBUG LoopRunner           - Starting loop
09:09:29.520 [JavaFX Application Thread] DEBUG LoopRunner           - Initializing JavaFX AnimationTimerLoop
09:09:29.521 [JavaFX Application Thread] DEBUG GameApplicationServi - Starting new game
09:09:29.522 [JavaFX Application Thread] DEBUG Input                - Clearing active input actions
09:09:29.538 [JavaFX Application Thread] DEBUG GameApplicationServi - Removing overlay from FXGLStartupScene and adding to FXGLLoadingScene
09:09:29.539 [JavaFX Application Thread] DEBUG PrimaryStageWindow   - FXGLStartupScene -> FXGLLoadingScene
09:09:29.539 [JavaFX Application Thread] DEBUG GameApplicationServi - Clearing previous game
09:09:29.539 [JavaFX Application Thread] DEBUG GameScene            - Clearing game scene
09:09:29.539 [JavaFX Application Thread] DEBUG GameWorld            - Clearing game world
09:09:29.540 [JavaFX Application Thread] DEBUG PhysicsWorld         - Clearing physics world
09:09:29.542 [FXGL Background Thread 1 ] DEBUG FXGLApplication      - Initializing game
09:09:29.651 [FXGL Background Thread 1 ] WARN  TMXLevelLoader       - TiledMap generated from 1.12.1. Supported version: 1.9.0. Some features may not be parsed fully.
09:09:29.666 [FXGL Background Thread 1 ] DEBUG TMXLevelLoader       - Parsed TiledMap: file:/home/daniel/IdeaProjects/Overtale/target/classes/assets/levels/TestMap1.tmx
09:09:29.668 [FXGL Background Thread 1 ] DEBUG TMXLevelLoader       - Creating tile layer entities
09:09:29.671 [FXGL Background Thread 1 ] DEBUG TilesetLoader        - Loading view for layer Tile Layer 1
09:09:29.673 [FXGL Background Thread 1 ] DEBUG TilesetLoader        - Created buffer with size 960.0x960.0
09:09:29.675 [FXGL Background Thread 1 ] DEBUG TilesetLoader        - Loading view for layer path_layer
09:09:29.676 [FXGL Background Thread 1 ] DEBUG TilesetLoader        - Created buffer with size 960.0x960.0
09:09:29.697 [FXGL Background Thread 1 ] DEBUG TMXLevelLoader       - Creating object layer entities
09:09:29.698 [FXGL Background Thread 1 ] DEBUG GameWorld            - Clearing removable entities
09:09:29.700 [FXGL Background Thread 1 ] DEBUG GameWorld            - Setting level: com.almasb.fxgl.entity.level.Level@2bb8cd3f
09:09:29.782 [FXGL Background Thread 1 ] INFO  FXGLApplication      - Game initialization took: 0.240 sec
09:09:29.804 [JavaFX Application Thread] DEBUG Input                - Clearing active input actions
09:09:29.827 [JavaFX Application Thread] DEBUG GameApplicationServi - Removing overlay from FXGLLoadingScene and adding to GameScene
09:09:29.827 [JavaFX Application Thread] DEBUG PrimaryStageWindow   - FXGLLoadingScene -> GameScene
09:09:30.319 [FXGL Background Thread 2 ] INFO  UpdaterService       - Your current version:  17.3
09:09:30.319 [FXGL Background Thread 2 ] INFO  UpdaterService       - Latest stable version: 25
09:09:32.360 [FXGL Background Thread 3 ] DEBUG Engine               - Logging environment variables
09:09:32.361 [FXGL Background Thread 3 ] DEBUG Engine               - achievements: []
09:09:32.361 [FXGL Background Thread 3 ] DEBUG Engine               - actualHeight: 600.0
09:09:32.361 [FXGL Background Thread 3 ] DEBUG Engine               - actualHeightProperty: ReadOnlyDoubleProperty [value: 1080.0]
09:09:32.361 [FXGL Background Thread 3 ] DEBUG Engine               - actualWidth: 800.0
09:09:32.361 [FXGL Background Thread 3 ] DEBUG Engine               - actualWidthProperty: ReadOnlyDoubleProperty [value: 1920.0]
09:09:32.361 [FXGL Background Thread 3 ] DEBUG Engine               - appIcon: fxgl_icon.png
09:09:32.361 [FXGL Background Thread 3 ] DEBUG Engine               - applicationMode: DEVELOPER
09:09:32.361 [FXGL Background Thread 3 ] DEBUG Engine               - cSSList: [fxgl_dark.css]
09:09:32.361 [FXGL Background Thread 3 ] DEBUG Engine               - collisionDetectionStrategy: BRUTE_FORCE
09:09:32.361 [FXGL Background Thread 3 ] DEBUG Engine               - configClass: Optional.empty
09:09:32.362 [FXGL Background Thread 3 ] DEBUG Engine               - credits: []
09:09:32.362 [FXGL Background Thread 3 ] DEBUG Engine               - defaultCursor: CursorInfo(imageName=fxgl_default_cursor.png, hotspotX=7.0, hotspotY=6.0)
09:09:32.362 [FXGL Background Thread 3 ] DEBUG Engine               - devBBoxColorProperty: ObjectProperty [value: 0xff0000ff]
09:09:32.362 [FXGL Background Thread 3 ] DEBUG Engine               - devEnableDebugCameraProperty: BooleanProperty [value: false]
09:09:32.362 [FXGL Background Thread 3 ] DEBUG Engine               - devSensorColorProperty: ObjectProperty [value: 0xffff00ff]
09:09:32.362 [FXGL Background Thread 3 ] DEBUG Engine               - devShowBBoxProperty: BooleanProperty [value: false]
09:09:32.362 [FXGL Background Thread 3 ] DEBUG Engine               - devShowPositionProperty: BooleanProperty [value: false]
09:09:32.363 [FXGL Background Thread 3 ] DEBUG Engine               - enabledMenuItems: []
09:09:32.363 [FXGL Background Thread 3 ] DEBUG Engine               - engineServices: [class com.almasb.fxgl.app.services.FXGLAssetLoaderService, class com.almasb.fxgl.app.FXGLApplication$GameApplicationService, class com.almasb.fxgl.app.services.FXGLDialogService, class com.almasb.fxgl.app.services.IOTaskExecutorService, class com.almasb.fxgl.io.FileSystemService, class com.almasb.fxgl.localization.LocalizationService, class com.almasb.fxgl.app.services.SystemBundleService, class com.almasb.fxgl.profile.SaveLoadService, class com.almasb.fxgl.ui.FXGLUIFactoryServiceProvider, class com.almasb.fxgl.ui.FXGLDialogFactoryServiceProvider, class com.almasb.fxgl.audio.AudioPlayer, class com.almasb.fxgl.notification.impl.NotificationServiceProvider, class com.almasb.fxgl.achievement.AchievementService, class com.almasb.fxgl.cutscene.CutsceneService, class com.almasb.fxgl.minigames.MiniGameService, class com.almasb.fxgl.net.NetService, class com.almasb.fxgl.app.services.UpdaterService, class com.almasb.fxgl.dev.DevService]
09:09:32.363 [FXGL Background Thread 3 ] DEBUG Engine               - fontGame: Abel-Regular.ttf
09:09:32.363 [FXGL Background Thread 3 ] DEBUG Engine               - fontMono: TerminalLandMono-Regular.otf
09:09:32.363 [FXGL Background Thread 3 ] DEBUG Engine               - fontSizeScaleUI: 1.0
09:09:32.363 [FXGL Background Thread 3 ] DEBUG Engine               - fontText: Courier-Prime.ttf
09:09:32.363 [FXGL Background Thread 3 ] DEBUG Engine               - fontUI: VarelaRound-Regular.ttf
09:09:32.363 [FXGL Background Thread 3 ] DEBUG Engine               - fullScreen: BooleanProperty [value: true]
09:09:32.364 [FXGL Background Thread 3 ] DEBUG Engine               - gameDifficulty: MEDIUM
09:09:32.364 [FXGL Background Thread 3 ] DEBUG Engine               - gameDifficultyProperty: ObjectProperty [value: MEDIUM]
09:09:32.364 [FXGL Background Thread 3 ] DEBUG Engine               - globalMusicVolume: 0.5
09:09:32.364 [FXGL Background Thread 3 ] DEBUG Engine               - globalMusicVolumeProperty: DoubleProperty [value: 0.5]
09:09:32.364 [FXGL Background Thread 3 ] DEBUG Engine               - globalSoundVolume: 0.5
09:09:32.364 [FXGL Background Thread 3 ] DEBUG Engine               - globalSoundVolumeProperty: DoubleProperty [value: 0.5]
09:09:32.365 [FXGL Background Thread 3 ] DEBUG Engine               - height: 600
09:09:32.365 [FXGL Background Thread 3 ] DEBUG Engine               - is3D: false
09:09:32.365 [FXGL Background Thread 3 ] DEBUG Engine               - isAndroid: false
09:09:32.365 [FXGL Background Thread 3 ] DEBUG Engine               - isBrowser: false
09:09:32.365 [FXGL Background Thread 3 ] DEBUG Engine               - isClickFeedbackEnabled: false
09:09:32.365 [FXGL Background Thread 3 ] DEBUG Engine               - isCloseConfirmation: false
09:09:32.365 [FXGL Background Thread 3 ] DEBUG Engine               - isDesktop: true
09:09:32.365 [FXGL Background Thread 3 ] DEBUG Engine               - isDeveloperMenuEnabled: false
09:09:32.365 [FXGL Background Thread 3 ] DEBUG Engine               - isEmbedded: false
09:09:32.365 [FXGL Background Thread 3 ] DEBUG Engine               - isEntityPreloadEnabled: true
09:09:32.365 [FXGL Background Thread 3 ] DEBUG Engine               - isExperimentalTiledLargeMap: false
09:09:32.365 [FXGL Background Thread 3 ] DEBUG Engine               - isFileSystemWriteAllowed: true
09:09:32.366 [FXGL Background Thread 3 ] DEBUG Engine               - isFullScreenAllowed: true
09:09:32.366 [FXGL Background Thread 3 ] DEBUG Engine               - isFullScreenFromStart: true
09:09:32.366 [FXGL Background Thread 3 ] DEBUG Engine               - isGameMenuEnabled: true
09:09:32.366 [FXGL Background Thread 3 ] DEBUG Engine               - isIOS: false
09:09:32.366 [FXGL Background Thread 3 ] DEBUG Engine               - isIntroEnabled: false
09:09:32.366 [FXGL Background Thread 3 ] DEBUG Engine               - isLinux: true
09:09:32.366 [FXGL Background Thread 3 ] DEBUG Engine               - isMac: false
09:09:32.366 [FXGL Background Thread 3 ] DEBUG Engine               - isMainMenuEnabled: false
09:09:32.366 [FXGL Background Thread 3 ] DEBUG Engine               - isManualResizeEnabled: false
09:09:32.366 [FXGL Background Thread 3 ] DEBUG Engine               - isMobile: false
09:09:32.366 [FXGL Background Thread 3 ] DEBUG Engine               - isNative: false
09:09:32.366 [FXGL Background Thread 3 ] DEBUG Engine               - isPauseMusicWhenMinimized: true
09:09:32.367 [FXGL Background Thread 3 ] DEBUG Engine               - isPreserveResizeRatio: false
09:09:32.367 [FXGL Background Thread 3 ] DEBUG Engine               - isProfilingEnabled: false
09:09:32.367 [FXGL Background Thread 3 ] DEBUG Engine               - isScaleAffectedOnResize: true
09:09:32.367 [FXGL Background Thread 3 ] DEBUG Engine               - isSingleStep: false
09:09:32.367 [FXGL Background Thread 3 ] DEBUG Engine               - isUserProfileEnabled: false
09:09:32.367 [FXGL Background Thread 3 ] DEBUG Engine               - isWindows: false
09:09:32.367 [FXGL Background Thread 3 ] DEBUG Engine               - language: ObjectProperty [value: ENGLISH]
09:09:32.367 [FXGL Background Thread 3 ] DEBUG Engine               - menuKey: ESCAPE
09:09:32.367 [FXGL Background Thread 3 ] DEBUG Engine               - mouseSensitivity: 0.2
09:09:32.367 [FXGL Background Thread 3 ] DEBUG Engine               - notificationViewClass: class com.almasb.fxgl.notification.view.XboxNotificationView
09:09:32.367 [FXGL Background Thread 3 ] DEBUG Engine               - pixelsPerMeter: 50.0
09:09:32.367 [FXGL Background Thread 3 ] DEBUG Engine               - platform: LINUX
09:09:32.368 [FXGL Background Thread 3 ] DEBUG Engine               - prefHeightProperty: ReadOnlyDoubleProperty [value: 600.0]
09:09:32.368 [FXGL Background Thread 3 ] DEBUG Engine               - prefWidthProperty: ReadOnlyDoubleProperty [value: 800.0]
09:09:32.368 [FXGL Background Thread 3 ] DEBUG Engine               - profileDir: profiles/
09:09:32.368 [FXGL Background Thread 3 ] DEBUG Engine               - profileName: StringProperty [value: DEFAULT]
09:09:32.368 [FXGL Background Thread 3 ] DEBUG Engine               - randomSeed: -1
09:09:32.368 [FXGL Background Thread 3 ] DEBUG Engine               - runtimeInfo: RuntimeInfo(platform=LINUX, version=17.3, build=30.03.2023 11.49)
09:09:32.369 [FXGL Background Thread 3 ] DEBUG Engine               - saveFileExt: sav
09:09:32.369 [FXGL Background Thread 3 ] DEBUG Engine               - scaledHeightProp$fxgl: DoubleProperty [bound, value: 1080.0]
09:09:32.369 [FXGL Background Thread 3 ] DEBUG Engine               - scaledWidthProp$fxgl: DoubleProperty [bound, value: 1920.0]
09:09:32.369 [FXGL Background Thread 3 ] DEBUG Engine               - sceneFactory: com.almasb.fxgl.app.scene.SceneFactory@12345ff1
09:09:32.369 [FXGL Background Thread 3 ] DEBUG Engine               - secondsIn24h: 60
09:09:32.369 [FXGL Background Thread 3 ] DEBUG Engine               - soundMenuBack: menu/back.wav
09:09:32.369 [FXGL Background Thread 3 ] DEBUG Engine               - soundMenuPress: menu/press.wav
09:09:32.369 [FXGL Background Thread 3 ] DEBUG Engine               - soundMenuSelect: menu/select.wav
09:09:32.369 [FXGL Background Thread 3 ] DEBUG Engine               - soundNotification: core/notification.wav
09:09:32.369 [FXGL Background Thread 3 ] DEBUG Engine               - stageStyle: DECORATED
09:09:32.370 [FXGL Background Thread 3 ] DEBUG Engine               - supportedLanguages: [ENGLISH, FRENCH, GERMAN, HUNGARIAN, RUSSIAN]
09:09:32.370 [FXGL Background Thread 3 ] DEBUG Engine               - ticksPerSecond: -1
09:09:32.370 [FXGL Background Thread 3 ] DEBUG Engine               - title: Overtale
09:09:32.370 [FXGL Background Thread 3 ] DEBUG Engine               - urlGithub: https://github.com/AlmasB/FXGL
09:09:32.370 [FXGL Background Thread 3 ] DEBUG Engine               - urlLeaderboard: http://fxgl-top.herokuapp.com/
09:09:32.370 [FXGL Background Thread 3 ] DEBUG Engine               - urlPOM: https://raw.githubusercontent.com/AlmasB/FXGL/release/README.md
09:09:32.370 [FXGL Background Thread 3 ] DEBUG Engine               - userAppClass: class at.htl.overtale.GameApp
09:09:32.370 [FXGL Background Thread 3 ] DEBUG Engine               - version: 0.1
09:09:32.370 [FXGL Background Thread 3 ] DEBUG Engine               - versionCheckDays: 7
09:09:32.370 [FXGL Background Thread 3 ] DEBUG Engine               - width: 800
09:09:32.370 [FXGL Background Thread 3 ] DEBUG Engine               - Logging services
09:09:32.370 [FXGL Background Thread 3 ] DEBUG Engine               - class com.almasb.fxgl.app.services.FXGLAssetLoaderService
09:09:32.370 [FXGL Background Thread 3 ] DEBUG Engine               - class com.almasb.fxgl.app.FXGLApplication$GameApplicationService
09:09:32.370 [FXGL Background Thread 3 ] DEBUG Engine               - class com.almasb.fxgl.app.services.FXGLDialogService
09:09:32.370 [FXGL Background Thread 3 ] DEBUG Engine               - class com.almasb.fxgl.app.services.IOTaskExecutorService
09:09:32.370 [FXGL Background Thread 3 ] DEBUG Engine               - class com.almasb.fxgl.io.FileSystemService
09:09:32.371 [FXGL Background Thread 3 ] DEBUG Engine               - class com.almasb.fxgl.localization.LocalizationService
09:09:32.371 [FXGL Background Thread 3 ] DEBUG Engine               - class com.almasb.fxgl.app.services.SystemBundleService
09:09:32.371 [FXGL Background Thread 3 ] DEBUG Engine               - class com.almasb.fxgl.profile.SaveLoadService
09:09:32.371 [FXGL Background Thread 3 ] DEBUG Engine               - class com.almasb.fxgl.ui.FXGLUIFactoryServiceProvider
09:09:32.371 [FXGL Background Thread 3 ] DEBUG Engine               - class com.almasb.fxgl.ui.FXGLDialogFactoryServiceProvider
09:09:32.371 [FXGL Background Thread 3 ] DEBUG Engine               - class com.almasb.fxgl.audio.AudioPlayer
09:09:32.371 [FXGL Background Thread 3 ] DEBUG Engine               - class com.almasb.fxgl.notification.impl.NotificationServiceProvider
09:09:32.371 [FXGL Background Thread 3 ] DEBUG Engine               - class com.almasb.fxgl.achievement.AchievementService
09:09:32.371 [FXGL Background Thread 3 ] DEBUG Engine               - class com.almasb.fxgl.cutscene.CutsceneService
09:09:32.371 [FXGL Background Thread 3 ] DEBUG Engine               - class com.almasb.fxgl.minigames.MiniGameService
09:09:32.371 [FXGL Background Thread 3 ] DEBUG Engine               - class com.almasb.fxgl.net.NetService
09:09:32.371 [FXGL Background Thread 3 ] DEBUG Engine               - class com.almasb.fxgl.app.services.UpdaterService
09:09:32.371 [FXGL Background Thread 3 ] DEBUG Engine               - class com.almasb.fxgl.dev.DevService
09:09:58.337 [JavaFX Application Thread] DEBUG PrimaryStageWindow   - Push state: FXGLDefaultMenu
09:09:58.358 [JavaFX Application Thread] DEBUG Input                - Clearing active input actions
09:09:58.382 [JavaFX Application Thread] DEBUG GameApplicationServi - Removing overlay from GameScene and adding to FXGLDefaultMenu
09:09:58.383 [JavaFX Application Thread] DEBUG PrimaryStageWindow   - GameScene -> FXGLDefaultMenu
09:09:58.872 [JavaFX Application Thread] DEBUG PrimaryStageWindow   - Pop state: FXGLDefaultMenu
09:09:58.872 [JavaFX Application Thread] DEBUG Input                - Clearing active input actions
09:09:58.873 [JavaFX Application Thread] DEBUG GameApplicationServi - Removing overlay from FXGLDefaultMenu and adding to GameScene
09:09:58.873 [JavaFX Application Thread] DEBUG PrimaryStageWindow   - GameScene <- FXGLDefaultMenu
09:10:06.270 [JavaFX Application Thread] DEBUG PrimaryStageWindow   - Push state: FXGLDefaultMenu
09:10:06.271 [JavaFX Application Thread] DEBUG Input                - Clearing active input actions
09:10:06.273 [JavaFX Application Thread] DEBUG GameApplicationServi - Removing overlay from GameScene and adding to FXGLDefaultMenu
09:10:06.274 [JavaFX Application Thread] DEBUG PrimaryStageWindow   - GameScene -> FXGLDefaultMenu
09:10:06.532 [JavaFX Application Thread] DEBUG PrimaryStageWindow   - Pop state: FXGLDefaultMenu
09:10:06.532 [JavaFX Application Thread] DEBUG Input                - Clearing active input actions
09:10:06.533 [JavaFX Application Thread] DEBUG GameApplicationServi - Removing overlay from FXGLDefaultMenu and adding to GameScene
09:10:06.534 [JavaFX Application Thread] DEBUG PrimaryStageWindow   - GameScene <- FXGLDefaultMenu
09:10:17.219 [JavaFX Application Thread] DEBUG PrimaryStageWindow   - Push state: FXGLDefaultMenu
09:10:17.219 [JavaFX Application Thread] DEBUG Input                - Clearing active input actions
09:10:17.222 [JavaFX Application Thread] DEBUG GameApplicationServi - Removing overlay from GameScene and adding to FXGLDefaultMenu
09:10:17.222 [JavaFX Application Thread] DEBUG PrimaryStageWindow   - GameScene -> FXGLDefaultMenu
09:10:17.493 [JavaFX Application Thread] DEBUG PrimaryStageWindow   - Pop state: FXGLDefaultMenu
09:10:17.493 [JavaFX Application Thread] DEBUG Input                - Clearing active input actions
09:10:17.495 [JavaFX Application Thread] DEBUG GameApplicationServi - Removing overlay from FXGLDefaultMenu and adding to GameScene
09:10:17.495 [JavaFX Application Thread] DEBUG PrimaryStageWindow   - GameScene <- FXGLDefaultMenu
09:10:18.506 [JavaFX Application Thread] DEBUG PrimaryStageWindow   - Push state: FXGLDefaultMenu
09:10:18.507 [JavaFX Application Thread] DEBUG Input                - Clearing active input actions
09:10:18.509 [JavaFX Application Thread] DEBUG GameApplicationServi - Removing overlay from GameScene and adding to FXGLDefaultMenu
09:10:18.509 [JavaFX Application Thread] DEBUG PrimaryStageWindow   - GameScene -> FXGLDefaultMenu
09:10:18.815 [JavaFX Application Thread] DEBUG PrimaryStageWindow   - Pop state: FXGLDefaultMenu
09:10:18.815 [JavaFX Application Thread] DEBUG Input                - Clearing active input actions
09:10:18.817 [JavaFX Application Thread] DEBUG GameApplicationServi - Removing overlay from FXGLDefaultMenu and adding to GameScene
09:10:18.817 [JavaFX Application Thread] DEBUG PrimaryStageWindow   - GameScene <- FXGLDefaultMenu
09:10:46.438 [JavaFX Application Thread] DEBUG FXGLApplication      - Exiting FXGL
09:10:46.439 [JavaFX Application Thread] DEBUG LoopRunner           - Stopping loop
09:10:46.439 [JavaFX Application Thread] DEBUG SystemBundleService  - Saving FXGL system data
09:10:46.442 [JavaFX Application Thread] DEBUG FileSystemAccess     - Writing to: /home/daniel/IdeaProjects/Overtale/system/fxgl.bundle
09:10:46.443 [JavaFX Application Thread] DEBUG Async                - Shutting down background threads
09:10:46.444 [JavaFX Application Thread] DEBUG PrimaryStageWindow   - Closing main window
09:10:46.452 [JavaFX Application Thread] DEBUG Logger               - Closing Logger
