07:59:49.432 [main                     ] DEBUG Logger               - Configured Logger
07:59:49.442 [main                     ] DEBUG GameApplication      - Logging settings
Title: Overtale
Version: 0.1
Width: 800
Height: 600
Fullscreen: true
Intro: false
Profiling: false
Single step:false
App Mode: DEVELOPER
Menu Key: ESCAPE
Stage Style: DECORATED
Scene Factory: class com.almasb.fxgl.app.scene.SceneFactory

07:59:49.781 [JavaFX Application Thread] DEBUG FXGLApplication      - Initializing FXGL
07:59:49.783 [JavaFX Application Thread] INFO  Engine               - FXGL-17.3 (30.03.2023 11.49) on LINUX (J:25.0.2 FX:21.0.6)
07:59:49.784 [JavaFX Application Thread] DEBUG Engine               - JRE Vendor Name: Microsoft
07:59:49.784 [JavaFX Application Thread] DEBUG Engine               - Running on OS: Linux version 7.0.1-1-cachyos
07:59:49.784 [JavaFX Application Thread] DEBUG Engine               - Architecture: amd64
07:59:49.784 [JavaFX Application Thread] INFO  Engine               - Source code and latest versions at: https://github.com/AlmasB/FXGL
07:59:49.784 [JavaFX Application Thread] INFO  Engine               -       Ask questions and discuss at: https://github.com/AlmasB/FXGL/discussions
07:59:49.784 [JavaFX Application Thread] INFO  Engine               -              Join the FXGL chat at: https://gitter.im/AlmasB/FXGL
07:59:49.869 [JavaFX Application Thread] DEBUG PrimaryStageWindow   - Creating a JavaFX scene
07:59:49.949 [JavaFX Application Thread] DEBUG PrimaryStageWindow   - Target settings size: 800.0 x 600.0
07:59:49.949 [JavaFX Application Thread] DEBUG PrimaryStageWindow   - Scaled scene size:    800.0 x 600.0
07:59:49.949 [JavaFX Application Thread] DEBUG PrimaryStageWindow   - Scaled ratio: (1.0, 1.0)
07:59:49.950 [JavaFX Application Thread] DEBUG PrimaryStageWindow   - Set initial scene to FXGLStartupScene
07:59:49.953 [JavaFX Application Thread] DEBUG PrimaryStageWindow   - Opening main window
07:59:50.003 [JavaFX Application Thread] DEBUG PrimaryStageWindow   - Window border size: (0.0, 35.0)
07:59:50.003 [JavaFX Application Thread] DEBUG PrimaryStageWindow   - Scaled size: 800.0 x 565.0
07:59:50.003 [JavaFX Application Thread] DEBUG PrimaryStageWindow   - Scaled ratio: (1.0, 0.9416666666666667)
07:59:50.003 [JavaFX Application Thread] DEBUG PrimaryStageWindow   - Scene size: 800.0 x 600.0
07:59:50.004 [JavaFX Application Thread] DEBUG PrimaryStageWindow   - Stage size: 800.0 x 600.0
07:59:50.004 [JavaFX Application Thread] DEBUG PrimaryStageWindow   - Going fullscreen
07:59:50.009 [FXGL Background Thread 1 ] DEBUG Engine               - Initializing environment variables
07:59:50.046 [FXGL Background Thread 1 ] DEBUG FXGLAssetLoaderServi - User app class for loading assets: class at.htl.overtale.GameApp
07:59:50.046 [FXGL Background Thread 1 ] DEBUG GameApplicationServi - Applying CSS: fxgl_dark.css
07:59:50.047 [FXGL Background Thread 1 ] DEBUG FXGLAssetLoaderServi - Loading from file system: jar:file:///home/raphi/.m2/repository/com/github/almasb/fxgl/17.3/fxgl-17.3.jar!/fxglassets/ui/css/fxgl_dark.css
07:59:50.096 [FXGL Background Thread 1 ] DEBUG GameApplicationServi - Initializing application scenes
07:59:50.136 [FXGL Background Thread 1 ] DEBUG GameWorld            - Game world initialized
07:59:50.181 [FXGL Background Thread 1 ] DEBUG PhysicsWorld         - Physics world initialized: appHeight=600, physics.ppm=50.0
07:59:50.181 [FXGL Background Thread 1 ] DEBUG PhysicsWorld         - Using strategy: BRUTE_FORCE
07:59:50.184 [FXGL Background Thread 1 ] DEBUG GameScene            - Game scene initialized: 800x600
07:59:50.191 [FXGL Background Thread 1 ] DEBUG FXGL.DefaultMenu     - createMenuBodyGameMenu()
07:59:50.205 [FXGL Background Thread 1 ] DEBUG FXGL.DefaultMenu     - createOptionsMenu()
07:59:50.214 [FXGL Background Thread 1 ] DEBUG FXGLAssetLoaderServi - Loading from file system: jar:file:///home/raphi/.m2/repository/com/github/almasb/fxgl/17.3/fxgl-17.3.jar!/fxglassets/textures/particles/smoke.png
07:59:50.291 [FXGL Background Thread 1 ] DEBUG FXGLAssetLoaderServi - Loading from file system: jar:file:///home/raphi/.m2/repository/com/github/almasb/fxgl/17.3/fxgl-17.3.jar!/fxglassets/textures/particles/trace_horizontal.png
07:59:50.317 [FXGL Background Thread 1 ] DEBUG GameApplicationServi - Application scenes initialized
07:59:50.327 [FXGL Background Thread 1 ] DEBUG SystemBundleService  - Loading FXGL system data
07:59:50.328 [FXGL Background Thread 1 ] DEBUG FileSystemAccess     - Reading from: /home/raphi/Documents/POS/Overtale/system/fxgl.bundle
07:59:50.330 [FXGL Background Thread 1 ] DEBUG SystemBundleService  - Bundle FXGL: {}
07:59:50.330 [FXGL Background Thread 1 ] DEBUG UpdaterService       - Checking for updates
07:59:50.333 [FXGL Background Thread 4 ] DEBUG FXGLApplication      - Loading fonts
07:59:50.334 [FXGL Background Thread 4 ] DEBUG FXGLAssetLoaderServi - Loading from file system: jar:file:///home/raphi/.m2/repository/com/github/almasb/fxgl/17.3/fxgl-17.3.jar!/fxglassets/ui/fonts/VarelaRound-Regular.ttf
07:59:50.334 [FXGL Background Thread 1 ] DEBUG FXGLApplication      - Loading default localization
07:59:50.334 [FXGL Background Thread 1 ] DEBUG FXGLAssetLoaderServi - Loading from file system: jar:file:///home/raphi/.m2/repository/com/github/almasb/fxgl/17.3/fxgl-17.3.jar!/fxglassets/languages/english.lang
07:59:50.341 [FXGL Background Thread 4 ] DEBUG FXGLAssetLoaderServi - Loading from file system: jar:file:///home/raphi/.m2/repository/com/github/almasb/fxgl/17.3/fxgl-17.3.jar!/fxglassets/ui/fonts/Abel-Regular.ttf
07:59:50.342 [FXGL Background Thread 4 ] DEBUG FXGLAssetLoaderServi - Loading from file system: jar:file:///home/raphi/.m2/repository/com/github/almasb/fxgl/17.3/fxgl-17.3.jar!/fxglassets/ui/fonts/TerminalLandMono-Regular.otf
07:59:50.344 [FXGL Background Thread 4 ] DEBUG FXGLAssetLoaderServi - Loading from file system: jar:file:///home/raphi/.m2/repository/com/github/almasb/fxgl/17.3/fxgl-17.3.jar!/fxglassets/ui/fonts/Courier-Prime.ttf
07:59:50.347 [JavaFX Application Thread] DEBUG FXGLApplication      - Registering font factories with UI factory
07:59:50.350 [FXGL Background Thread 1 ] INFO  FXGLApplication      - FXGL initialization took: 0.340 sec
07:59:50.360 [JavaFX Application Thread] DEBUG Input                - Registered new binding: action0 - W
07:59:50.360 [JavaFX Application Thread] DEBUG Input                - Registered new binding: action1 - S
07:59:50.361 [JavaFX Application Thread] DEBUG Input                - Registered new binding: action2 - D
07:59:50.361 [JavaFX Application Thread] DEBUG Input                - Registered new binding: action3 - A
07:59:50.362 [JavaFX Application Thread] DEBUG Input                - Registered new binding: action4 - Up
07:59:50.362 [JavaFX Application Thread] DEBUG Input                - Registered new binding: action5 - Down
07:59:50.362 [JavaFX Application Thread] DEBUG Input                - Registered new binding: action6 - Left
07:59:50.363 [JavaFX Application Thread] DEBUG Input                - Registered new binding: action7 - Right
07:59:50.363 [JavaFX Application Thread] DEBUG Input                - Registered new binding: action8 - X
07:59:50.363 [JavaFX Application Thread] DEBUG Input                - Registered new binding: action9 - Q
07:59:50.363 [JavaFX Application Thread] DEBUG Input                - Registered new binding: action10 - Z
07:59:50.364 [JavaFX Application Thread] DEBUG Input                - Registered new binding: action11 - E
07:59:50.364 [JavaFX Application Thread] DEBUG FXGLAssetLoaderServi - Loading from file system: jar:file:///home/raphi/.m2/repository/com/github/almasb/fxgl/17.3/fxgl-17.3.jar!/fxglassets/textures/fxgl_icon.png
07:59:50.401 [JavaFX Application Thread] DEBUG FXGLAssetLoaderServi - Loading from file system: jar:file:///home/raphi/.m2/repository/com/github/almasb/fxgl/17.3/fxgl-17.3.jar!/fxglassets/textures/fxgl_default_cursor.png
07:59:50.402 [JavaFX Application Thread] DEBUG Input                - Registered new binding: Screenshot - CTRL+8
07:59:50.402 [JavaFX Application Thread] DEBUG Input                - Registered new binding: System info dump - CTRL+9
07:59:50.402 [JavaFX Application Thread] DEBUG Input                - Registered new binding: Restart - CTRL+R
07:59:50.403 [JavaFX Application Thread] DEBUG Input                - Registered new binding: Toggle Debug Camera - CTRL+7
07:59:50.404 [JavaFX Application Thread] DEBUG LoopRunner           - Starting loop
07:59:50.404 [JavaFX Application Thread] DEBUG LoopRunner           - Initializing JavaFX AnimationTimerLoop
07:59:50.405 [JavaFX Application Thread] DEBUG GameApplicationServi - Starting new game
07:59:50.405 [JavaFX Application Thread] DEBUG Input                - Clearing active input actions
07:59:50.415 [JavaFX Application Thread] DEBUG GameApplicationServi - Removing overlay from FXGLStartupScene and adding to FXGLLoadingScene
07:59:50.415 [JavaFX Application Thread] DEBUG PrimaryStageWindow   - FXGLStartupScene -> FXGLLoadingScene
07:59:50.415 [JavaFX Application Thread] DEBUG GameApplicationServi - Clearing previous game
07:59:50.415 [JavaFX Application Thread] DEBUG GameScene            - Clearing game scene
07:59:50.415 [JavaFX Application Thread] DEBUG GameWorld            - Clearing game world
07:59:50.416 [JavaFX Application Thread] DEBUG PhysicsWorld         - Clearing physics world
07:59:50.417 [FXGL Background Thread 1 ] DEBUG FXGLApplication      - Initializing game
07:59:50.471 [FXGL Background Thread 1 ] WARN  TMXLevelLoader       - TiledMap generated from 1.12.1. Supported version: 1.9.0. Some features may not be parsed fully.
07:59:50.477 [FXGL Background Thread 1 ] DEBUG TMXLevelLoader       - Parsed TiledMap: file:/home/raphi/Documents/POS/Overtale/target/classes/assets/levels/TestMap1.tmx
07:59:50.478 [FXGL Background Thread 1 ] DEBUG TMXLevelLoader       - Creating tile layer entities
07:59:50.479 [FXGL Background Thread 1 ] DEBUG TilesetLoader        - Loading view for layer Tile Layer 1
07:59:50.480 [FXGL Background Thread 1 ] DEBUG TilesetLoader        - Created buffer with size 960.0x960.0
07:59:50.481 [FXGL Background Thread 1 ] DEBUG TilesetLoader        - Loading view for layer path_layer
07:59:50.482 [FXGL Background Thread 1 ] DEBUG TilesetLoader        - Created buffer with size 960.0x960.0
07:59:50.484 [FXGL Background Thread 1 ] DEBUG TMXLevelLoader       - Creating object layer entities
07:59:50.484 [FXGL Background Thread 1 ] DEBUG GameWorld            - Clearing removable entities
07:59:50.484 [FXGL Background Thread 1 ] DEBUG GameWorld            - Setting level: com.almasb.fxgl.entity.level.Level@3c515065
07:59:50.515 [FXGL Background Thread 1 ] INFO  FXGLApplication      - Game initialization took: 0.097 sec
07:59:50.528 [JavaFX Application Thread] DEBUG Input                - Clearing active input actions
07:59:50.540 [JavaFX Application Thread] DEBUG GameApplicationServi - Removing overlay from FXGLLoadingScene and adding to GameScene
07:59:50.540 [JavaFX Application Thread] DEBUG PrimaryStageWindow   - FXGLLoadingScene -> GameScene
07:59:50.812 [FXGL Background Thread 2 ] INFO  UpdaterService       - Your current version:  17.3
07:59:50.812 [FXGL Background Thread 2 ] INFO  UpdaterService       - Latest stable version: 25
07:59:53.333 [FXGL Background Thread 3 ] DEBUG Engine               - Logging environment variables
07:59:53.334 [FXGL Background Thread 3 ] DEBUG Engine               - achievements: []
07:59:53.334 [FXGL Background Thread 3 ] DEBUG Engine               - actualHeight: 600.0
07:59:53.334 [FXGL Background Thread 3 ] DEBUG Engine               - actualHeightProperty: ReadOnlyDoubleProperty [value: 1080.0]
07:59:53.334 [FXGL Background Thread 3 ] DEBUG Engine               - actualWidth: 800.0
07:59:53.334 [FXGL Background Thread 3 ] DEBUG Engine               - actualWidthProperty: ReadOnlyDoubleProperty [value: 1920.0]
07:59:53.334 [FXGL Background Thread 3 ] DEBUG Engine               - appIcon: fxgl_icon.png
07:59:53.334 [FXGL Background Thread 3 ] DEBUG Engine               - applicationMode: DEVELOPER
07:59:53.334 [FXGL Background Thread 3 ] DEBUG Engine               - cSSList: [fxgl_dark.css]
07:59:53.334 [FXGL Background Thread 3 ] DEBUG Engine               - collisionDetectionStrategy: BRUTE_FORCE
07:59:53.334 [FXGL Background Thread 3 ] DEBUG Engine               - configClass: Optional.empty
07:59:53.334 [FXGL Background Thread 3 ] DEBUG Engine               - credits: []
07:59:53.334 [FXGL Background Thread 3 ] DEBUG Engine               - defaultCursor: CursorInfo(imageName=fxgl_default_cursor.png, hotspotX=7.0, hotspotY=6.0)
07:59:53.334 [FXGL Background Thread 3 ] DEBUG Engine               - devBBoxColorProperty: ObjectProperty [value: 0xff0000ff]
07:59:53.334 [FXGL Background Thread 3 ] DEBUG Engine               - devEnableDebugCameraProperty: BooleanProperty [value: false]
07:59:53.335 [FXGL Background Thread 3 ] DEBUG Engine               - devSensorColorProperty: ObjectProperty [value: 0xffff00ff]
07:59:53.335 [FXGL Background Thread 3 ] DEBUG Engine               - devShowBBoxProperty: BooleanProperty [value: false]
07:59:53.335 [FXGL Background Thread 3 ] DEBUG Engine               - devShowPositionProperty: BooleanProperty [value: false]
07:59:53.335 [FXGL Background Thread 3 ] DEBUG Engine               - enabledMenuItems: []
07:59:53.335 [FXGL Background Thread 3 ] DEBUG Engine               - engineServices: [class com.almasb.fxgl.app.services.FXGLAssetLoaderService, class com.almasb.fxgl.app.FXGLApplication$GameApplicationService, class com.almasb.fxgl.app.services.FXGLDialogService, class com.almasb.fxgl.app.services.IOTaskExecutorService, class com.almasb.fxgl.io.FileSystemService, class com.almasb.fxgl.localization.LocalizationService, class com.almasb.fxgl.app.services.SystemBundleService, class com.almasb.fxgl.profile.SaveLoadService, class com.almasb.fxgl.ui.FXGLUIFactoryServiceProvider, class com.almasb.fxgl.ui.FXGLDialogFactoryServiceProvider, class com.almasb.fxgl.audio.AudioPlayer, class com.almasb.fxgl.notification.impl.NotificationServiceProvider, class com.almasb.fxgl.achievement.AchievementService, class com.almasb.fxgl.cutscene.CutsceneService, class com.almasb.fxgl.minigames.MiniGameService, class com.almasb.fxgl.net.NetService, class com.almasb.fxgl.app.services.UpdaterService, class com.almasb.fxgl.dev.DevService]
07:59:53.335 [FXGL Background Thread 3 ] DEBUG Engine               - fontGame: Abel-Regular.ttf
07:59:53.335 [FXGL Background Thread 3 ] DEBUG Engine               - fontMono: TerminalLandMono-Regular.otf
07:59:53.335 [FXGL Background Thread 3 ] DEBUG Engine               - fontSizeScaleUI: 1.0
07:59:53.335 [FXGL Background Thread 3 ] DEBUG Engine               - fontText: Courier-Prime.ttf
07:59:53.335 [FXGL Background Thread 3 ] DEBUG Engine               - fontUI: VarelaRound-Regular.ttf
07:59:53.335 [FXGL Background Thread 3 ] DEBUG Engine               - fullScreen: BooleanProperty [value: true]
07:59:53.335 [FXGL Background Thread 3 ] DEBUG Engine               - gameDifficulty: MEDIUM
07:59:53.335 [FXGL Background Thread 3 ] DEBUG Engine               - gameDifficultyProperty: ObjectProperty [value: MEDIUM]
07:59:53.335 [FXGL Background Thread 3 ] DEBUG Engine               - globalMusicVolume: 0.5
07:59:53.335 [FXGL Background Thread 3 ] DEBUG Engine               - globalMusicVolumeProperty: DoubleProperty [value: 0.5]
07:59:53.335 [FXGL Background Thread 3 ] DEBUG Engine               - globalSoundVolume: 0.5
07:59:53.335 [FXGL Background Thread 3 ] DEBUG Engine               - globalSoundVolumeProperty: DoubleProperty [value: 0.5]
07:59:53.335 [FXGL Background Thread 3 ] DEBUG Engine               - height: 600
07:59:53.335 [FXGL Background Thread 3 ] DEBUG Engine               - is3D: false
07:59:53.335 [FXGL Background Thread 3 ] DEBUG Engine               - isAndroid: false
07:59:53.335 [FXGL Background Thread 3 ] DEBUG Engine               - isBrowser: false
07:59:53.335 [FXGL Background Thread 3 ] DEBUG Engine               - isClickFeedbackEnabled: false
07:59:53.336 [FXGL Background Thread 3 ] DEBUG Engine               - isCloseConfirmation: false
07:59:53.336 [FXGL Background Thread 3 ] DEBUG Engine               - isDesktop: true
07:59:53.336 [FXGL Background Thread 3 ] DEBUG Engine               - isDeveloperMenuEnabled: false
07:59:53.336 [FXGL Background Thread 3 ] DEBUG Engine               - isEmbedded: false
07:59:53.336 [FXGL Background Thread 3 ] DEBUG Engine               - isEntityPreloadEnabled: true
07:59:53.336 [FXGL Background Thread 3 ] DEBUG Engine               - isExperimentalTiledLargeMap: false
07:59:53.336 [FXGL Background Thread 3 ] DEBUG Engine               - isFileSystemWriteAllowed: true
07:59:53.336 [FXGL Background Thread 3 ] DEBUG Engine               - isFullScreenAllowed: true
07:59:53.336 [FXGL Background Thread 3 ] DEBUG Engine               - isFullScreenFromStart: true
07:59:53.336 [FXGL Background Thread 3 ] DEBUG Engine               - isGameMenuEnabled: true
07:59:53.336 [FXGL Background Thread 3 ] DEBUG Engine               - isIOS: false
07:59:53.336 [FXGL Background Thread 3 ] DEBUG Engine               - isIntroEnabled: false
07:59:53.336 [FXGL Background Thread 3 ] DEBUG Engine               - isLinux: true
07:59:53.336 [FXGL Background Thread 3 ] DEBUG Engine               - isMac: false
07:59:53.336 [FXGL Background Thread 3 ] DEBUG Engine               - isMainMenuEnabled: false
07:59:53.336 [FXGL Background Thread 3 ] DEBUG Engine               - isManualResizeEnabled: false
07:59:53.336 [FXGL Background Thread 3 ] DEBUG Engine               - isMobile: false
07:59:53.336 [FXGL Background Thread 3 ] DEBUG Engine               - isNative: false
07:59:53.336 [FXGL Background Thread 3 ] DEBUG Engine               - isPauseMusicWhenMinimized: true
07:59:53.336 [FXGL Background Thread 3 ] DEBUG Engine               - isPreserveResizeRatio: false
07:59:53.336 [FXGL Background Thread 3 ] DEBUG Engine               - isProfilingEnabled: false
07:59:53.336 [FXGL Background Thread 3 ] DEBUG Engine               - isScaleAffectedOnResize: true
07:59:53.336 [FXGL Background Thread 3 ] DEBUG Engine               - isSingleStep: false
07:59:53.336 [FXGL Background Thread 3 ] DEBUG Engine               - isUserProfileEnabled: false
07:59:53.336 [FXGL Background Thread 3 ] DEBUG Engine               - isWindows: false
07:59:53.336 [FXGL Background Thread 3 ] DEBUG Engine               - language: ObjectProperty [value: ENGLISH]
07:59:53.336 [FXGL Background Thread 3 ] DEBUG Engine               - menuKey: ESCAPE
07:59:53.336 [FXGL Background Thread 3 ] DEBUG Engine               - mouseSensitivity: 0.2
07:59:53.336 [FXGL Background Thread 3 ] DEBUG Engine               - notificationViewClass: class com.almasb.fxgl.notification.view.XboxNotificationView
07:59:53.336 [FXGL Background Thread 3 ] DEBUG Engine               - pixelsPerMeter: 50.0
07:59:53.337 [FXGL Background Thread 3 ] DEBUG Engine               - platform: LINUX
07:59:53.337 [FXGL Background Thread 3 ] DEBUG Engine               - prefHeightProperty: ReadOnlyDoubleProperty [value: 600.0]
07:59:53.337 [FXGL Background Thread 3 ] DEBUG Engine               - prefWidthProperty: ReadOnlyDoubleProperty [value: 800.0]
07:59:53.337 [FXGL Background Thread 3 ] DEBUG Engine               - profileDir: profiles/
07:59:53.337 [FXGL Background Thread 3 ] DEBUG Engine               - profileName: StringProperty [value: DEFAULT]
07:59:53.337 [FXGL Background Thread 3 ] DEBUG Engine               - randomSeed: -1
07:59:53.337 [FXGL Background Thread 3 ] DEBUG Engine               - runtimeInfo: RuntimeInfo(platform=LINUX, version=17.3, build=30.03.2023 11.49)
07:59:53.337 [FXGL Background Thread 3 ] DEBUG Engine               - saveFileExt: sav
07:59:53.337 [FXGL Background Thread 3 ] DEBUG Engine               - scaledHeightProp$fxgl: DoubleProperty [bound, value: 1080.0]
07:59:53.337 [FXGL Background Thread 3 ] DEBUG Engine               - scaledWidthProp$fxgl: DoubleProperty [bound, value: 1920.0]
07:59:53.337 [FXGL Background Thread 3 ] DEBUG Engine               - sceneFactory: com.almasb.fxgl.app.scene.SceneFactory@41fe7309
07:59:53.337 [FXGL Background Thread 3 ] DEBUG Engine               - secondsIn24h: 60
07:59:53.337 [FXGL Background Thread 3 ] DEBUG Engine               - soundMenuBack: menu/back.wav
07:59:53.337 [FXGL Background Thread 3 ] DEBUG Engine               - soundMenuPress: menu/press.wav
07:59:53.337 [FXGL Background Thread 3 ] DEBUG Engine               - soundMenuSelect: menu/select.wav
07:59:53.337 [FXGL Background Thread 3 ] DEBUG Engine               - soundNotification: core/notification.wav
07:59:53.337 [FXGL Background Thread 3 ] DEBUG Engine               - stageStyle: DECORATED
07:59:53.337 [FXGL Background Thread 3 ] DEBUG Engine               - supportedLanguages: [ENGLISH, FRENCH, GERMAN, HUNGARIAN, RUSSIAN]
07:59:53.337 [FXGL Background Thread 3 ] DEBUG Engine               - ticksPerSecond: -1
07:59:53.337 [FXGL Background Thread 3 ] DEBUG Engine               - title: Overtale
07:59:53.337 [FXGL Background Thread 3 ] DEBUG Engine               - urlGithub: https://github.com/AlmasB/FXGL
07:59:53.337 [FXGL Background Thread 3 ] DEBUG Engine               - urlLeaderboard: http://fxgl-top.herokuapp.com/
07:59:53.337 [FXGL Background Thread 3 ] DEBUG Engine               - urlPOM: https://raw.githubusercontent.com/AlmasB/FXGL/release/README.md
07:59:53.338 [FXGL Background Thread 3 ] DEBUG Engine               - userAppClass: class at.htl.overtale.GameApp
07:59:53.338 [FXGL Background Thread 3 ] DEBUG Engine               - version: 0.1
07:59:53.338 [FXGL Background Thread 3 ] DEBUG Engine               - versionCheckDays: 7
07:59:53.338 [FXGL Background Thread 3 ] DEBUG Engine               - width: 800
07:59:53.338 [FXGL Background Thread 3 ] DEBUG Engine               - Logging services
07:59:53.338 [FXGL Background Thread 3 ] DEBUG Engine               - class com.almasb.fxgl.app.services.FXGLAssetLoaderService
07:59:53.338 [FXGL Background Thread 3 ] DEBUG Engine               - class com.almasb.fxgl.app.FXGLApplication$GameApplicationService
07:59:53.338 [FXGL Background Thread 3 ] DEBUG Engine               - class com.almasb.fxgl.app.services.FXGLDialogService
07:59:53.338 [FXGL Background Thread 3 ] DEBUG Engine               - class com.almasb.fxgl.app.services.IOTaskExecutorService
07:59:53.338 [FXGL Background Thread 3 ] DEBUG Engine               - class com.almasb.fxgl.io.FileSystemService
07:59:53.338 [FXGL Background Thread 3 ] DEBUG Engine               - class com.almasb.fxgl.localization.LocalizationService
07:59:53.338 [FXGL Background Thread 3 ] DEBUG Engine               - class com.almasb.fxgl.app.services.SystemBundleService
07:59:53.338 [FXGL Background Thread 3 ] DEBUG Engine               - class com.almasb.fxgl.profile.SaveLoadService
07:59:53.338 [FXGL Background Thread 3 ] DEBUG Engine               - class com.almasb.fxgl.ui.FXGLUIFactoryServiceProvider
07:59:53.338 [FXGL Background Thread 3 ] DEBUG Engine               - class com.almasb.fxgl.ui.FXGLDialogFactoryServiceProvider
07:59:53.338 [FXGL Background Thread 3 ] DEBUG Engine               - class com.almasb.fxgl.audio.AudioPlayer
07:59:53.338 [FXGL Background Thread 3 ] DEBUG Engine               - class com.almasb.fxgl.notification.impl.NotificationServiceProvider
07:59:53.338 [FXGL Background Thread 3 ] DEBUG Engine               - class com.almasb.fxgl.achievement.AchievementService
07:59:53.338 [FXGL Background Thread 3 ] DEBUG Engine               - class com.almasb.fxgl.cutscene.CutsceneService
07:59:53.338 [FXGL Background Thread 3 ] DEBUG Engine               - class com.almasb.fxgl.minigames.MiniGameService
07:59:53.338 [FXGL Background Thread 3 ] DEBUG Engine               - class com.almasb.fxgl.net.NetService
07:59:53.338 [FXGL Background Thread 3 ] DEBUG Engine               - class com.almasb.fxgl.app.services.UpdaterService
07:59:53.338 [FXGL Background Thread 3 ] DEBUG Engine               - class com.almasb.fxgl.dev.DevService
08:00:33.562 [JavaFX Application Thread] DEBUG FXGLApplication      - Exiting FXGL
08:00:33.563 [JavaFX Application Thread] DEBUG LoopRunner           - Stopping loop
08:00:33.563 [JavaFX Application Thread] DEBUG SystemBundleService  - Saving FXGL system data
08:00:33.564 [JavaFX Application Thread] DEBUG FileSystemAccess     - Writing to: /home/raphi/Documents/POS/Overtale/system/fxgl.bundle
08:00:33.564 [JavaFX Application Thread] DEBUG Async                - Shutting down background threads
08:00:33.564 [JavaFX Application Thread] DEBUG PrimaryStageWindow   - Closing main window
08:00:33.573 [JavaFX Application Thread] DEBUG Logger               - Closing Logger
