08:05:56.867 [main                     ] DEBUG Logger               - Configured Logger
08:05:56.884 [main                     ] DEBUG GameApplication      - Logging settings
Title: Overtale
Version: 0.1
Width: 800
Height: 600
Fullscreen: true
Intro: false
Profiling: false
Single step:false
App Mode: DEVELOPER
Menu Key: ESCAPE
Stage Style: DECORATED
Scene Factory: class com.almasb.fxgl.app.scene.SceneFactory

08:05:57.331 [JavaFX Application Thread] DEBUG FXGLApplication      - Initializing FXGL
08:05:57.336 [JavaFX Application Thread] INFO  Engine               - FXGL-17.3 (30.03.2023 11.49) on LINUX (J:25.0.1 FX:21.0.6)
08:05:57.338 [JavaFX Application Thread] DEBUG Engine               - JRE Vendor Name: Oracle Corporation
08:05:57.338 [JavaFX Application Thread] DEBUG Engine               - Running on OS: Linux version 6.19.10-1-cachyos
08:05:57.339 [JavaFX Application Thread] DEBUG Engine               - Architecture: amd64
08:05:57.339 [JavaFX Application Thread] INFO  Engine               - Source code and latest versions at: https://github.com/AlmasB/FXGL
08:05:57.339 [JavaFX Application Thread] INFO  Engine               -       Ask questions and discuss at: https://github.com/AlmasB/FXGL/discussions
08:05:57.339 [JavaFX Application Thread] INFO  Engine               -              Join the FXGL chat at: https://gitter.im/AlmasB/FXGL
08:05:57.511 [JavaFX Application Thread] DEBUG PrimaryStageWindow   - Creating a JavaFX scene
08:05:57.673 [JavaFX Application Thread] DEBUG PrimaryStageWindow   - Target settings size: 800.0 x 600.0
08:05:57.673 [JavaFX Application Thread] DEBUG PrimaryStageWindow   - Scaled scene size:    800.0 x 600.0
08:05:57.673 [JavaFX Application Thread] DEBUG PrimaryStageWindow   - Scaled ratio: (1.0, 1.0)
08:05:57.674 [JavaFX Application Thread] DEBUG PrimaryStageWindow   - Set initial scene to FXGLStartupScene
08:05:57.677 [JavaFX Application Thread] DEBUG PrimaryStageWindow   - Opening main window
08:05:57.720 [JavaFX Application Thread] DEBUG PrimaryStageWindow   - Window border size: (0.0, 35.0)
08:05:57.720 [JavaFX Application Thread] DEBUG PrimaryStageWindow   - Scaled size: 800.0 x 565.0
08:05:57.720 [JavaFX Application Thread] DEBUG PrimaryStageWindow   - Scaled ratio: (1.0, 0.9416666666666667)
08:05:57.721 [JavaFX Application Thread] DEBUG PrimaryStageWindow   - Scene size: 800.0 x 600.0
08:05:57.721 [JavaFX Application Thread] DEBUG PrimaryStageWindow   - Stage size: 800.0 x 600.0
08:05:57.722 [JavaFX Application Thread] DEBUG PrimaryStageWindow   - Going fullscreen
08:05:57.733 [FXGL Background Thread 1 ] DEBUG Engine               - Initializing environment variables
08:05:57.826 [FXGL Background Thread 1 ] DEBUG FXGLAssetLoaderServi - User app class for loading assets: class at.htl.overtale.GameApp
08:05:57.826 [FXGL Background Thread 1 ] DEBUG GameApplicationServi - Applying CSS: fxgl_dark.css
08:05:57.829 [FXGL Background Thread 1 ] DEBUG FXGLAssetLoaderServi - Loading from file system: jar:file:///home/daniel/.m2/repository/com/github/almasb/fxgl/17.3/fxgl-17.3.jar!/fxglassets/ui/css/fxgl_dark.css
08:05:58.007 [FXGL Background Thread 1 ] DEBUG GameApplicationServi - Initializing application scenes
08:05:58.261 [FXGL Background Thread 1 ] DEBUG GameWorld            - Game world initialized
08:05:58.341 [FXGL Background Thread 1 ] DEBUG PhysicsWorld         - Physics world initialized: appHeight=600, physics.ppm=50.0
08:05:58.341 [FXGL Background Thread 1 ] DEBUG PhysicsWorld         - Using strategy: BRUTE_FORCE
08:05:58.347 [FXGL Background Thread 1 ] DEBUG GameScene            - Game scene initialized: 800x600
08:05:58.359 [FXGL Background Thread 1 ] DEBUG FXGL.DefaultMenu     - createMenuBodyGameMenu()
08:05:58.373 [FXGL Background Thread 1 ] DEBUG FXGL.DefaultMenu     - createOptionsMenu()
08:05:58.382 [FXGL Background Thread 1 ] DEBUG FXGLAssetLoaderServi - Loading from file system: jar:file:///home/daniel/.m2/repository/com/github/almasb/fxgl/17.3/fxgl-17.3.jar!/fxglassets/textures/particles/smoke.png
08:05:58.448 [FXGL Background Thread 1 ] DEBUG FXGLAssetLoaderServi - Loading from file system: jar:file:///home/daniel/.m2/repository/com/github/almasb/fxgl/17.3/fxgl-17.3.jar!/fxglassets/textures/particles/trace_horizontal.png
08:05:58.468 [FXGL Background Thread 1 ] DEBUG GameApplicationServi - Application scenes initialized
08:05:58.476 [FXGL Background Thread 1 ] DEBUG SystemBundleService  - Loading FXGL system data
08:05:58.477 [FXGL Background Thread 1 ] DEBUG FileSystemAccess     - Reading from: /home/daniel/IdeaProjects/Overtale/system/fxgl.bundle
08:05:58.478 [FXGL Background Thread 1 ] DEBUG SystemBundleService  - Bundle FXGL: {}
08:05:58.478 [FXGL Background Thread 1 ] DEBUG UpdaterService       - Checking for updates
08:05:58.482 [FXGL Background Thread 4 ] DEBUG FXGLApplication      - Loading fonts
08:05:58.483 [FXGL Background Thread 4 ] DEBUG FXGLAssetLoaderServi - Loading from file system: jar:file:///home/daniel/.m2/repository/com/github/almasb/fxgl/17.3/fxgl-17.3.jar!/fxglassets/ui/fonts/VarelaRound-Regular.ttf
08:05:58.483 [FXGL Background Thread 1 ] DEBUG FXGLApplication      - Loading default localization
08:05:58.484 [FXGL Background Thread 1 ] DEBUG FXGLAssetLoaderServi - Loading from file system: jar:file:///home/daniel/.m2/repository/com/github/almasb/fxgl/17.3/fxgl-17.3.jar!/fxglassets/languages/english.lang
08:05:58.490 [FXGL Background Thread 4 ] DEBUG FXGLAssetLoaderServi - Loading from file system: jar:file:///home/daniel/.m2/repository/com/github/almasb/fxgl/17.3/fxgl-17.3.jar!/fxglassets/ui/fonts/Abel-Regular.ttf
08:05:58.491 [FXGL Background Thread 4 ] DEBUG FXGLAssetLoaderServi - Loading from file system: jar:file:///home/daniel/.m2/repository/com/github/almasb/fxgl/17.3/fxgl-17.3.jar!/fxglassets/ui/fonts/TerminalLandMono-Regular.otf
08:05:58.493 [FXGL Background Thread 4 ] DEBUG FXGLAssetLoaderServi - Loading from file system: jar:file:///home/daniel/.m2/repository/com/github/almasb/fxgl/17.3/fxgl-17.3.jar!/fxglassets/ui/fonts/Courier-Prime.ttf
08:05:58.497 [JavaFX Application Thread] DEBUG FXGLApplication      - Registering font factories with UI factory
08:05:58.500 [FXGL Background Thread 1 ] INFO  FXGLApplication      - FXGL initialization took: 0.767 sec
08:05:58.524 [JavaFX Application Thread] DEBUG Input                - Registered new binding: action0 - W
08:05:58.524 [JavaFX Application Thread] DEBUG Input                - Registered new binding: action1 - S
08:05:58.525 [JavaFX Application Thread] DEBUG Input                - Registered new binding: action2 - D
08:05:58.525 [JavaFX Application Thread] DEBUG Input                - Registered new binding: action3 - A
08:05:58.527 [JavaFX Application Thread] DEBUG Input                - Registered new binding: action4 - Up
08:05:58.528 [JavaFX Application Thread] DEBUG Input                - Registered new binding: action5 - Down
08:05:58.540 [JavaFX Application Thread] DEBUG Input                - Registered new binding: action6 - Left
08:05:58.541 [JavaFX Application Thread] DEBUG Input                - Registered new binding: action7 - Right
08:05:58.541 [JavaFX Application Thread] DEBUG Input                - Registered new binding: action8 - X
08:05:58.542 [JavaFX Application Thread] DEBUG Input                - Registered new binding: action9 - Q
08:05:58.542 [JavaFX Application Thread] DEBUG Input                - Registered new binding: action10 - Z
08:05:58.543 [JavaFX Application Thread] DEBUG Input                - Registered new binding: action11 - E
08:05:58.543 [JavaFX Application Thread] DEBUG FXGLAssetLoaderServi - Loading from file system: jar:file:///home/daniel/.m2/repository/com/github/almasb/fxgl/17.3/fxgl-17.3.jar!/fxglassets/textures/fxgl_icon.png
08:05:58.565 [JavaFX Application Thread] DEBUG FXGLAssetLoaderServi - Loading from file system: jar:file:///home/daniel/.m2/repository/com/github/almasb/fxgl/17.3/fxgl-17.3.jar!/fxglassets/textures/fxgl_default_cursor.png
08:05:58.566 [JavaFX Application Thread] DEBUG Input                - Registered new binding: Screenshot - CTRL+8
08:05:58.567 [JavaFX Application Thread] DEBUG Input                - Registered new binding: System info dump - CTRL+9
08:05:58.567 [JavaFX Application Thread] DEBUG Input                - Registered new binding: Restart - CTRL+R
08:05:58.567 [JavaFX Application Thread] DEBUG Input                - Registered new binding: Toggle Debug Camera - CTRL+7
08:05:58.569 [JavaFX Application Thread] DEBUG LoopRunner           - Starting loop
08:05:58.569 [JavaFX Application Thread] DEBUG LoopRunner           - Initializing JavaFX AnimationTimerLoop
08:05:58.570 [JavaFX Application Thread] DEBUG GameApplicationServi - Starting new game
08:05:58.571 [JavaFX Application Thread] DEBUG Input                - Clearing active input actions
08:05:58.579 [JavaFX Application Thread] DEBUG GameApplicationServi - Removing overlay from FXGLStartupScene and adding to FXGLLoadingScene
08:05:58.579 [JavaFX Application Thread] DEBUG PrimaryStageWindow   - FXGLStartupScene -> FXGLLoadingScene
08:05:58.579 [JavaFX Application Thread] DEBUG GameApplicationServi - Clearing previous game
08:05:58.579 [JavaFX Application Thread] DEBUG GameScene            - Clearing game scene
08:05:58.580 [JavaFX Application Thread] DEBUG GameWorld            - Clearing game world
08:05:58.580 [JavaFX Application Thread] DEBUG PhysicsWorld         - Clearing physics world
08:05:58.583 [FXGL Background Thread 1 ] DEBUG FXGLApplication      - Initializing game
08:05:58.639 [FXGL Background Thread 1 ] WARN  TMXLevelLoader       - TiledMap generated from 1.12.1. Supported version: 1.9.0. Some features may not be parsed fully.
08:05:58.649 [FXGL Background Thread 1 ] DEBUG TMXLevelLoader       - Parsed TiledMap: file:/home/daniel/IdeaProjects/Overtale/target/classes/assets/levels/TestMap1.tmx
08:05:58.650 [FXGL Background Thread 1 ] DEBUG TMXLevelLoader       - Creating tile layer entities
08:05:58.653 [FXGL Background Thread 1 ] DEBUG TilesetLoader        - Loading view for layer Tile Layer 1
08:05:58.654 [FXGL Background Thread 1 ] DEBUG TilesetLoader        - Created buffer with size 960.0x960.0
08:05:58.656 [FXGL Background Thread 1 ] DEBUG TilesetLoader        - Loading view for layer path_layer
08:05:58.657 [FXGL Background Thread 1 ] DEBUG TilesetLoader        - Created buffer with size 960.0x960.0
08:05:58.664 [FXGL Background Thread 1 ] WARN  TMXLevelLoader       - Parse error
java.lang.IllegalArgumentException: Tile with id=11 not found
	at com.almasb.fxgl.entity@17.3/com.almasb.fxgl.entity.level.tiled.TilesetLoader.loadView(TilesetLoader.kt:153)
	at com.almasb.fxgl.entity@17.3/com.almasb.fxgl.entity.level.tiled.TMXLevelLoader$createTileLayerEntities$1.invoke(TMXLevelLoader.kt:100)
	at com.almasb.fxgl.entity@17.3/com.almasb.fxgl.entity.level.tiled.TMXLevelLoader$createTileLayerEntities$1.invoke(TMXLevelLoader.kt:89)
	at com.almasb.fxgl.entity@17.3/com.almasb.fxgl.entity.level.tiled.TMXLevelLoader.createTileLayerEntities$lambda$3(TMXLevelLoader.kt:89)
	at java.base/java.util.stream.ReferencePipeline$3$1.accept(ReferencePipeline.java:214)
	at java.base/java.util.ArrayList$ArrayListSpliterator.forEachRemaining(ArrayList.java:1716)
	at java.base/java.util.stream.AbstractPipeline.copyInto(AbstractPipeline.java:570)
	at java.base/java.util.stream.AbstractPipeline.wrapAndCopyInto(AbstractPipeline.java:560)
	at java.base/java.util.stream.ReduceOps$ReduceOp.evaluateSequential(ReduceOps.java:921)
	at java.base/java.util.stream.AbstractPipeline.evaluate(AbstractPipeline.java:265)
	at java.base/java.util.stream.ReferencePipeline.collect(ReferencePipeline.java:723)
	at com.almasb.fxgl.entity@17.3/com.almasb.fxgl.entity.level.tiled.TMXLevelLoader.createTileLayerEntities(TMXLevelLoader.kt:117)
	at com.almasb.fxgl.entity@17.3/com.almasb.fxgl.entity.level.tiled.TMXLevelLoader.load(TMXLevelLoader.kt:58)
	at com.almasb.fxgl.all@17.3/com.almasb.fxgl.app.services.FXGLAssetLoaderService.loadLevel(FXGLAssetLoaderService.kt:430)
	at com.almasb.fxgl.all@17.3/com.almasb.fxgl.dsl.FXGL$Companion.setLevelFromMap(FXGL.kt:634)
	at com.almasb.fxgl.all@17.3/com.almasb.fxgl.dsl.FXGL.setLevelFromMap(FXGL.kt)
	at at.htl.overtale@1.0-SNAPSHOT/at.htl.overtale.GameApp.initGame(GameApp.java:289)
	at com.almasb.fxgl.all@17.3/com.almasb.fxgl.app.FXGLApplication$InitAppTask.initGame(FXGLApplication.kt:339)
	at com.almasb.fxgl.all@17.3/com.almasb.fxgl.app.FXGLApplication$InitAppTask.call(FXGLApplication.kt:319)
	at com.almasb.fxgl.all@17.3/com.almasb.fxgl.app.FXGLApplication$InitAppTask.call(FXGLApplication.kt:311)
	at javafx.graphics@21.0.6/javafx.concurrent.Task$TaskCallable.call(Task.java:1399)
	at java.base/java.util.concurrent.FutureTask.run(FutureTask.java:328)
	at java.base/java.util.concurrent.Executors$RunnableAdapter.call(Executors.java:545)
	at java.base/java.util.concurrent.FutureTask.run(FutureTask.java:328)
	at java.base/java.util.concurrent.ThreadPoolExecutor.runWorker(ThreadPoolExecutor.java:1090)
	at java.base/java.util.concurrent.ThreadPoolExecutor$Worker.run(ThreadPoolExecutor.java:614)
	at java.base/java.lang.Thread.run(Thread.java:1474)

08:05:58.694 [JavaFX Application Thread] DEBUG LoopRunner           - Stopping loop
08:05:58.694 [JavaFX Application Thread] FATAL FXGLApplication      - Uncaught Exception:
java.lang.RuntimeException: Initialization failed
	at com.almasb.fxgl.all@17.3/com.almasb.fxgl.app.FXGLApplication$InitAppTask.failed(FXGLApplication.kt:343)
	at javafx.graphics@21.0.6/javafx.concurrent.Task.setState(Task.java:710)
	at javafx.graphics@21.0.6/javafx.concurrent.Task$TaskCallable.lambda$call$2(Task.java:1429)
	at javafx.graphics@21.0.6/com.sun.javafx.application.PlatformImpl.lambda$runLater$10(PlatformImpl.java:456)
	at java.base/java.security.AccessController.doPrivileged(AccessController.java:138)
	at javafx.graphics@21.0.6/com.sun.javafx.application.PlatformImpl.lambda$runLater$11(PlatformImpl.java:455)
	at javafx.graphics@21.0.6/com.sun.glass.ui.InvokeLaterDispatcher$Future.run(InvokeLaterDispatcher.java:95)
	at javafx.graphics@21.0.6/com.sun.glass.ui.gtk.GtkApplication._runLoop(Native Method)
	at javafx.graphics@21.0.6/com.sun.glass.ui.gtk.GtkApplication.lambda$runLoop$10(GtkApplication.java:263)
	at java.base/java.lang.Thread.run(Thread.java:1474)
Caused by: com.almasb.fxgl.entity.level.LevelLoadingException: Tile with id=11 not found
	at com.almasb.fxgl.entity@17.3/com.almasb.fxgl.entity.level.tiled.TMXLevelLoader.load(TMXLevelLoader.kt:78)
	at com.almasb.fxgl.all@17.3/com.almasb.fxgl.app.services.FXGLAssetLoaderService.loadLevel(FXGLAssetLoaderService.kt:430)
	at com.almasb.fxgl.all@17.3/com.almasb.fxgl.dsl.FXGL$Companion.setLevelFromMap(FXGL.kt:634)
	at com.almasb.fxgl.all@17.3/com.almasb.fxgl.dsl.FXGL.setLevelFromMap(FXGL.kt)
	at at.htl.overtale@1.0-SNAPSHOT/at.htl.overtale.GameApp.initGame(GameApp.java:289)
	at com.almasb.fxgl.all@17.3/com.almasb.fxgl.app.FXGLApplication$InitAppTask.initGame(FXGLApplication.kt:339)
	at com.almasb.fxgl.all@17.3/com.almasb.fxgl.app.FXGLApplication$InitAppTask.call(FXGLApplication.kt:319)
	at com.almasb.fxgl.all@17.3/com.almasb.fxgl.app.FXGLApplication$InitAppTask.call(FXGLApplication.kt:311)
	at javafx.graphics@21.0.6/javafx.concurrent.Task$TaskCallable.call(Task.java:1399)
	at java.base/java.util.concurrent.FutureTask.run(FutureTask.java:328)
	at java.base/java.util.concurrent.Executors$RunnableAdapter.call(Executors.java:545)
	at java.base/java.util.concurrent.FutureTask.run(FutureTask.java:328)
	at java.base/java.util.concurrent.ThreadPoolExecutor.runWorker(ThreadPoolExecutor.java:1090)
	at java.base/java.util.concurrent.ThreadPoolExecutor$Worker.run(ThreadPoolExecutor.java:614)
	... 1 more
Caused by: java.lang.IllegalArgumentException: Tile with id=11 not found
	at com.almasb.fxgl.entity@17.3/com.almasb.fxgl.entity.level.tiled.TilesetLoader.loadView(TilesetLoader.kt:153)
	at com.almasb.fxgl.entity@17.3/com.almasb.fxgl.entity.level.tiled.TMXLevelLoader$createTileLayerEntities$1.invoke(TMXLevelLoader.kt:100)
	at com.almasb.fxgl.entity@17.3/com.almasb.fxgl.entity.level.tiled.TMXLevelLoader$createTileLayerEntities$1.invoke(TMXLevelLoader.kt:89)
	at com.almasb.fxgl.entity@17.3/com.almasb.fxgl.entity.level.tiled.TMXLevelLoader.createTileLayerEntities$lambda$3(TMXLevelLoader.kt:89)
	at java.base/java.util.stream.ReferencePipeline$3$1.accept(ReferencePipeline.java:214)
	at java.base/java.util.ArrayList$ArrayListSpliterator.forEachRemaining(ArrayList.java:1716)
	at java.base/java.util.stream.AbstractPipeline.copyInto(AbstractPipeline.java:570)
	at java.base/java.util.stream.AbstractPipeline.wrapAndCopyInto(AbstractPipeline.java:560)
	at java.base/java.util.stream.ReduceOps$ReduceOp.evaluateSequential(ReduceOps.java:921)
	at java.base/java.util.stream.AbstractPipeline.evaluate(AbstractPipeline.java:265)
	at java.base/java.util.stream.ReferencePipeline.collect(ReferencePipeline.java:723)
	at com.almasb.fxgl.entity@17.3/com.almasb.fxgl.entity.level.tiled.TMXLevelLoader.createTileLayerEntities(TMXLevelLoader.kt:117)
	at com.almasb.fxgl.entity@17.3/com.almasb.fxgl.entity.level.tiled.TMXLevelLoader.load(TMXLevelLoader.kt:58)
	... 14 more

08:05:58.695 [JavaFX Application Thread] FATAL FXGLApplication      - Application will now exit
08:05:58.719 [JavaFX Application Thread] DEBUG PrimaryStageWindow   - Push state: ErrorSubScene
08:05:58.719 [JavaFX Application Thread] DEBUG Input                - Clearing active input actions
08:05:58.726 [JavaFX Application Thread] DEBUG GameApplicationServi - Removing overlay from FXGLLoadingScene and adding to ErrorSubScene
08:05:58.727 [JavaFX Application Thread] DEBUG PrimaryStageWindow   - FXGLLoadingScene -> ErrorSubScene
08:05:59.344 [FXGL Background Thread 2 ] INFO  UpdaterService       - Your current version:  17.3
08:05:59.344 [FXGL Background Thread 2 ] INFO  UpdaterService       - Latest stable version: 25
08:06:01.481 [FXGL Background Thread 3 ] DEBUG Engine               - Logging environment variables
08:06:01.481 [FXGL Background Thread 3 ] DEBUG Engine               - achievements: []
08:06:01.481 [FXGL Background Thread 3 ] DEBUG Engine               - actualHeight: 600.0
08:06:01.481 [FXGL Background Thread 3 ] DEBUG Engine               - actualHeightProperty: ReadOnlyDoubleProperty [value: 1080.0]
08:06:01.481 [FXGL Background Thread 3 ] DEBUG Engine               - actualWidth: 800.0
08:06:01.481 [FXGL Background Thread 3 ] DEBUG Engine               - actualWidthProperty: ReadOnlyDoubleProperty [value: 1920.0]
08:06:01.481 [FXGL Background Thread 3 ] DEBUG Engine               - appIcon: fxgl_icon.png
08:06:01.482 [FXGL Background Thread 3 ] DEBUG Engine               - applicationMode: DEVELOPER
08:06:01.482 [FXGL Background Thread 3 ] DEBUG Engine               - cSSList: [fxgl_dark.css]
08:06:01.482 [FXGL Background Thread 3 ] DEBUG Engine               - collisionDetectionStrategy: BRUTE_FORCE
08:06:01.482 [FXGL Background Thread 3 ] DEBUG Engine               - configClass: Optional.empty
08:06:01.482 [FXGL Background Thread 3 ] DEBUG Engine               - credits: []
08:06:01.482 [FXGL Background Thread 3 ] DEBUG Engine               - defaultCursor: CursorInfo(imageName=fxgl_default_cursor.png, hotspotX=7.0, hotspotY=6.0)
08:06:01.482 [FXGL Background Thread 3 ] DEBUG Engine               - devBBoxColorProperty: ObjectProperty [value: 0xff0000ff]
08:06:01.482 [FXGL Background Thread 3 ] DEBUG Engine               - devEnableDebugCameraProperty: BooleanProperty [value: false]
08:06:01.482 [FXGL Background Thread 3 ] DEBUG Engine               - devSensorColorProperty: ObjectProperty [value: 0xffff00ff]
08:06:01.482 [FXGL Background Thread 3 ] DEBUG Engine               - devShowBBoxProperty: BooleanProperty [value: false]
08:06:01.482 [FXGL Background Thread 3 ] DEBUG Engine               - devShowPositionProperty: BooleanProperty [value: false]
08:06:01.482 [FXGL Background Thread 3 ] DEBUG Engine               - enabledMenuItems: []
08:06:01.482 [FXGL Background Thread 3 ] DEBUG Engine               - engineServices: [class com.almasb.fxgl.app.services.FXGLAssetLoaderService, class com.almasb.fxgl.app.FXGLApplication$GameApplicationService, class com.almasb.fxgl.app.services.FXGLDialogService, class com.almasb.fxgl.app.services.IOTaskExecutorService, class com.almasb.fxgl.io.FileSystemService, class com.almasb.fxgl.localization.LocalizationService, class com.almasb.fxgl.app.services.SystemBundleService, class com.almasb.fxgl.profile.SaveLoadService, class com.almasb.fxgl.ui.FXGLUIFactoryServiceProvider, class com.almasb.fxgl.ui.FXGLDialogFactoryServiceProvider, class com.almasb.fxgl.audio.AudioPlayer, class com.almasb.fxgl.notification.impl.NotificationServiceProvider, class com.almasb.fxgl.achievement.AchievementService, class com.almasb.fxgl.cutscene.CutsceneService, class com.almasb.fxgl.minigames.MiniGameService, class com.almasb.fxgl.net.NetService, class com.almasb.fxgl.app.services.UpdaterService, class com.almasb.fxgl.dev.DevService]
08:06:01.482 [FXGL Background Thread 3 ] DEBUG Engine               - fontGame: Abel-Regular.ttf
08:06:01.483 [FXGL Background Thread 3 ] DEBUG Engine               - fontMono: TerminalLandMono-Regular.otf
08:06:01.483 [FXGL Background Thread 3 ] DEBUG Engine               - fontSizeScaleUI: 1.0
08:06:01.483 [FXGL Background Thread 3 ] DEBUG Engine               - fontText: Courier-Prime.ttf
08:06:01.483 [FXGL Background Thread 3 ] DEBUG Engine               - fontUI: VarelaRound-Regular.ttf
08:06:01.483 [FXGL Background Thread 3 ] DEBUG Engine               - fullScreen: BooleanProperty [value: true]
08:06:01.483 [FXGL Background Thread 3 ] DEBUG Engine               - gameDifficulty: MEDIUM
08:06:01.483 [FXGL Background Thread 3 ] DEBUG Engine               - gameDifficultyProperty: ObjectProperty [value: MEDIUM]
08:06:01.483 [FXGL Background Thread 3 ] DEBUG Engine               - globalMusicVolume: 0.5
08:06:01.483 [FXGL Background Thread 3 ] DEBUG Engine               - globalMusicVolumeProperty: DoubleProperty [value: 0.5]
08:06:01.483 [FXGL Background Thread 3 ] DEBUG Engine               - globalSoundVolume: 0.5
08:06:01.483 [FXGL Background Thread 3 ] DEBUG Engine               - globalSoundVolumeProperty: DoubleProperty [value: 0.5]
08:06:01.483 [FXGL Background Thread 3 ] DEBUG Engine               - height: 600
08:06:01.483 [FXGL Background Thread 3 ] DEBUG Engine               - is3D: false
08:06:01.483 [FXGL Background Thread 3 ] DEBUG Engine               - isAndroid: false
08:06:01.483 [FXGL Background Thread 3 ] DEBUG Engine               - isBrowser: false
08:06:01.483 [FXGL Background Thread 3 ] DEBUG Engine               - isClickFeedbackEnabled: false
08:06:01.483 [FXGL Background Thread 3 ] DEBUG Engine               - isCloseConfirmation: false
08:06:01.483 [FXGL Background Thread 3 ] DEBUG Engine               - isDesktop: true
08:06:01.483 [FXGL Background Thread 3 ] DEBUG Engine               - isDeveloperMenuEnabled: false
08:06:01.483 [FXGL Background Thread 3 ] DEBUG Engine               - isEmbedded: false
08:06:01.483 [FXGL Background Thread 3 ] DEBUG Engine               - isEntityPreloadEnabled: true
08:06:01.484 [FXGL Background Thread 3 ] DEBUG Engine               - isExperimentalTiledLargeMap: false
08:06:01.484 [FXGL Background Thread 3 ] DEBUG Engine               - isFileSystemWriteAllowed: true
08:06:01.484 [FXGL Background Thread 3 ] DEBUG Engine               - isFullScreenAllowed: true
08:06:01.484 [FXGL Background Thread 3 ] DEBUG Engine               - isFullScreenFromStart: true
08:06:01.484 [FXGL Background Thread 3 ] DEBUG Engine               - isGameMenuEnabled: true
08:06:01.484 [FXGL Background Thread 3 ] DEBUG Engine               - isIOS: false
08:06:01.484 [FXGL Background Thread 3 ] DEBUG Engine               - isIntroEnabled: false
08:06:01.484 [FXGL Background Thread 3 ] DEBUG Engine               - isLinux: true
08:06:01.484 [FXGL Background Thread 3 ] DEBUG Engine               - isMac: false
08:06:01.484 [FXGL Background Thread 3 ] DEBUG Engine               - isMainMenuEnabled: false
08:06:01.484 [FXGL Background Thread 3 ] DEBUG Engine               - isManualResizeEnabled: false
08:06:01.484 [FXGL Background Thread 3 ] DEBUG Engine               - isMobile: false
08:06:01.484 [FXGL Background Thread 3 ] DEBUG Engine               - isNative: false
08:06:01.484 [FXGL Background Thread 3 ] DEBUG Engine               - isPauseMusicWhenMinimized: true
08:06:01.484 [FXGL Background Thread 3 ] DEBUG Engine               - isPreserveResizeRatio: false
08:06:01.484 [FXGL Background Thread 3 ] DEBUG Engine               - isProfilingEnabled: false
08:06:01.484 [FXGL Background Thread 3 ] DEBUG Engine               - isScaleAffectedOnResize: true
08:06:01.484 [FXGL Background Thread 3 ] DEBUG Engine               - isSingleStep: false
08:06:01.484 [FXGL Background Thread 3 ] DEBUG Engine               - isUserProfileEnabled: false
08:06:01.484 [FXGL Background Thread 3 ] DEBUG Engine               - isWindows: false
08:06:01.484 [FXGL Background Thread 3 ] DEBUG Engine               - language: ObjectProperty [value: ENGLISH]
08:06:01.484 [FXGL Background Thread 3 ] DEBUG Engine               - menuKey: ESCAPE
08:06:01.484 [FXGL Background Thread 3 ] DEBUG Engine               - mouseSensitivity: 0.2
08:06:01.485 [FXGL Background Thread 3 ] DEBUG Engine               - notificationViewClass: class com.almasb.fxgl.notification.view.XboxNotificationView
08:06:01.485 [FXGL Background Thread 3 ] DEBUG Engine               - pixelsPerMeter: 50.0
08:06:01.485 [FXGL Background Thread 3 ] DEBUG Engine               - platform: LINUX
08:06:01.485 [FXGL Background Thread 3 ] DEBUG Engine               - prefHeightProperty: ReadOnlyDoubleProperty [value: 600.0]
08:06:01.485 [FXGL Background Thread 3 ] DEBUG Engine               - prefWidthProperty: ReadOnlyDoubleProperty [value: 800.0]
08:06:01.485 [FXGL Background Thread 3 ] DEBUG Engine               - profileDir: profiles/
08:06:01.485 [FXGL Background Thread 3 ] DEBUG Engine               - profileName: StringProperty [value: DEFAULT]
08:06:01.485 [FXGL Background Thread 3 ] DEBUG Engine               - randomSeed: -1
08:06:01.485 [FXGL Background Thread 3 ] DEBUG Engine               - runtimeInfo: RuntimeInfo(platform=LINUX, version=17.3, build=30.03.2023 11.49)
08:06:01.485 [FXGL Background Thread 3 ] DEBUG Engine               - saveFileExt: sav
08:06:01.485 [FXGL Background Thread 3 ] DEBUG Engine               - scaledHeightProp$fxgl: DoubleProperty [bound, value: 1080.0]
08:06:01.485 [FXGL Background Thread 3 ] DEBUG Engine               - scaledWidthProp$fxgl: DoubleProperty [bound, value: 1920.0]
08:06:01.485 [FXGL Background Thread 3 ] DEBUG Engine               - sceneFactory: com.almasb.fxgl.app.scene.SceneFactory@62cb48e6
08:06:01.485 [FXGL Background Thread 3 ] DEBUG Engine               - secondsIn24h: 60
08:06:01.486 [FXGL Background Thread 3 ] DEBUG Engine               - soundMenuBack: menu/back.wav
08:06:01.486 [FXGL Background Thread 3 ] DEBUG Engine               - soundMenuPress: menu/press.wav
08:06:01.486 [FXGL Background Thread 3 ] DEBUG Engine               - soundMenuSelect: menu/select.wav
08:06:01.486 [FXGL Background Thread 3 ] DEBUG Engine               - soundNotification: core/notification.wav
08:06:01.486 [FXGL Background Thread 3 ] DEBUG Engine               - stageStyle: DECORATED
08:06:01.486 [FXGL Background Thread 3 ] DEBUG Engine               - supportedLanguages: [ENGLISH, FRENCH, GERMAN, HUNGARIAN, RUSSIAN]
08:06:01.486 [FXGL Background Thread 3 ] DEBUG Engine               - ticksPerSecond: -1
08:06:01.486 [FXGL Background Thread 3 ] DEBUG Engine               - title: Overtale
08:06:01.486 [FXGL Background Thread 3 ] DEBUG Engine               - urlGithub: https://github.com/AlmasB/FXGL
08:06:01.486 [FXGL Background Thread 3 ] DEBUG Engine               - urlLeaderboard: http://fxgl-top.herokuapp.com/
08:06:01.486 [FXGL Background Thread 3 ] DEBUG Engine               - urlPOM: https://raw.githubusercontent.com/AlmasB/FXGL/release/README.md
08:06:01.486 [FXGL Background Thread 3 ] DEBUG Engine               - userAppClass: class at.htl.overtale.GameApp
08:06:01.486 [FXGL Background Thread 3 ] DEBUG Engine               - version: 0.1
08:06:01.486 [FXGL Background Thread 3 ] DEBUG Engine               - versionCheckDays: 7
08:06:01.486 [FXGL Background Thread 3 ] DEBUG Engine               - width: 800
08:06:01.486 [FXGL Background Thread 3 ] DEBUG Engine               - Logging services
08:06:01.486 [FXGL Background Thread 3 ] DEBUG Engine               - class com.almasb.fxgl.app.services.FXGLAssetLoaderService
08:06:01.486 [FXGL Background Thread 3 ] DEBUG Engine               - class com.almasb.fxgl.app.FXGLApplication$GameApplicationService
08:06:01.486 [FXGL Background Thread 3 ] DEBUG Engine               - class com.almasb.fxgl.app.services.FXGLDialogService
08:06:01.486 [FXGL Background Thread 3 ] DEBUG Engine               - class com.almasb.fxgl.app.services.IOTaskExecutorService
08:06:01.486 [FXGL Background Thread 3 ] DEBUG Engine               - class com.almasb.fxgl.io.FileSystemService
08:06:01.486 [FXGL Background Thread 3 ] DEBUG Engine               - class com.almasb.fxgl.localization.LocalizationService
08:06:01.486 [FXGL Background Thread 3 ] DEBUG Engine               - class com.almasb.fxgl.app.services.SystemBundleService
08:06:01.486 [FXGL Background Thread 3 ] DEBUG Engine               - class com.almasb.fxgl.profile.SaveLoadService
08:06:01.486 [FXGL Background Thread 3 ] DEBUG Engine               - class com.almasb.fxgl.ui.FXGLUIFactoryServiceProvider
08:06:01.486 [FXGL Background Thread 3 ] DEBUG Engine               - class com.almasb.fxgl.ui.FXGLDialogFactoryServiceProvider
08:06:01.486 [FXGL Background Thread 3 ] DEBUG Engine               - class com.almasb.fxgl.audio.AudioPlayer
08:06:01.486 [FXGL Background Thread 3 ] DEBUG Engine               - class com.almasb.fxgl.notification.impl.NotificationServiceProvider
08:06:01.486 [FXGL Background Thread 3 ] DEBUG Engine               - class com.almasb.fxgl.achievement.AchievementService
08:06:01.487 [FXGL Background Thread 3 ] DEBUG Engine               - class com.almasb.fxgl.cutscene.CutsceneService
08:06:01.487 [FXGL Background Thread 3 ] DEBUG Engine               - class com.almasb.fxgl.minigames.MiniGameService
08:06:01.487 [FXGL Background Thread 3 ] DEBUG Engine               - class com.almasb.fxgl.net.NetService
08:06:01.487 [FXGL Background Thread 3 ] DEBUG Engine               - class com.almasb.fxgl.app.services.UpdaterService
08:06:01.487 [FXGL Background Thread 3 ] DEBUG Engine               - class com.almasb.fxgl.dev.DevService
08:06:14.148 [JavaFX Application Thread] DEBUG FXGLApplication      - Exiting FXGL
08:06:14.148 [JavaFX Application Thread] DEBUG Async                - Shutting down background threads
08:06:14.149 [JavaFX Application Thread] DEBUG PrimaryStageWindow   - Closing main window
08:06:14.161 [JavaFX Application Thread] DEBUG Logger               - Closing Logger
