08:11:29.758 [main                     ] DEBUG Logger               - Configured Logger
08:11:29.767 [main                     ] DEBUG GameApplication      - Logging settings
Title: Overtale
Version: 0.1
Width: 800
Height: 600
Fullscreen: true
Intro: false
Profiling: false
Single step:false
App Mode: DEVELOPER
Menu Key: ESCAPE
Stage Style: DECORATED
Scene Factory: class com.almasb.fxgl.app.scene.SceneFactory

08:11:29.970 [JavaFX Application Thread] DEBUG FXGLApplication      - Initializing FXGL
08:11:29.971 [JavaFX Application Thread] INFO  Engine               - FXGL-17.3 (30.03.2023 11.49) on LINUX (J:25.0.2 FX:21.0.6)
08:11:29.972 [JavaFX Application Thread] DEBUG Engine               - JRE Vendor Name: Microsoft
08:11:29.972 [JavaFX Application Thread] DEBUG Engine               - Running on OS: Linux version 7.0.0-1-cachyos
08:11:29.972 [JavaFX Application Thread] DEBUG Engine               - Architecture: amd64
08:11:29.972 [JavaFX Application Thread] INFO  Engine               - Source code and latest versions at: https://github.com/AlmasB/FXGL
08:11:29.972 [JavaFX Application Thread] INFO  Engine               -       Ask questions and discuss at: https://github.com/AlmasB/FXGL/discussions
08:11:29.972 [JavaFX Application Thread] INFO  Engine               -              Join the FXGL chat at: https://gitter.im/AlmasB/FXGL
08:11:30.040 [JavaFX Application Thread] DEBUG PrimaryStageWindow   - Creating a JavaFX scene
08:11:30.107 [JavaFX Application Thread] DEBUG PrimaryStageWindow   - Target settings size: 800.0 x 600.0
08:11:30.108 [JavaFX Application Thread] DEBUG PrimaryStageWindow   - Scaled scene size:    800.0 x 600.0
08:11:30.108 [JavaFX Application Thread] DEBUG PrimaryStageWindow   - Scaled ratio: (1.0, 1.0)
08:11:30.108 [JavaFX Application Thread] DEBUG PrimaryStageWindow   - Set initial scene to FXGLStartupScene
08:11:30.111 [JavaFX Application Thread] DEBUG PrimaryStageWindow   - Opening main window
08:11:30.151 [JavaFX Application Thread] DEBUG PrimaryStageWindow   - Window border size: (0.0, 35.0)
08:11:30.151 [JavaFX Application Thread] DEBUG PrimaryStageWindow   - Scaled size: 800.0 x 565.0
08:11:30.151 [JavaFX Application Thread] DEBUG PrimaryStageWindow   - Scaled ratio: (1.0, 0.9416666666666667)
08:11:30.152 [JavaFX Application Thread] DEBUG PrimaryStageWindow   - Scene size: 800.0 x 600.0
08:11:30.152 [JavaFX Application Thread] DEBUG PrimaryStageWindow   - Stage size: 800.0 x 600.0
08:11:30.152 [JavaFX Application Thread] DEBUG PrimaryStageWindow   - Going fullscreen
08:11:30.155 [FXGL Background Thread 1 ] DEBUG Engine               - Initializing environment variables
08:11:30.188 [FXGL Background Thread 1 ] DEBUG FXGLAssetLoaderServi - User app class for loading assets: class at.htl.overtale.GameApp
08:11:30.188 [FXGL Background Thread 1 ] DEBUG GameApplicationServi - Applying CSS: fxgl_dark.css
08:11:30.188 [FXGL Background Thread 1 ] DEBUG FXGLAssetLoaderServi - Loading from file system: jar:file:///home/raphi/.m2/repository/com/github/almasb/fxgl/17.3/fxgl-17.3.jar!/fxglassets/ui/css/fxgl_dark.css
08:11:30.217 [FXGL Background Thread 1 ] DEBUG GameApplicationServi - Initializing application scenes
08:11:30.243 [FXGL Background Thread 1 ] DEBUG GameWorld            - Game world initialized
08:11:30.272 [FXGL Background Thread 1 ] DEBUG PhysicsWorld         - Physics world initialized: appHeight=600, physics.ppm=50.0
08:11:30.272 [FXGL Background Thread 1 ] DEBUG PhysicsWorld         - Using strategy: BRUTE_FORCE
08:11:30.275 [FXGL Background Thread 1 ] DEBUG GameScene            - Game scene initialized: 800x600
08:11:30.281 [FXGL Background Thread 1 ] DEBUG FXGL.DefaultMenu     - createMenuBodyGameMenu()
08:11:30.289 [FXGL Background Thread 1 ] DEBUG FXGL.DefaultMenu     - createOptionsMenu()
08:11:30.296 [FXGL Background Thread 1 ] DEBUG FXGLAssetLoaderServi - Loading from file system: jar:file:///home/raphi/.m2/repository/com/github/almasb/fxgl/17.3/fxgl-17.3.jar!/fxglassets/textures/particles/smoke.png
08:11:30.356 [FXGL Background Thread 1 ] DEBUG FXGLAssetLoaderServi - Loading from file system: jar:file:///home/raphi/.m2/repository/com/github/almasb/fxgl/17.3/fxgl-17.3.jar!/fxglassets/textures/particles/trace_horizontal.png
08:11:30.379 [FXGL Background Thread 1 ] DEBUG GameApplicationServi - Application scenes initialized
08:11:30.386 [FXGL Background Thread 1 ] DEBUG SystemBundleService  - Loading FXGL system data
08:11:30.387 [FXGL Background Thread 1 ] DEBUG FileSystemAccess     - Reading from: /home/raphi/Documents/POS/Overtale/system/fxgl.bundle
08:11:30.389 [FXGL Background Thread 1 ] DEBUG SystemBundleService  - Bundle FXGL: {}
08:11:30.389 [FXGL Background Thread 1 ] DEBUG UpdaterService       - Checking for updates
08:11:30.392 [FXGL Background Thread 4 ] DEBUG FXGLApplication      - Loading fonts
08:11:30.392 [FXGL Background Thread 4 ] DEBUG FXGLAssetLoaderServi - Loading from file system: jar:file:///home/raphi/.m2/repository/com/github/almasb/fxgl/17.3/fxgl-17.3.jar!/fxglassets/ui/fonts/VarelaRound-Regular.ttf
08:11:30.393 [FXGL Background Thread 1 ] DEBUG FXGLApplication      - Loading default localization
08:11:30.393 [FXGL Background Thread 1 ] DEBUG FXGLAssetLoaderServi - Loading from file system: jar:file:///home/raphi/.m2/repository/com/github/almasb/fxgl/17.3/fxgl-17.3.jar!/fxglassets/languages/english.lang
08:11:30.395 [FXGL Background Thread 4 ] DEBUG FXGLAssetLoaderServi - Loading from file system: jar:file:///home/raphi/.m2/repository/com/github/almasb/fxgl/17.3/fxgl-17.3.jar!/fxglassets/ui/fonts/Abel-Regular.ttf
08:11:30.396 [FXGL Background Thread 4 ] DEBUG FXGLAssetLoaderServi - Loading from file system: jar:file:///home/raphi/.m2/repository/com/github/almasb/fxgl/17.3/fxgl-17.3.jar!/fxglassets/ui/fonts/TerminalLandMono-Regular.otf
08:11:30.397 [FXGL Background Thread 4 ] DEBUG FXGLAssetLoaderServi - Loading from file system: jar:file:///home/raphi/.m2/repository/com/github/almasb/fxgl/17.3/fxgl-17.3.jar!/fxglassets/ui/fonts/Courier-Prime.ttf
08:11:30.399 [JavaFX Application Thread] DEBUG FXGLApplication      - Registering font factories with UI factory
08:11:30.403 [FXGL Background Thread 1 ] INFO  FXGLApplication      - FXGL initialization took: 0.248 sec
08:11:30.410 [JavaFX Application Thread] DEBUG Input                - Registered new binding: action0 - W
08:11:30.410 [JavaFX Application Thread] DEBUG Input                - Registered new binding: action1 - S
08:11:30.410 [JavaFX Application Thread] DEBUG Input                - Registered new binding: action2 - D
08:11:30.411 [JavaFX Application Thread] DEBUG Input                - Registered new binding: action3 - A
08:11:30.411 [JavaFX Application Thread] DEBUG Input                - Registered new binding: action4 - Up
08:11:30.411 [JavaFX Application Thread] DEBUG Input                - Registered new binding: action5 - Down
08:11:30.412 [JavaFX Application Thread] DEBUG Input                - Registered new binding: action6 - Left
08:11:30.412 [JavaFX Application Thread] DEBUG Input                - Registered new binding: action7 - Right
08:11:30.419 [JavaFX Application Thread] DEBUG Input                - Registered new binding: action8 - X
08:11:30.420 [JavaFX Application Thread] DEBUG Input                - Registered new binding: action9 - Q
08:11:30.420 [JavaFX Application Thread] DEBUG Input                - Registered new binding: action10 - Z
08:11:30.420 [JavaFX Application Thread] DEBUG Input                - Registered new binding: action11 - E
08:11:30.420 [JavaFX Application Thread] DEBUG FXGLAssetLoaderServi - Loading from file system: jar:file:///home/raphi/.m2/repository/com/github/almasb/fxgl/17.3/fxgl-17.3.jar!/fxglassets/textures/fxgl_icon.png
08:11:30.446 [JavaFX Application Thread] DEBUG FXGLAssetLoaderServi - Loading from file system: jar:file:///home/raphi/.m2/repository/com/github/almasb/fxgl/17.3/fxgl-17.3.jar!/fxglassets/textures/fxgl_default_cursor.png
08:11:30.447 [JavaFX Application Thread] DEBUG Input                - Registered new binding: Screenshot - CTRL+8
08:11:30.448 [JavaFX Application Thread] DEBUG Input                - Registered new binding: System info dump - CTRL+9
08:11:30.448 [JavaFX Application Thread] DEBUG Input                - Registered new binding: Restart - CTRL+R
08:11:30.448 [JavaFX Application Thread] DEBUG Input                - Registered new binding: Toggle Debug Camera - CTRL+7
08:11:30.450 [JavaFX Application Thread] DEBUG LoopRunner           - Starting loop
08:11:30.450 [JavaFX Application Thread] DEBUG LoopRunner           - Initializing JavaFX AnimationTimerLoop
08:11:30.451 [JavaFX Application Thread] DEBUG GameApplicationServi - Starting new game
08:11:30.451 [JavaFX Application Thread] DEBUG Input                - Clearing active input actions
08:11:30.459 [JavaFX Application Thread] DEBUG GameApplicationServi - Removing overlay from FXGLStartupScene and adding to FXGLLoadingScene
08:11:30.459 [JavaFX Application Thread] DEBUG PrimaryStageWindow   - FXGLStartupScene -> FXGLLoadingScene
08:11:30.459 [JavaFX Application Thread] DEBUG GameApplicationServi - Clearing previous game
08:11:30.460 [JavaFX Application Thread] DEBUG GameScene            - Clearing game scene
08:11:30.460 [JavaFX Application Thread] DEBUG GameWorld            - Clearing game world
08:11:30.460 [JavaFX Application Thread] DEBUG PhysicsWorld         - Clearing physics world
08:11:30.461 [FXGL Background Thread 1 ] DEBUG FXGLApplication      - Initializing game
08:11:30.486 [FXGL Background Thread 1 ] WARN  TMXLevelLoader       - TiledMap generated from 1.12.1. Supported version: 1.9.0. Some features may not be parsed fully.
08:11:30.491 [FXGL Background Thread 1 ] DEBUG TMXLevelLoader       - Parsed TiledMap: file:/home/raphi/Documents/POS/Overtale/target/classes/assets/levels/TestMap1.tmx
08:11:30.492 [FXGL Background Thread 1 ] DEBUG TMXLevelLoader       - Creating tile layer entities
08:11:30.493 [FXGL Background Thread 1 ] DEBUG TilesetLoader        - Loading view for layer Tile Layer 1
08:11:30.494 [FXGL Background Thread 1 ] DEBUG TilesetLoader        - Created buffer with size 960.0x960.0
08:11:30.495 [FXGL Background Thread 1 ] DEBUG TilesetLoader        - Loading view for layer path_layer
08:11:30.495 [FXGL Background Thread 1 ] DEBUG TilesetLoader        - Created buffer with size 960.0x960.0
08:11:30.497 [FXGL Background Thread 1 ] DEBUG TMXLevelLoader       - Creating object layer entities
08:11:30.498 [FXGL Background Thread 1 ] DEBUG GameWorld            - Clearing removable entities
08:11:30.498 [FXGL Background Thread 1 ] DEBUG GameWorld            - Setting level: com.almasb.fxgl.entity.level.Level@406cfe29
08:11:30.517 [FXGL Background Thread 1 ] INFO  FXGLApplication      - Game initialization took: 0.056 sec
08:11:30.527 [JavaFX Application Thread] DEBUG Input                - Clearing active input actions
08:11:30.537 [JavaFX Application Thread] DEBUG GameApplicationServi - Removing overlay from FXGLLoadingScene and adding to GameScene
08:11:30.537 [JavaFX Application Thread] DEBUG PrimaryStageWindow   - FXGLLoadingScene -> GameScene
08:11:30.944 [FXGL Background Thread 2 ] INFO  UpdaterService       - Your current version:  17.3
08:11:30.944 [FXGL Background Thread 2 ] INFO  UpdaterService       - Latest stable version: 25
08:11:33.391 [FXGL Background Thread 3 ] DEBUG Engine               - Logging environment variables
08:11:33.392 [FXGL Background Thread 3 ] DEBUG Engine               - achievements: []
08:11:33.392 [FXGL Background Thread 3 ] DEBUG Engine               - actualHeight: 1080.0
08:11:33.392 [FXGL Background Thread 3 ] DEBUG Engine               - actualHeightProperty: ReadOnlyDoubleProperty [value: 1080.0]
08:11:33.392 [FXGL Background Thread 3 ] DEBUG Engine               - actualWidth: 1920.0
08:11:33.393 [FXGL Background Thread 3 ] DEBUG Engine               - actualWidthProperty: ReadOnlyDoubleProperty [value: 1920.0]
08:11:33.393 [FXGL Background Thread 3 ] DEBUG Engine               - appIcon: fxgl_icon.png
08:11:33.393 [FXGL Background Thread 3 ] DEBUG Engine               - applicationMode: DEVELOPER
08:11:33.393 [FXGL Background Thread 3 ] DEBUG Engine               - cSSList: [fxgl_dark.css]
08:11:33.393 [FXGL Background Thread 3 ] DEBUG Engine               - collisionDetectionStrategy: BRUTE_FORCE
08:11:33.393 [FXGL Background Thread 3 ] DEBUG Engine               - configClass: Optional.empty
08:11:33.393 [FXGL Background Thread 3 ] DEBUG Engine               - credits: []
08:11:33.393 [FXGL Background Thread 3 ] DEBUG Engine               - defaultCursor: CursorInfo(imageName=fxgl_default_cursor.png, hotspotX=7.0, hotspotY=6.0)
08:11:33.394 [FXGL Background Thread 3 ] DEBUG Engine               - devBBoxColorProperty: ObjectProperty [value: 0xff0000ff]
08:11:33.394 [FXGL Background Thread 3 ] DEBUG Engine               - devEnableDebugCameraProperty: BooleanProperty [value: false]
08:11:33.394 [FXGL Background Thread 3 ] DEBUG Engine               - devSensorColorProperty: ObjectProperty [value: 0xffff00ff]
08:11:33.394 [FXGL Background Thread 3 ] DEBUG Engine               - devShowBBoxProperty: BooleanProperty [value: false]
08:11:33.394 [FXGL Background Thread 3 ] DEBUG Engine               - devShowPositionProperty: BooleanProperty [value: false]
08:11:33.394 [FXGL Background Thread 3 ] DEBUG Engine               - enabledMenuItems: []
08:11:33.394 [FXGL Background Thread 3 ] DEBUG Engine               - engineServices: [class com.almasb.fxgl.app.services.FXGLAssetLoaderService, class com.almasb.fxgl.app.FXGLApplication$GameApplicationService, class com.almasb.fxgl.app.services.FXGLDialogService, class com.almasb.fxgl.app.services.IOTaskExecutorService, class com.almasb.fxgl.io.FileSystemService, class com.almasb.fxgl.localization.LocalizationService, class com.almasb.fxgl.app.services.SystemBundleService, class com.almasb.fxgl.profile.SaveLoadService, class com.almasb.fxgl.ui.FXGLUIFactoryServiceProvider, class com.almasb.fxgl.ui.FXGLDialogFactoryServiceProvider, class com.almasb.fxgl.audio.AudioPlayer, class com.almasb.fxgl.notification.impl.NotificationServiceProvider, class com.almasb.fxgl.achievement.AchievementService, class com.almasb.fxgl.cutscene.CutsceneService, class com.almasb.fxgl.minigames.MiniGameService, class com.almasb.fxgl.net.NetService, class com.almasb.fxgl.app.services.UpdaterService, class com.almasb.fxgl.dev.DevService]
08:11:33.394 [FXGL Background Thread 3 ] DEBUG Engine               - fontGame: Abel-Regular.ttf
08:11:33.394 [FXGL Background Thread 3 ] DEBUG Engine               - fontMono: TerminalLandMono-Regular.otf
08:11:33.394 [FXGL Background Thread 3 ] DEBUG Engine               - fontSizeScaleUI: 1.0
08:11:33.394 [FXGL Background Thread 3 ] DEBUG Engine               - fontText: Courier-Prime.ttf
08:11:33.394 [FXGL Background Thread 3 ] DEBUG Engine               - fontUI: VarelaRound-Regular.ttf
08:11:33.395 [FXGL Background Thread 3 ] DEBUG Engine               - fullScreen: BooleanProperty [value: true]
08:11:33.395 [FXGL Background Thread 3 ] DEBUG Engine               - gameDifficulty: MEDIUM
08:11:33.395 [FXGL Background Thread 3 ] DEBUG Engine               - gameDifficultyProperty: ObjectProperty [value: MEDIUM]
08:11:33.395 [FXGL Background Thread 3 ] DEBUG Engine               - globalMusicVolume: 0.5
08:11:33.395 [FXGL Background Thread 3 ] DEBUG Engine               - globalMusicVolumeProperty: DoubleProperty [value: 0.5]
08:11:33.395 [FXGL Background Thread 3 ] DEBUG Engine               - globalSoundVolume: 0.5
08:11:33.395 [FXGL Background Thread 3 ] DEBUG Engine               - globalSoundVolumeProperty: DoubleProperty [value: 0.5]
08:11:33.395 [FXGL Background Thread 3 ] DEBUG Engine               - height: 600
08:11:33.395 [FXGL Background Thread 3 ] DEBUG Engine               - is3D: false
08:11:33.396 [FXGL Background Thread 3 ] DEBUG Engine               - isAndroid: false
08:11:33.396 [FXGL Background Thread 3 ] DEBUG Engine               - isBrowser: false
08:11:33.396 [FXGL Background Thread 3 ] DEBUG Engine               - isClickFeedbackEnabled: false
08:11:33.396 [FXGL Background Thread 3 ] DEBUG Engine               - isCloseConfirmation: false
08:11:33.396 [FXGL Background Thread 3 ] DEBUG Engine               - isDesktop: true
08:11:33.396 [FXGL Background Thread 3 ] DEBUG Engine               - isDeveloperMenuEnabled: false
08:11:33.396 [FXGL Background Thread 3 ] DEBUG Engine               - isEmbedded: false
08:11:33.396 [FXGL Background Thread 3 ] DEBUG Engine               - isEntityPreloadEnabled: true
08:11:33.396 [FXGL Background Thread 3 ] DEBUG Engine               - isExperimentalTiledLargeMap: false
08:11:33.396 [FXGL Background Thread 3 ] DEBUG Engine               - isFileSystemWriteAllowed: true
08:11:33.396 [FXGL Background Thread 3 ] DEBUG Engine               - isFullScreenAllowed: true
08:11:33.396 [FXGL Background Thread 3 ] DEBUG Engine               - isFullScreenFromStart: true
08:11:33.396 [FXGL Background Thread 3 ] DEBUG Engine               - isGameMenuEnabled: true
08:11:33.396 [FXGL Background Thread 3 ] DEBUG Engine               - isIOS: false
08:11:33.396 [FXGL Background Thread 3 ] DEBUG Engine               - isIntroEnabled: false
08:11:33.396 [FXGL Background Thread 3 ] DEBUG Engine               - isLinux: true
08:11:33.397 [FXGL Background Thread 3 ] DEBUG Engine               - isMac: false
08:11:33.397 [FXGL Background Thread 3 ] DEBUG Engine               - isMainMenuEnabled: false
08:11:33.397 [FXGL Background Thread 3 ] DEBUG Engine               - isManualResizeEnabled: false
08:11:33.397 [FXGL Background Thread 3 ] DEBUG Engine               - isMobile: false
08:11:33.397 [FXGL Background Thread 3 ] DEBUG Engine               - isNative: false
08:11:33.397 [FXGL Background Thread 3 ] DEBUG Engine               - isPauseMusicWhenMinimized: true
08:11:33.397 [FXGL Background Thread 3 ] DEBUG Engine               - isPreserveResizeRatio: false
08:11:33.397 [FXGL Background Thread 3 ] DEBUG Engine               - isProfilingEnabled: false
08:11:33.397 [FXGL Background Thread 3 ] DEBUG Engine               - isScaleAffectedOnResize: true
08:11:33.397 [FXGL Background Thread 3 ] DEBUG Engine               - isSingleStep: false
08:11:33.397 [FXGL Background Thread 3 ] DEBUG Engine               - isUserProfileEnabled: false
08:11:33.398 [FXGL Background Thread 3 ] DEBUG Engine               - isWindows: false
08:11:33.398 [FXGL Background Thread 3 ] DEBUG Engine               - language: ObjectProperty [value: ENGLISH]
08:11:33.398 [FXGL Background Thread 3 ] DEBUG Engine               - menuKey: ESCAPE
08:11:33.398 [FXGL Background Thread 3 ] DEBUG Engine               - mouseSensitivity: 0.2
08:11:33.398 [FXGL Background Thread 3 ] DEBUG Engine               - notificationViewClass: class com.almasb.fxgl.notification.view.XboxNotificationView
08:11:33.398 [FXGL Background Thread 3 ] DEBUG Engine               - pixelsPerMeter: 50.0
08:11:33.398 [FXGL Background Thread 3 ] DEBUG Engine               - platform: LINUX
08:11:33.398 [FXGL Background Thread 3 ] DEBUG Engine               - prefHeightProperty: ReadOnlyDoubleProperty [value: 600.0]
08:11:33.398 [FXGL Background Thread 3 ] DEBUG Engine               - prefWidthProperty: ReadOnlyDoubleProperty [value: 800.0]
08:11:33.398 [FXGL Background Thread 3 ] DEBUG Engine               - profileDir: profiles/
08:11:33.399 [FXGL Background Thread 3 ] DEBUG Engine               - profileName: StringProperty [value: DEFAULT]
08:11:33.399 [FXGL Background Thread 3 ] DEBUG Engine               - randomSeed: -1
08:11:33.399 [FXGL Background Thread 3 ] DEBUG Engine               - runtimeInfo: RuntimeInfo(platform=LINUX, version=17.3, build=30.03.2023 11.49)
08:11:33.399 [FXGL Background Thread 3 ] DEBUG Engine               - saveFileExt: sav
08:11:33.399 [FXGL Background Thread 3 ] DEBUG Engine               - scaledHeightProp$fxgl: DoubleProperty [bound, value: 1080.0]
08:11:33.399 [FXGL Background Thread 3 ] DEBUG Engine               - scaledWidthProp$fxgl: DoubleProperty [bound, value: 1920.0]
08:11:33.399 [FXGL Background Thread 3 ] DEBUG Engine               - sceneFactory: com.almasb.fxgl.app.scene.SceneFactory@1b376398
08:11:33.399 [FXGL Background Thread 3 ] DEBUG Engine               - secondsIn24h: 60
08:11:33.399 [FXGL Background Thread 3 ] DEBUG Engine               - soundMenuBack: menu/back.wav
08:11:33.399 [FXGL Background Thread 3 ] DEBUG Engine               - soundMenuPress: menu/press.wav
08:11:33.399 [FXGL Background Thread 3 ] DEBUG Engine               - soundMenuSelect: menu/select.wav
08:11:33.399 [FXGL Background Thread 3 ] DEBUG Engine               - soundNotification: core/notification.wav
08:11:33.399 [FXGL Background Thread 3 ] DEBUG Engine               - stageStyle: DECORATED
08:11:33.400 [FXGL Background Thread 3 ] DEBUG Engine               - supportedLanguages: [ENGLISH, FRENCH, GERMAN, HUNGARIAN, RUSSIAN]
08:11:33.400 [FXGL Background Thread 3 ] DEBUG Engine               - ticksPerSecond: -1
08:11:33.400 [FXGL Background Thread 3 ] DEBUG Engine               - title: Overtale
08:11:33.400 [FXGL Background Thread 3 ] DEBUG Engine               - urlGithub: https://github.com/AlmasB/FXGL
08:11:33.400 [FXGL Background Thread 3 ] DEBUG Engine               - urlLeaderboard: http://fxgl-top.herokuapp.com/
08:11:33.400 [FXGL Background Thread 3 ] DEBUG Engine               - urlPOM: https://raw.githubusercontent.com/AlmasB/FXGL/release/README.md
08:11:33.400 [FXGL Background Thread 3 ] DEBUG Engine               - userAppClass: class at.htl.overtale.GameApp
08:11:33.400 [FXGL Background Thread 3 ] DEBUG Engine               - version: 0.1
08:11:33.400 [FXGL Background Thread 3 ] DEBUG Engine               - versionCheckDays: 7
08:11:33.400 [FXGL Background Thread 3 ] DEBUG Engine               - width: 800
08:11:33.400 [FXGL Background Thread 3 ] DEBUG Engine               - Logging services
08:11:33.400 [FXGL Background Thread 3 ] DEBUG Engine               - class com.almasb.fxgl.app.services.FXGLAssetLoaderService
08:11:33.400 [FXGL Background Thread 3 ] DEBUG Engine               - class com.almasb.fxgl.app.FXGLApplication$GameApplicationService
08:11:33.400 [FXGL Background Thread 3 ] DEBUG Engine               - class com.almasb.fxgl.app.services.FXGLDialogService
08:11:33.400 [FXGL Background Thread 3 ] DEBUG Engine               - class com.almasb.fxgl.app.services.IOTaskExecutorService
08:11:33.400 [FXGL Background Thread 3 ] DEBUG Engine               - class com.almasb.fxgl.io.FileSystemService
08:11:33.400 [FXGL Background Thread 3 ] DEBUG Engine               - class com.almasb.fxgl.localization.LocalizationService
08:11:33.400 [FXGL Background Thread 3 ] DEBUG Engine               - class com.almasb.fxgl.app.services.SystemBundleService
08:11:33.401 [FXGL Background Thread 3 ] DEBUG Engine               - class com.almasb.fxgl.profile.SaveLoadService
08:11:33.401 [FXGL Background Thread 3 ] DEBUG Engine               - class com.almasb.fxgl.ui.FXGLUIFactoryServiceProvider
08:11:33.401 [FXGL Background Thread 3 ] DEBUG Engine               - class com.almasb.fxgl.ui.FXGLDialogFactoryServiceProvider
08:11:33.401 [FXGL Background Thread 3 ] DEBUG Engine               - class com.almasb.fxgl.audio.AudioPlayer
08:11:33.401 [FXGL Background Thread 3 ] DEBUG Engine               - class com.almasb.fxgl.notification.impl.NotificationServiceProvider
08:11:33.401 [FXGL Background Thread 3 ] DEBUG Engine               - class com.almasb.fxgl.achievement.AchievementService
08:11:33.401 [FXGL Background Thread 3 ] DEBUG Engine               - class com.almasb.fxgl.cutscene.CutsceneService
08:11:33.401 [FXGL Background Thread 3 ] DEBUG Engine               - class com.almasb.fxgl.minigames.MiniGameService
08:11:33.401 [FXGL Background Thread 3 ] DEBUG Engine               - class com.almasb.fxgl.net.NetService
08:11:33.401 [FXGL Background Thread 3 ] DEBUG Engine               - class com.almasb.fxgl.app.services.UpdaterService
08:11:33.401 [FXGL Background Thread 3 ] DEBUG Engine               - class com.almasb.fxgl.dev.DevService
08:11:39.947 [JavaFX Application Thread] DEBUG PrimaryStageWindow   - Push state: FXGLDefaultMenu
08:11:39.958 [JavaFX Application Thread] DEBUG Input                - Clearing active input actions
08:11:39.966 [JavaFX Application Thread] DEBUG GameApplicationServi - Removing overlay from GameScene and adding to FXGLDefaultMenu
08:11:39.967 [JavaFX Application Thread] DEBUG PrimaryStageWindow   - GameScene -> FXGLDefaultMenu
08:11:40.441 [JavaFX Application Thread] DEBUG PrimaryStageWindow   - Pop state: FXGLDefaultMenu
08:11:40.441 [JavaFX Application Thread] DEBUG Input                - Clearing active input actions
08:11:40.442 [JavaFX Application Thread] DEBUG GameApplicationServi - Removing overlay from FXGLDefaultMenu and adding to GameScene
08:11:40.442 [JavaFX Application Thread] DEBUG PrimaryStageWindow   - GameScene <- FXGLDefaultMenu
08:12:06.230 [JavaFX Application Thread] DEBUG PrimaryStageWindow   - Push state: FXGLDefaultMenu
08:12:06.231 [JavaFX Application Thread] DEBUG Input                - Clearing active input actions
08:12:06.232 [JavaFX Application Thread] DEBUG GameApplicationServi - Removing overlay from GameScene and adding to FXGLDefaultMenu
08:12:06.232 [JavaFX Application Thread] DEBUG PrimaryStageWindow   - GameScene -> FXGLDefaultMenu
08:12:07.176 [JavaFX Application Thread] DEBUG PrimaryStageWindow   - Pop state: FXGLDefaultMenu
08:12:07.176 [JavaFX Application Thread] DEBUG Input                - Clearing active input actions
08:12:07.177 [JavaFX Application Thread] DEBUG GameApplicationServi - Removing overlay from FXGLDefaultMenu and adding to GameScene
08:12:07.177 [JavaFX Application Thread] DEBUG PrimaryStageWindow   - GameScene <- FXGLDefaultMenu
08:12:10.484 [JavaFX Application Thread] DEBUG FXGLApplication      - Exiting FXGL
08:12:10.485 [JavaFX Application Thread] DEBUG LoopRunner           - Stopping loop
08:12:10.485 [JavaFX Application Thread] DEBUG SystemBundleService  - Saving FXGL system data
08:12:10.486 [JavaFX Application Thread] DEBUG FileSystemAccess     - Writing to: /home/raphi/Documents/POS/Overtale/system/fxgl.bundle
08:12:10.487 [JavaFX Application Thread] DEBUG Async                - Shutting down background threads
08:12:10.488 [JavaFX Application Thread] DEBUG PrimaryStageWindow   - Closing main window
08:12:10.491 [JavaFX Application Thread] DEBUG Logger               - Closing Logger
