09:02:12.089 [main                     ] DEBUG Logger               - Configured Logger
09:02:12.130 [main                     ] DEBUG GameApplication      - Logging settings
Title: Overtale
Version: 0.1
Width: 800
Height: 600
Fullscreen: true
Intro: false
Profiling: false
Single step:false
App Mode: DEVELOPER
Menu Key: ESCAPE
Stage Style: DECORATED
Scene Factory: class com.almasb.fxgl.app.scene.SceneFactory

09:02:12.980 [JavaFX Application Thread] DEBUG FXGLApplication      - Initializing FXGL
09:02:12.985 [JavaFX Application Thread] INFO  Engine               - FXGL-17.3 (30.03.2023 11.49) on LINUX (J:25.0.1 FX:21.0.6)
09:02:12.986 [JavaFX Application Thread] DEBUG Engine               - JRE Vendor Name: Oracle Corporation
09:02:12.987 [JavaFX Application Thread] DEBUG Engine               - Running on OS: Linux version 6.19.10-1-cachyos
09:02:12.987 [JavaFX Application Thread] DEBUG Engine               - Architecture: amd64
09:02:12.987 [JavaFX Application Thread] INFO  Engine               - Source code and latest versions at: https://github.com/AlmasB/FXGL
09:02:12.987 [JavaFX Application Thread] INFO  Engine               -       Ask questions and discuss at: https://github.com/AlmasB/FXGL/discussions
09:02:12.988 [JavaFX Application Thread] INFO  Engine               -              Join the FXGL chat at: https://gitter.im/AlmasB/FXGL
09:02:13.219 [JavaFX Application Thread] DEBUG PrimaryStageWindow   - Creating a JavaFX scene
09:02:13.476 [JavaFX Application Thread] DEBUG PrimaryStageWindow   - Target settings size: 800.0 x 600.0
09:02:13.476 [JavaFX Application Thread] DEBUG PrimaryStageWindow   - Scaled scene size:    800.0 x 600.0
09:02:13.476 [JavaFX Application Thread] DEBUG PrimaryStageWindow   - Scaled ratio: (1.0, 1.0)
09:02:13.478 [JavaFX Application Thread] DEBUG PrimaryStageWindow   - Set initial scene to FXGLStartupScene
09:02:13.483 [JavaFX Application Thread] DEBUG PrimaryStageWindow   - Opening main window
09:02:13.568 [JavaFX Application Thread] DEBUG PrimaryStageWindow   - Window border size: (0.0, 35.0)
09:02:13.569 [JavaFX Application Thread] DEBUG PrimaryStageWindow   - Scaled size: 800.0 x 565.0
09:02:13.569 [JavaFX Application Thread] DEBUG PrimaryStageWindow   - Scaled ratio: (1.0, 0.9416666666666667)
09:02:13.569 [JavaFX Application Thread] DEBUG PrimaryStageWindow   - Scene size: 800.0 x 600.0
09:02:13.569 [JavaFX Application Thread] DEBUG PrimaryStageWindow   - Stage size: 800.0 x 600.0
09:02:13.570 [JavaFX Application Thread] DEBUG PrimaryStageWindow   - Going fullscreen
09:02:13.578 [FXGL Background Thread 1 ] DEBUG Engine               - Initializing environment variables
09:02:13.746 [FXGL Background Thread 1 ] DEBUG FXGLAssetLoaderServi - User app class for loading assets: class at.htl.overtale.GameApp
09:02:13.747 [FXGL Background Thread 1 ] DEBUG GameApplicationServi - Applying CSS: fxgl_dark.css
09:02:13.750 [FXGL Background Thread 1 ] DEBUG FXGLAssetLoaderServi - Loading from file system: jar:file:///home/daniel/.m2/repository/com/github/almasb/fxgl/17.3/fxgl-17.3.jar!/fxglassets/ui/css/fxgl_dark.css
09:02:14.000 [FXGL Background Thread 1 ] DEBUG GameApplicationServi - Initializing application scenes
09:02:14.244 [FXGL Background Thread 1 ] DEBUG GameWorld            - Game world initialized
09:02:14.333 [FXGL Background Thread 1 ] DEBUG PhysicsWorld         - Physics world initialized: appHeight=600, physics.ppm=50.0
09:02:14.334 [FXGL Background Thread 1 ] DEBUG PhysicsWorld         - Using strategy: BRUTE_FORCE
09:02:14.339 [FXGL Background Thread 1 ] DEBUG GameScene            - Game scene initialized: 800x600
09:02:14.353 [FXGL Background Thread 1 ] DEBUG FXGL.DefaultMenu     - createMenuBodyGameMenu()
09:02:14.376 [FXGL Background Thread 1 ] DEBUG FXGL.DefaultMenu     - createOptionsMenu()
09:02:14.393 [FXGL Background Thread 1 ] DEBUG FXGLAssetLoaderServi - Loading from file system: jar:file:///home/daniel/.m2/repository/com/github/almasb/fxgl/17.3/fxgl-17.3.jar!/fxglassets/textures/particles/smoke.png
09:02:14.551 [FXGL Background Thread 1 ] DEBUG FXGLAssetLoaderServi - Loading from file system: jar:file:///home/daniel/.m2/repository/com/github/almasb/fxgl/17.3/fxgl-17.3.jar!/fxglassets/textures/particles/trace_horizontal.png
09:02:14.613 [FXGL Background Thread 1 ] DEBUG GameApplicationServi - Application scenes initialized
09:02:14.629 [FXGL Background Thread 1 ] DEBUG SystemBundleService  - Loading FXGL system data
09:02:14.630 [FXGL Background Thread 1 ] DEBUG FileSystemAccess     - Reading from: /home/daniel/IdeaProjects/Overtale/system/fxgl.bundle
09:02:14.633 [FXGL Background Thread 1 ] DEBUG SystemBundleService  - Bundle FXGL: {}
09:02:14.633 [FXGL Background Thread 1 ] DEBUG UpdaterService       - Checking for updates
09:02:14.640 [FXGL Background Thread 4 ] DEBUG FXGLApplication      - Loading fonts
09:02:14.640 [FXGL Background Thread 1 ] DEBUG FXGLApplication      - Loading default localization
09:02:14.641 [FXGL Background Thread 4 ] DEBUG FXGLAssetLoaderServi - Loading from file system: jar:file:///home/daniel/.m2/repository/com/github/almasb/fxgl/17.3/fxgl-17.3.jar!/fxglassets/ui/fonts/VarelaRound-Regular.ttf
09:02:14.641 [FXGL Background Thread 1 ] DEBUG FXGLAssetLoaderServi - Loading from file system: jar:file:///home/daniel/.m2/repository/com/github/almasb/fxgl/17.3/fxgl-17.3.jar!/fxglassets/languages/english.lang
09:02:14.649 [FXGL Background Thread 4 ] DEBUG FXGLAssetLoaderServi - Loading from file system: jar:file:///home/daniel/.m2/repository/com/github/almasb/fxgl/17.3/fxgl-17.3.jar!/fxglassets/ui/fonts/Abel-Regular.ttf
09:02:14.652 [FXGL Background Thread 4 ] DEBUG FXGLAssetLoaderServi - Loading from file system: jar:file:///home/daniel/.m2/repository/com/github/almasb/fxgl/17.3/fxgl-17.3.jar!/fxglassets/ui/fonts/TerminalLandMono-Regular.otf
09:02:14.656 [FXGL Background Thread 4 ] DEBUG FXGLAssetLoaderServi - Loading from file system: jar:file:///home/daniel/.m2/repository/com/github/almasb/fxgl/17.3/fxgl-17.3.jar!/fxglassets/ui/fonts/Courier-Prime.ttf
09:02:14.663 [FXGL Background Thread 1 ] INFO  FXGLApplication      - FXGL initialization took: 1.085 sec
09:02:14.684 [JavaFX Application Thread] DEBUG Input                - Registered new binding: action0 - W
09:02:14.685 [JavaFX Application Thread] DEBUG Input                - Registered new binding: action1 - S
09:02:14.686 [JavaFX Application Thread] DEBUG Input                - Registered new binding: action2 - D
09:02:14.687 [JavaFX Application Thread] DEBUG Input                - Registered new binding: action3 - A
09:02:14.688 [JavaFX Application Thread] DEBUG Input                - Registered new binding: action4 - Up
09:02:14.689 [JavaFX Application Thread] DEBUG Input                - Registered new binding: action5 - Down
09:02:14.689 [JavaFX Application Thread] DEBUG Input                - Registered new binding: action6 - Left
09:02:14.690 [JavaFX Application Thread] DEBUG Input                - Registered new binding: action7 - Right
09:02:14.705 [JavaFX Application Thread] DEBUG Input                - Registered new binding: action8 - X
09:02:14.706 [JavaFX Application Thread] DEBUG Input                - Registered new binding: action9 - Q
09:02:14.707 [JavaFX Application Thread] DEBUG Input                - Registered new binding: action10 - Z
09:02:14.708 [JavaFX Application Thread] DEBUG Input                - Registered new binding: action11 - E
09:02:14.711 [JavaFX Application Thread] DEBUG FXGLAssetLoaderServi - Loading from file system: jar:file:///home/daniel/.m2/repository/com/github/almasb/fxgl/17.3/fxgl-17.3.jar!/fxglassets/textures/fxgl_icon.png
09:02:14.754 [JavaFX Application Thread] DEBUG FXGLAssetLoaderServi - Loading from file system: jar:file:///home/daniel/.m2/repository/com/github/almasb/fxgl/17.3/fxgl-17.3.jar!/fxglassets/textures/fxgl_default_cursor.png
09:02:14.757 [JavaFX Application Thread] DEBUG Input                - Registered new binding: Screenshot - CTRL+8
09:02:14.758 [JavaFX Application Thread] DEBUG Input                - Registered new binding: System info dump - CTRL+9
09:02:14.758 [JavaFX Application Thread] DEBUG Input                - Registered new binding: Restart - CTRL+R
09:02:14.759 [JavaFX Application Thread] DEBUG Input                - Registered new binding: Toggle Debug Camera - CTRL+7
09:02:14.762 [JavaFX Application Thread] DEBUG LoopRunner           - Starting loop
09:02:14.762 [JavaFX Application Thread] DEBUG LoopRunner           - Initializing JavaFX AnimationTimerLoop
09:02:14.763 [JavaFX Application Thread] DEBUG GameApplicationServi - Starting new game
09:02:14.764 [JavaFX Application Thread] DEBUG Input                - Clearing active input actions
09:02:14.778 [JavaFX Application Thread] DEBUG GameApplicationServi - Removing overlay from FXGLStartupScene and adding to FXGLLoadingScene
09:02:14.778 [JavaFX Application Thread] DEBUG PrimaryStageWindow   - FXGLStartupScene -> FXGLLoadingScene
09:02:14.778 [JavaFX Application Thread] DEBUG GameApplicationServi - Clearing previous game
09:02:14.779 [JavaFX Application Thread] DEBUG GameScene            - Clearing game scene
09:02:14.779 [JavaFX Application Thread] DEBUG GameWorld            - Clearing game world
09:02:14.779 [JavaFX Application Thread] DEBUG PhysicsWorld         - Clearing physics world
09:02:14.781 [FXGL Background Thread 4 ] DEBUG FXGLApplication      - Initializing game
09:02:14.783 [JavaFX Application Thread] DEBUG FXGLApplication      - Registering font factories with UI factory
09:02:14.841 [FXGL Background Thread 4 ] WARN  TMXLevelLoader       - TiledMap generated from 1.12.1. Supported version: 1.9.0. Some features may not be parsed fully.
09:02:14.854 [FXGL Background Thread 4 ] DEBUG TMXLevelLoader       - Parsed TiledMap: file:/home/daniel/IdeaProjects/Overtale/target/classes/assets/levels/TestMap1.tmx
09:02:14.856 [FXGL Background Thread 4 ] DEBUG TMXLevelLoader       - Creating tile layer entities
09:02:14.860 [FXGL Background Thread 4 ] DEBUG TilesetLoader        - Loading view for layer Tile Layer 1
09:02:14.861 [FXGL Background Thread 4 ] DEBUG TilesetLoader        - Created buffer with size 960.0x960.0
09:02:14.863 [FXGL Background Thread 4 ] DEBUG TilesetLoader        - Loading view for layer path_layer
09:02:14.864 [FXGL Background Thread 4 ] DEBUG TilesetLoader        - Created buffer with size 960.0x960.0
09:02:14.874 [FXGL Background Thread 4 ] DEBUG TMXLevelLoader       - Creating object layer entities
09:02:14.876 [FXGL Background Thread 4 ] DEBUG GameWorld            - Clearing removable entities
09:02:14.877 [FXGL Background Thread 4 ] DEBUG GameWorld            - Setting level: com.almasb.fxgl.entity.level.Level@71fef6b9
09:02:14.941 [FXGL Background Thread 4 ] INFO  FXGLApplication      - Game initialization took: 0.160 sec
09:02:14.980 [JavaFX Application Thread] DEBUG Input                - Clearing active input actions
09:02:14.998 [JavaFX Application Thread] DEBUG GameApplicationServi - Removing overlay from FXGLLoadingScene and adding to GameScene
09:02:14.998 [JavaFX Application Thread] DEBUG PrimaryStageWindow   - FXGLLoadingScene -> GameScene
09:02:15.460 [FXGL Background Thread 2 ] INFO  UpdaterService       - Your current version:  17.3
09:02:15.461 [FXGL Background Thread 2 ] INFO  UpdaterService       - Latest stable version: 25
09:02:16.842 [JavaFX Application Thread] DEBUG FXGLApplication      - Exiting FXGL
09:02:16.842 [JavaFX Application Thread] DEBUG LoopRunner           - Stopping loop
09:02:16.842 [JavaFX Application Thread] DEBUG SystemBundleService  - Saving FXGL system data
09:02:16.843 [JavaFX Application Thread] DEBUG FileSystemAccess     - Writing to: /home/daniel/IdeaProjects/Overtale/system/fxgl.bundle
09:02:16.844 [JavaFX Application Thread] DEBUG Async                - Shutting down background threads
09:02:16.844 [JavaFX Application Thread] DEBUG PrimaryStageWindow   - Closing main window
09:02:16.848 [JavaFX Application Thread] DEBUG Logger               - Closing Logger
