08:46:19.166 [main                     ] DEBUG Logger               - Configured Logger
08:46:19.173 [main                     ] DEBUG GameApplication      - Logging settings
Title: Overtale
Version: 0.1
Width: 800
Height: 600
Fullscreen: true
Intro: false
Profiling: false
Single step:false
App Mode: DEVELOPER
Menu Key: ESCAPE
Stage Style: DECORATED
Scene Factory: class com.almasb.fxgl.app.scene.SceneFactory

08:46:19.438 [JavaFX Application Thread] DEBUG FXGLApplication      - Initializing FXGL
08:46:19.440 [JavaFX Application Thread] INFO  Engine               - FXGL-17.3 (30.03.2023 11.49) on LINUX (J:25.0.2 FX:21.0.6)
08:46:19.440 [JavaFX Application Thread] DEBUG Engine               - JRE Vendor Name: Microsoft
08:46:19.440 [JavaFX Application Thread] DEBUG Engine               - Running on OS: Linux version 7.0.0-1-cachyos
08:46:19.440 [JavaFX Application Thread] DEBUG Engine               - Architecture: amd64
08:46:19.440 [JavaFX Application Thread] INFO  Engine               - Source code and latest versions at: https://github.com/AlmasB/FXGL
08:46:19.441 [JavaFX Application Thread] INFO  Engine               -       Ask questions and discuss at: https://github.com/AlmasB/FXGL/discussions
08:46:19.441 [JavaFX Application Thread] INFO  Engine               -              Join the FXGL chat at: https://gitter.im/AlmasB/FXGL
08:46:19.504 [JavaFX Application Thread] DEBUG PrimaryStageWindow   - Creating a JavaFX scene
08:46:19.565 [JavaFX Application Thread] DEBUG PrimaryStageWindow   - Target settings size: 800.0 x 600.0
08:46:19.565 [JavaFX Application Thread] DEBUG PrimaryStageWindow   - Scaled scene size:    800.0 x 600.0
08:46:19.566 [JavaFX Application Thread] DEBUG PrimaryStageWindow   - Scaled ratio: (1.0, 1.0)
08:46:19.566 [JavaFX Application Thread] DEBUG PrimaryStageWindow   - Set initial scene to FXGLStartupScene
08:46:19.569 [JavaFX Application Thread] DEBUG PrimaryStageWindow   - Opening main window
08:46:19.629 [JavaFX Application Thread] DEBUG PrimaryStageWindow   - Window border size: (0.0, 35.0)
08:46:19.629 [JavaFX Application Thread] DEBUG PrimaryStageWindow   - Scaled size: 800.0 x 565.0
08:46:19.629 [JavaFX Application Thread] DEBUG PrimaryStageWindow   - Scaled ratio: (1.0, 0.9416666666666667)
08:46:19.629 [JavaFX Application Thread] DEBUG PrimaryStageWindow   - Scene size: 800.0 x 600.0
08:46:19.629 [JavaFX Application Thread] DEBUG PrimaryStageWindow   - Stage size: 800.0 x 600.0
08:46:19.629 [JavaFX Application Thread] DEBUG PrimaryStageWindow   - Going fullscreen
08:46:19.633 [FXGL Background Thread 1 ] DEBUG Engine               - Initializing environment variables
08:46:19.667 [FXGL Background Thread 1 ] DEBUG FXGLAssetLoaderServi - User app class for loading assets: class at.htl.overtale.GameApp
08:46:19.667 [FXGL Background Thread 1 ] DEBUG GameApplicationServi - Applying CSS: fxgl_dark.css
08:46:19.668 [FXGL Background Thread 1 ] DEBUG FXGLAssetLoaderServi - Loading from file system: jar:file:///home/raphi/.m2/repository/com/github/almasb/fxgl/17.3/fxgl-17.3.jar!/fxglassets/ui/css/fxgl_dark.css
08:46:19.703 [FXGL Background Thread 1 ] DEBUG GameApplicationServi - Initializing application scenes
08:46:19.731 [FXGL Background Thread 1 ] DEBUG GameWorld            - Game world initialized
08:46:19.760 [FXGL Background Thread 1 ] DEBUG PhysicsWorld         - Physics world initialized: appHeight=600, physics.ppm=50.0
08:46:19.760 [FXGL Background Thread 1 ] DEBUG PhysicsWorld         - Using strategy: BRUTE_FORCE
08:46:19.762 [FXGL Background Thread 1 ] DEBUG GameScene            - Game scene initialized: 800x600
08:46:19.768 [FXGL Background Thread 1 ] DEBUG FXGL.DefaultMenu     - createMenuBodyGameMenu()
08:46:19.776 [FXGL Background Thread 1 ] DEBUG FXGL.DefaultMenu     - createOptionsMenu()
08:46:19.781 [FXGL Background Thread 1 ] DEBUG FXGLAssetLoaderServi - Loading from file system: jar:file:///home/raphi/.m2/repository/com/github/almasb/fxgl/17.3/fxgl-17.3.jar!/fxglassets/textures/particles/smoke.png
08:46:19.834 [FXGL Background Thread 1 ] DEBUG FXGLAssetLoaderServi - Loading from file system: jar:file:///home/raphi/.m2/repository/com/github/almasb/fxgl/17.3/fxgl-17.3.jar!/fxglassets/textures/particles/trace_horizontal.png
08:46:19.855 [FXGL Background Thread 1 ] DEBUG GameApplicationServi - Application scenes initialized
08:46:19.862 [FXGL Background Thread 1 ] DEBUG SystemBundleService  - Loading FXGL system data
08:46:19.863 [FXGL Background Thread 1 ] DEBUG FileSystemAccess     - Reading from: /home/raphi/Documents/POS/Overtale/system/fxgl.bundle
08:46:19.865 [FXGL Background Thread 1 ] DEBUG SystemBundleService  - Bundle FXGL: {}
08:46:19.865 [FXGL Background Thread 1 ] DEBUG UpdaterService       - Checking for updates
08:46:19.868 [FXGL Background Thread 4 ] DEBUG FXGLApplication      - Loading fonts
08:46:19.868 [FXGL Background Thread 4 ] DEBUG FXGLAssetLoaderServi - Loading from file system: jar:file:///home/raphi/.m2/repository/com/github/almasb/fxgl/17.3/fxgl-17.3.jar!/fxglassets/ui/fonts/VarelaRound-Regular.ttf
08:46:19.868 [FXGL Background Thread 1 ] DEBUG FXGLApplication      - Loading default localization
08:46:19.869 [FXGL Background Thread 1 ] DEBUG FXGLAssetLoaderServi - Loading from file system: jar:file:///home/raphi/.m2/repository/com/github/almasb/fxgl/17.3/fxgl-17.3.jar!/fxglassets/languages/english.lang
08:46:19.871 [FXGL Background Thread 4 ] DEBUG FXGLAssetLoaderServi - Loading from file system: jar:file:///home/raphi/.m2/repository/com/github/almasb/fxgl/17.3/fxgl-17.3.jar!/fxglassets/ui/fonts/Abel-Regular.ttf
08:46:19.872 [FXGL Background Thread 4 ] DEBUG FXGLAssetLoaderServi - Loading from file system: jar:file:///home/raphi/.m2/repository/com/github/almasb/fxgl/17.3/fxgl-17.3.jar!/fxglassets/ui/fonts/TerminalLandMono-Regular.otf
08:46:19.873 [FXGL Background Thread 4 ] DEBUG FXGLAssetLoaderServi - Loading from file system: jar:file:///home/raphi/.m2/repository/com/github/almasb/fxgl/17.3/fxgl-17.3.jar!/fxglassets/ui/fonts/Courier-Prime.ttf
08:46:19.876 [JavaFX Application Thread] DEBUG FXGLApplication      - Registering font factories with UI factory
08:46:19.879 [FXGL Background Thread 1 ] INFO  FXGLApplication      - FXGL initialization took: 0.246 sec
08:46:19.885 [JavaFX Application Thread] DEBUG Input                - Registered new binding: action0 - W
08:46:19.885 [JavaFX Application Thread] DEBUG Input                - Registered new binding: action1 - S
08:46:19.886 [JavaFX Application Thread] DEBUG Input                - Registered new binding: action2 - D
08:46:19.886 [JavaFX Application Thread] DEBUG Input                - Registered new binding: action3 - A
08:46:19.886 [JavaFX Application Thread] DEBUG Input                - Registered new binding: action4 - Up
08:46:19.886 [JavaFX Application Thread] DEBUG Input                - Registered new binding: action5 - Down
08:46:19.886 [JavaFX Application Thread] DEBUG Input                - Registered new binding: action6 - Left
08:46:19.887 [JavaFX Application Thread] DEBUG Input                - Registered new binding: action7 - Right
08:46:19.887 [JavaFX Application Thread] DEBUG Input                - Registered new binding: action8 - X
08:46:19.887 [JavaFX Application Thread] DEBUG Input                - Registered new binding: action9 - Q
08:46:19.902 [JavaFX Application Thread] DEBUG Input                - Registered new binding: action10 - Z
08:46:19.903 [JavaFX Application Thread] DEBUG Input                - Registered new binding: action11 - E
08:46:19.903 [JavaFX Application Thread] DEBUG FXGLAssetLoaderServi - Loading from file system: jar:file:///home/raphi/.m2/repository/com/github/almasb/fxgl/17.3/fxgl-17.3.jar!/fxglassets/textures/fxgl_icon.png
08:46:19.922 [JavaFX Application Thread] DEBUG FXGLAssetLoaderServi - Loading from file system: jar:file:///home/raphi/.m2/repository/com/github/almasb/fxgl/17.3/fxgl-17.3.jar!/fxglassets/textures/fxgl_default_cursor.png
08:46:19.923 [JavaFX Application Thread] DEBUG Input                - Registered new binding: Screenshot - CTRL+8
08:46:19.924 [JavaFX Application Thread] DEBUG Input                - Registered new binding: System info dump - CTRL+9
08:46:19.924 [JavaFX Application Thread] DEBUG Input                - Registered new binding: Restart - CTRL+R
08:46:19.924 [JavaFX Application Thread] DEBUG Input                - Registered new binding: Toggle Debug Camera - CTRL+7
08:46:19.925 [JavaFX Application Thread] DEBUG LoopRunner           - Starting loop
08:46:19.926 [JavaFX Application Thread] DEBUG LoopRunner           - Initializing JavaFX AnimationTimerLoop
08:46:19.926 [JavaFX Application Thread] DEBUG GameApplicationServi - Starting new game
08:46:19.927 [JavaFX Application Thread] DEBUG Input                - Clearing active input actions
08:46:19.935 [JavaFX Application Thread] DEBUG GameApplicationServi - Removing overlay from FXGLStartupScene and adding to FXGLLoadingScene
08:46:19.935 [JavaFX Application Thread] DEBUG PrimaryStageWindow   - FXGLStartupScene -> FXGLLoadingScene
08:46:19.935 [JavaFX Application Thread] DEBUG GameApplicationServi - Clearing previous game
08:46:19.935 [JavaFX Application Thread] DEBUG GameScene            - Clearing game scene
08:46:19.935 [JavaFX Application Thread] DEBUG GameWorld            - Clearing game world
08:46:19.935 [JavaFX Application Thread] DEBUG PhysicsWorld         - Clearing physics world
08:46:19.937 [FXGL Background Thread 1 ] DEBUG FXGLApplication      - Initializing game
08:46:19.962 [FXGL Background Thread 1 ] WARN  TMXLevelLoader       - TiledMap generated from 1.12.1. Supported version: 1.9.0. Some features may not be parsed fully.
08:46:19.965 [FXGL Background Thread 1 ] DEBUG TMXLevelLoader       - Parsed TiledMap: file:/home/raphi/Documents/POS/Overtale/target/classes/assets/levels/TestMap1.tmx
08:46:19.966 [FXGL Background Thread 1 ] DEBUG TMXLevelLoader       - Creating tile layer entities
08:46:19.967 [FXGL Background Thread 1 ] DEBUG TilesetLoader        - Loading view for layer Tile Layer 1
08:46:19.968 [FXGL Background Thread 1 ] DEBUG TilesetLoader        - Created buffer with size 960.0x960.0
08:46:19.969 [FXGL Background Thread 1 ] DEBUG TilesetLoader        - Loading view for layer path_layer
08:46:19.969 [FXGL Background Thread 1 ] DEBUG TilesetLoader        - Created buffer with size 960.0x960.0
08:46:19.971 [FXGL Background Thread 1 ] DEBUG TMXLevelLoader       - Creating object layer entities
08:46:19.972 [FXGL Background Thread 1 ] DEBUG GameWorld            - Clearing removable entities
08:46:19.972 [FXGL Background Thread 1 ] DEBUG GameWorld            - Setting level: com.almasb.fxgl.entity.level.Level@406cfe29
08:46:19.995 [FXGL Background Thread 1 ] INFO  FXGLApplication      - Game initialization took: 0.059 sec
08:46:20.015 [JavaFX Application Thread] DEBUG Input                - Clearing active input actions
08:46:20.023 [JavaFX Application Thread] DEBUG GameApplicationServi - Removing overlay from FXGLLoadingScene and adding to GameScene
08:46:20.023 [JavaFX Application Thread] DEBUG PrimaryStageWindow   - FXGLLoadingScene -> GameScene
08:46:20.294 [FXGL Background Thread 2 ] INFO  UpdaterService       - Your current version:  17.3
08:46:20.294 [FXGL Background Thread 2 ] INFO  UpdaterService       - Latest stable version: 25
08:46:22.867 [FXGL Background Thread 3 ] DEBUG Engine               - Logging environment variables
08:46:22.868 [FXGL Background Thread 3 ] DEBUG Engine               - achievements: []
08:46:22.868 [FXGL Background Thread 3 ] DEBUG Engine               - actualHeight: 1025.0
08:46:22.868 [FXGL Background Thread 3 ] DEBUG Engine               - actualHeightProperty: ReadOnlyDoubleProperty [value: 1080.0]
08:46:22.869 [FXGL Background Thread 3 ] DEBUG Engine               - actualWidth: 951.0
08:46:22.869 [FXGL Background Thread 3 ] DEBUG Engine               - actualWidthProperty: ReadOnlyDoubleProperty [value: 1920.0]
08:46:22.869 [FXGL Background Thread 3 ] DEBUG Engine               - appIcon: fxgl_icon.png
08:46:22.869 [FXGL Background Thread 3 ] DEBUG Engine               - applicationMode: DEVELOPER
08:46:22.869 [FXGL Background Thread 3 ] DEBUG Engine               - cSSList: [fxgl_dark.css]
08:46:22.869 [FXGL Background Thread 3 ] DEBUG Engine               - collisionDetectionStrategy: BRUTE_FORCE
08:46:22.869 [FXGL Background Thread 3 ] DEBUG Engine               - configClass: Optional.empty
08:46:22.869 [FXGL Background Thread 3 ] DEBUG Engine               - credits: []
08:46:22.869 [FXGL Background Thread 3 ] DEBUG Engine               - defaultCursor: CursorInfo(imageName=fxgl_default_cursor.png, hotspotX=7.0, hotspotY=6.0)
08:46:22.870 [FXGL Background Thread 3 ] DEBUG Engine               - devBBoxColorProperty: ObjectProperty [value: 0xff0000ff]
08:46:22.870 [FXGL Background Thread 3 ] DEBUG Engine               - devEnableDebugCameraProperty: BooleanProperty [value: false]
08:46:22.870 [FXGL Background Thread 3 ] DEBUG Engine               - devSensorColorProperty: ObjectProperty [value: 0xffff00ff]
08:46:22.870 [FXGL Background Thread 3 ] DEBUG Engine               - devShowBBoxProperty: BooleanProperty [value: false]
08:46:22.870 [FXGL Background Thread 3 ] DEBUG Engine               - devShowPositionProperty: BooleanProperty [value: false]
08:46:22.870 [FXGL Background Thread 3 ] DEBUG Engine               - enabledMenuItems: []
08:46:22.870 [FXGL Background Thread 3 ] DEBUG Engine               - engineServices: [class com.almasb.fxgl.app.services.FXGLAssetLoaderService, class com.almasb.fxgl.app.FXGLApplication$GameApplicationService, class com.almasb.fxgl.app.services.FXGLDialogService, class com.almasb.fxgl.app.services.IOTaskExecutorService, class com.almasb.fxgl.io.FileSystemService, class com.almasb.fxgl.localization.LocalizationService, class com.almasb.fxgl.app.services.SystemBundleService, class com.almasb.fxgl.profile.SaveLoadService, class com.almasb.fxgl.ui.FXGLUIFactoryServiceProvider, class com.almasb.fxgl.ui.FXGLDialogFactoryServiceProvider, class com.almasb.fxgl.audio.AudioPlayer, class com.almasb.fxgl.notification.impl.NotificationServiceProvider, class com.almasb.fxgl.achievement.AchievementService, class com.almasb.fxgl.cutscene.CutsceneService, class com.almasb.fxgl.minigames.MiniGameService, class com.almasb.fxgl.net.NetService, class com.almasb.fxgl.app.services.UpdaterService, class com.almasb.fxgl.dev.DevService]
08:46:22.870 [FXGL Background Thread 3 ] DEBUG Engine               - fontGame: Abel-Regular.ttf
08:46:22.870 [FXGL Background Thread 3 ] DEBUG Engine               - fontMono: TerminalLandMono-Regular.otf
08:46:22.870 [FXGL Background Thread 3 ] DEBUG Engine               - fontSizeScaleUI: 1.0
08:46:22.871 [FXGL Background Thread 3 ] DEBUG Engine               - fontText: Courier-Prime.ttf
08:46:22.871 [FXGL Background Thread 3 ] DEBUG Engine               - fontUI: VarelaRound-Regular.ttf
08:46:22.871 [FXGL Background Thread 3 ] DEBUG Engine               - fullScreen: BooleanProperty [value: true]
08:46:22.871 [FXGL Background Thread 3 ] DEBUG Engine               - gameDifficulty: MEDIUM
08:46:22.871 [FXGL Background Thread 3 ] DEBUG Engine               - gameDifficultyProperty: ObjectProperty [value: MEDIUM]
08:46:22.871 [FXGL Background Thread 3 ] DEBUG Engine               - globalMusicVolume: 0.5
08:46:22.871 [FXGL Background Thread 3 ] DEBUG Engine               - globalMusicVolumeProperty: DoubleProperty [value: 0.5]
08:46:22.871 [FXGL Background Thread 3 ] DEBUG Engine               - globalSoundVolume: 0.5
08:46:22.871 [FXGL Background Thread 3 ] DEBUG Engine               - globalSoundVolumeProperty: DoubleProperty [value: 0.5]
08:46:22.871 [FXGL Background Thread 3 ] DEBUG Engine               - height: 600
08:46:22.871 [FXGL Background Thread 3 ] DEBUG Engine               - is3D: false
08:46:22.871 [FXGL Background Thread 3 ] DEBUG Engine               - isAndroid: false
08:46:22.872 [FXGL Background Thread 3 ] DEBUG Engine               - isBrowser: false
08:46:22.872 [FXGL Background Thread 3 ] DEBUG Engine               - isClickFeedbackEnabled: false
08:46:22.872 [FXGL Background Thread 3 ] DEBUG Engine               - isCloseConfirmation: false
08:46:22.872 [FXGL Background Thread 3 ] DEBUG Engine               - isDesktop: true
08:46:22.872 [FXGL Background Thread 3 ] DEBUG Engine               - isDeveloperMenuEnabled: false
08:46:22.872 [FXGL Background Thread 3 ] DEBUG Engine               - isEmbedded: false
08:46:22.872 [FXGL Background Thread 3 ] DEBUG Engine               - isEntityPreloadEnabled: true
08:46:22.872 [FXGL Background Thread 3 ] DEBUG Engine               - isExperimentalTiledLargeMap: false
08:46:22.872 [FXGL Background Thread 3 ] DEBUG Engine               - isFileSystemWriteAllowed: true
08:46:22.872 [FXGL Background Thread 3 ] DEBUG Engine               - isFullScreenAllowed: true
08:46:22.872 [FXGL Background Thread 3 ] DEBUG Engine               - isFullScreenFromStart: true
08:46:22.872 [FXGL Background Thread 3 ] DEBUG Engine               - isGameMenuEnabled: true
08:46:22.872 [FXGL Background Thread 3 ] DEBUG Engine               - isIOS: false
08:46:22.872 [FXGL Background Thread 3 ] DEBUG Engine               - isIntroEnabled: false
08:46:22.872 [FXGL Background Thread 3 ] DEBUG Engine               - isLinux: true
08:46:22.872 [FXGL Background Thread 3 ] DEBUG Engine               - isMac: false
08:46:22.873 [FXGL Background Thread 3 ] DEBUG Engine               - isMainMenuEnabled: false
08:46:22.873 [FXGL Background Thread 3 ] DEBUG Engine               - isManualResizeEnabled: false
08:46:22.873 [FXGL Background Thread 3 ] DEBUG Engine               - isMobile: false
08:46:22.873 [FXGL Background Thread 3 ] DEBUG Engine               - isNative: false
08:46:22.873 [FXGL Background Thread 3 ] DEBUG Engine               - isPauseMusicWhenMinimized: true
08:46:22.873 [FXGL Background Thread 3 ] DEBUG Engine               - isPreserveResizeRatio: false
08:46:22.873 [FXGL Background Thread 3 ] DEBUG Engine               - isProfilingEnabled: false
08:46:22.873 [FXGL Background Thread 3 ] DEBUG Engine               - isScaleAffectedOnResize: true
08:46:22.873 [FXGL Background Thread 3 ] DEBUG Engine               - isSingleStep: false
08:46:22.873 [FXGL Background Thread 3 ] DEBUG Engine               - isUserProfileEnabled: false
08:46:22.873 [FXGL Background Thread 3 ] DEBUG Engine               - isWindows: false
08:46:22.873 [FXGL Background Thread 3 ] DEBUG Engine               - language: ObjectProperty [value: ENGLISH]
08:46:22.873 [FXGL Background Thread 3 ] DEBUG Engine               - menuKey: ESCAPE
08:46:22.873 [FXGL Background Thread 3 ] DEBUG Engine               - mouseSensitivity: 0.2
08:46:22.873 [FXGL Background Thread 3 ] DEBUG Engine               - notificationViewClass: class com.almasb.fxgl.notification.view.XboxNotificationView
08:46:22.874 [FXGL Background Thread 3 ] DEBUG Engine               - pixelsPerMeter: 50.0
08:46:22.874 [FXGL Background Thread 3 ] DEBUG Engine               - platform: LINUX
08:46:22.874 [FXGL Background Thread 3 ] DEBUG Engine               - prefHeightProperty: ReadOnlyDoubleProperty [value: 600.0]
08:46:22.874 [FXGL Background Thread 3 ] DEBUG Engine               - prefWidthProperty: ReadOnlyDoubleProperty [value: 800.0]
08:46:22.874 [FXGL Background Thread 3 ] DEBUG Engine               - profileDir: profiles/
08:46:22.874 [FXGL Background Thread 3 ] DEBUG Engine               - profileName: StringProperty [value: DEFAULT]
08:46:22.874 [FXGL Background Thread 3 ] DEBUG Engine               - randomSeed: -1
08:46:22.874 [FXGL Background Thread 3 ] DEBUG Engine               - runtimeInfo: RuntimeInfo(platform=LINUX, version=17.3, build=30.03.2023 11.49)
08:46:22.874 [FXGL Background Thread 3 ] DEBUG Engine               - saveFileExt: sav
08:46:22.874 [FXGL Background Thread 3 ] DEBUG Engine               - scaledHeightProp$fxgl: DoubleProperty [bound, value: 1080.0]
08:46:22.874 [FXGL Background Thread 3 ] DEBUG Engine               - scaledWidthProp$fxgl: DoubleProperty [bound, value: 1920.0]
08:46:22.874 [FXGL Background Thread 3 ] DEBUG Engine               - sceneFactory: com.almasb.fxgl.app.scene.SceneFactory@28b7150d
08:46:22.875 [FXGL Background Thread 3 ] DEBUG Engine               - secondsIn24h: 60
08:46:22.875 [FXGL Background Thread 3 ] DEBUG Engine               - soundMenuBack: menu/back.wav
08:46:22.875 [FXGL Background Thread 3 ] DEBUG Engine               - soundMenuPress: menu/press.wav
08:46:22.875 [FXGL Background Thread 3 ] DEBUG Engine               - soundMenuSelect: menu/select.wav
08:46:22.875 [FXGL Background Thread 3 ] DEBUG Engine               - soundNotification: core/notification.wav
08:46:22.875 [FXGL Background Thread 3 ] DEBUG Engine               - stageStyle: DECORATED
08:46:22.875 [FXGL Background Thread 3 ] DEBUG Engine               - supportedLanguages: [ENGLISH, FRENCH, GERMAN, HUNGARIAN, RUSSIAN]
08:46:22.875 [FXGL Background Thread 3 ] DEBUG Engine               - ticksPerSecond: -1
08:46:22.875 [FXGL Background Thread 3 ] DEBUG Engine               - title: Overtale
08:46:22.875 [FXGL Background Thread 3 ] DEBUG Engine               - urlGithub: https://github.com/AlmasB/FXGL
08:46:22.875 [FXGL Background Thread 3 ] DEBUG Engine               - urlLeaderboard: http://fxgl-top.herokuapp.com/
08:46:22.875 [FXGL Background Thread 3 ] DEBUG Engine               - urlPOM: https://raw.githubusercontent.com/AlmasB/FXGL/release/README.md
08:46:22.875 [FXGL Background Thread 3 ] DEBUG Engine               - userAppClass: class at.htl.overtale.GameApp
08:46:22.875 [FXGL Background Thread 3 ] DEBUG Engine               - version: 0.1
08:46:22.875 [FXGL Background Thread 3 ] DEBUG Engine               - versionCheckDays: 7
08:46:22.875 [FXGL Background Thread 3 ] DEBUG Engine               - width: 800
08:46:22.875 [FXGL Background Thread 3 ] DEBUG Engine               - Logging services
08:46:22.876 [FXGL Background Thread 3 ] DEBUG Engine               - class com.almasb.fxgl.app.services.FXGLAssetLoaderService
08:46:22.876 [FXGL Background Thread 3 ] DEBUG Engine               - class com.almasb.fxgl.app.FXGLApplication$GameApplicationService
08:46:22.876 [FXGL Background Thread 3 ] DEBUG Engine               - class com.almasb.fxgl.app.services.FXGLDialogService
08:46:22.876 [FXGL Background Thread 3 ] DEBUG Engine               - class com.almasb.fxgl.app.services.IOTaskExecutorService
08:46:22.876 [FXGL Background Thread 3 ] DEBUG Engine               - class com.almasb.fxgl.io.FileSystemService
08:46:22.876 [FXGL Background Thread 3 ] DEBUG Engine               - class com.almasb.fxgl.localization.LocalizationService
08:46:22.876 [FXGL Background Thread 3 ] DEBUG Engine               - class com.almasb.fxgl.app.services.SystemBundleService
08:46:22.876 [FXGL Background Thread 3 ] DEBUG Engine               - class com.almasb.fxgl.profile.SaveLoadService
08:46:22.876 [FXGL Background Thread 3 ] DEBUG Engine               - class com.almasb.fxgl.ui.FXGLUIFactoryServiceProvider
08:46:22.876 [FXGL Background Thread 3 ] DEBUG Engine               - class com.almasb.fxgl.ui.FXGLDialogFactoryServiceProvider
08:46:22.876 [FXGL Background Thread 3 ] DEBUG Engine               - class com.almasb.fxgl.audio.AudioPlayer
08:46:22.876 [FXGL Background Thread 3 ] DEBUG Engine               - class com.almasb.fxgl.notification.impl.NotificationServiceProvider
08:46:22.876 [FXGL Background Thread 3 ] DEBUG Engine               - class com.almasb.fxgl.achievement.AchievementService
08:46:22.876 [FXGL Background Thread 3 ] DEBUG Engine               - class com.almasb.fxgl.cutscene.CutsceneService
08:46:22.876 [FXGL Background Thread 3 ] DEBUG Engine               - class com.almasb.fxgl.minigames.MiniGameService
08:46:22.876 [FXGL Background Thread 3 ] DEBUG Engine               - class com.almasb.fxgl.net.NetService
08:46:22.877 [FXGL Background Thread 3 ] DEBUG Engine               - class com.almasb.fxgl.app.services.UpdaterService
08:46:22.877 [FXGL Background Thread 3 ] DEBUG Engine               - class com.almasb.fxgl.dev.DevService
08:46:24.258 [JavaFX Application Thread] DEBUG PrimaryStageWindow   - Push state: FXGLDefaultMenu
08:46:24.261 [JavaFX Application Thread] DEBUG Input                - Clearing active input actions
08:46:24.266 [JavaFX Application Thread] DEBUG GameApplicationServi - Removing overlay from GameScene and adding to FXGLDefaultMenu
08:46:24.267 [JavaFX Application Thread] DEBUG PrimaryStageWindow   - GameScene -> FXGLDefaultMenu
08:46:25.014 [JavaFX Application Thread] DEBUG PrimaryStageWindow   - Pop state: FXGLDefaultMenu
08:46:25.014 [JavaFX Application Thread] DEBUG Input                - Clearing active input actions
08:46:25.015 [JavaFX Application Thread] DEBUG GameApplicationServi - Removing overlay from FXGLDefaultMenu and adding to GameScene
08:46:25.016 [JavaFX Application Thread] DEBUG PrimaryStageWindow   - GameScene <- FXGLDefaultMenu
08:46:25.595 [JavaFX Application Thread] DEBUG FXGLApplication      - Exiting FXGL
08:46:25.596 [JavaFX Application Thread] DEBUG LoopRunner           - Stopping loop
08:46:25.596 [JavaFX Application Thread] DEBUG SystemBundleService  - Saving FXGL system data
08:46:25.597 [JavaFX Application Thread] DEBUG FileSystemAccess     - Writing to: /home/raphi/Documents/POS/Overtale/system/fxgl.bundle
08:46:25.597 [JavaFX Application Thread] DEBUG Async                - Shutting down background threads
08:46:25.598 [JavaFX Application Thread] DEBUG PrimaryStageWindow   - Closing main window
08:46:25.600 [JavaFX Application Thread] DEBUG Logger               - Closing Logger
